Archive member included to satisfy reference by file (symbol)

C:/Program Files/SEGGER/SEGGER Embedded Studio for ARM 5.44/lib/libc_v7em_t_le_eabi.a(libc_asm.o)
                              Output/Release/Obj/ble_app_beacon_pca10040e_s112/bsp.o (__aeabi_uldivmod)
C:/Program Files/SEGGER/SEGGER Embedded Studio for ARM 5.44/lib/libc_v7em_t_le_eabi.a(libc2.o)
                              Output/Release/Obj/ble_app_beacon_pca10040e_s112/nrf_log_str_formatter.o (isprint)
C:/Program Files/SEGGER/SEGGER Embedded Studio for ARM 5.44/lib/libc_v7em_t_le_eabi.a(libc2_asm.o)
                              Output/Release/Obj/ble_app_beacon_pca10040e_s112/nrf_log_frontend.o (memcpy)
C:/Program Files/SEGGER/SEGGER Embedded Studio for ARM 5.44/lib/libc_v7em_t_le_eabi.a(libvfprintf.o)
                              (__vfprintf_long)
C:/Program Files/SEGGER/SEGGER Embedded Studio for ARM 5.44/lib/libc_v7em_t_le_eabi.a(libvfscanf.o)
                              (__vfscanf_long)
C:/Program Files/SEGGER/SEGGER Embedded Studio for ARM 5.44/lib/libc_v7em_t_le_eabi.a(libc.o)
                              C:/Program Files/SEGGER/SEGGER Embedded Studio for ARM 5.44/lib/libc_v7em_t_le_eabi.a(libc2.o) (__heap_lock)
C:/Program Files/SEGGER/SEGGER Embedded Studio for ARM 5.44/lib/libdebugio_v7em_t_le_eabi.a(libdebugio.o)
                              Output/Release/Obj/ble_app_beacon_pca10040e_s112/thumb_crt0.o (debug_fopen)
C:/Program Files/SEGGER/SEGGER Embedded Studio for ARM 5.44/lib/libdebugio_v7em_t_le_eabi.a(do_nv_debug_operation.o)
                              C:/Program Files/SEGGER/SEGGER Embedded Studio for ARM 5.44/lib/libdebugio_v7em_t_le_eabi.a(libdebugio.o) (__do_nvdebug_operation)
C:/Program Files/SEGGER/SEGGER Embedded Studio for ARM 5.44/lib/libdebugio_v7em_t_le_eabi.a(mempoll_debug_operations.o)
                              (__do_debug_operation_mempoll)
C:/Program Files/SEGGER/SEGGER Embedded Studio for ARM 5.44/lib/libm_v7em_t_le_eabi.a(libm_asm.o)
                              C:/Program Files/SEGGER/SEGGER Embedded Studio for ARM 5.44/lib/libc_v7em_t_le_eabi.a(libc2.o) (__aeabi_fadd)
C:/Program Files/SEGGER/SEGGER Embedded Studio for ARM 5.44/lib/libm_v7em_t_le_eabi.a(libm2.o)
                              C:/Program Files/SEGGER/SEGGER Embedded Studio for ARM 5.44/lib/libc_v7em_t_le_eabi.a(libvfprintf.o) (frexp)

Discarded input sections

 .text          0x0000000000000000        0x0 Output/Release/Obj/ble_app_beacon_pca10040e_s112/thumb_crt0.o
 .data          0x0000000000000000        0x0 Output/Release/Obj/ble_app_beacon_pca10040e_s112/thumb_crt0.o
 .bss           0x0000000000000000        0x0 Output/Release/Obj/ble_app_beacon_pca10040e_s112/thumb_crt0.o
 .text.__aeabi_read_tp
                0x0000000000000000        0x8 Output/Release/Obj/ble_app_beacon_pca10040e_s112/thumb_crt0.o
 .text.abort    0x0000000000000000        0x2 Output/Release/Obj/ble_app_beacon_pca10040e_s112/thumb_crt0.o
 .text.__assert
                0x0000000000000000        0x2 Output/Release/Obj/ble_app_beacon_pca10040e_s112/thumb_crt0.o
 .text.__assert_func
                0x0000000000000000        0x2 Output/Release/Obj/ble_app_beacon_pca10040e_s112/thumb_crt0.o
 .text.__aeabi_assert
                0x0000000000000000        0x2 Output/Release/Obj/ble_app_beacon_pca10040e_s112/thumb_crt0.o
 .text.__sync_synchronize
                0x0000000000000000        0x2 Output/Release/Obj/ble_app_beacon_pca10040e_s112/thumb_crt0.o
 .text.__getchar
                0x0000000000000000        0x4 Output/Release/Obj/ble_app_beacon_pca10040e_s112/thumb_crt0.o
 .text.__putchar
                0x0000000000000000        0x4 Output/Release/Obj/ble_app_beacon_pca10040e_s112/thumb_crt0.o
 .text.__open   0x0000000000000000        0x4 Output/Release/Obj/ble_app_beacon_pca10040e_s112/thumb_crt0.o
 .text.__close  0x0000000000000000        0x4 Output/Release/Obj/ble_app_beacon_pca10040e_s112/thumb_crt0.o
 .text.__write  0x0000000000000000        0xa Output/Release/Obj/ble_app_beacon_pca10040e_s112/thumb_crt0.o
 .text.__read   0x0000000000000000        0xa Output/Release/Obj/ble_app_beacon_pca10040e_s112/thumb_crt0.o
 .text.__seek   0x0000000000000000       0x1a Output/Release/Obj/ble_app_beacon_pca10040e_s112/thumb_crt0.o
 .text.remove   0x0000000000000000        0x4 Output/Release/Obj/ble_app_beacon_pca10040e_s112/thumb_crt0.o
 .text.rename   0x0000000000000000        0x4 Output/Release/Obj/ble_app_beacon_pca10040e_s112/thumb_crt0.o
 .bss.__user_locale_name_buffer
                0x0000000000000000        0x4 Output/Release/Obj/ble_app_beacon_pca10040e_s112/thumb_crt0.o
 .stack         0x0000000000000000        0x0 Output/Release/Obj/ble_app_beacon_pca10040e_s112/thumb_crt0.o
 .stack_process
                0x0000000000000000        0x0 Output/Release/Obj/ble_app_beacon_pca10040e_s112/thumb_crt0.o
 .heap          0x0000000000000000        0x0 Output/Release/Obj/ble_app_beacon_pca10040e_s112/thumb_crt0.o
[...]
Memory Configuration

Name             Origin             Length             Attributes
UNPLACED_SECTIONS 0x0000000100000000 0x0000000000000000 xw
RAM1             0x0000000020000000 0x0000000000006000 xw
FLASH1           0x0000000000000000 0x0000000000030000 xw
*default*        0x0000000000000000 0xffffffffffffffff

Linker script and memory map

                0x0000000000000000                __do_debug_operation = __do_debug_operation_mempoll
                0x0000000000000000                __vfprintf = __vfprintf_long
                0x0000000000000000                __vfscanf = __vfscanf_long
                0x0000000020000000                __RAM1_segment_start__ = 0x20000000
                0x0000000020006000                __RAM1_segment_end__ = 0x20006000
                0x0000000000006000                __RAM1_segment_size__ = 0x6000
                0x0000000000000000                __FLASH1_segment_start__ = 0x0
                0x0000000000030000                __FLASH1_segment_end__ = 0x30000
                0x0000000000030000                __FLASH1_segment_size__ = 0x30000
                0x0000000000000800                __HEAPSIZE__ = 0x800
                0x0000000000000000                __STACKSIZE_PROCESS__ = 0x0
                0x0000000000000800                __STACKSIZE__ = 0x800
                0x0000000020000000                __reserved_ram_load_start__ = 0x20000000

.reserved_ram   0x0000000020000000     0x1118
                0x0000000020000000                __reserved_ram_start__ = .
 *(.reserved_ram .reserved_ram.*)
                0x0000000020001118                . = MAX (((__reserved_ram_start__ + 0x20001118) - 0x20000000), .)
 *fill*         0x0000000020000000     0x1118 
                0x0000000020001118                __reserved_ram_end__ = (__reserved_ram_start__ + SIZEOF (.reserved_ram))
                0x0000000000001118                __reserved_ram_size__ = SIZEOF (.reserved_ram)
                0x0000000020001118                __reserved_ram_load_end__ = __reserved_ram_end__
                0x0000000000000001                . = ASSERT (((__reserved_ram_start__ == __reserved_ram_end__) || ((__reserved_ram_end__ - __RAM1_segment_start__) <= __RAM1_segment_size__)), error: .reserved_ram is too large to fit in RAM1 memory segment)
                0x0000000020001118                __vectors_ram_load_start__ = 0x20001118

.vectors_ram    0x0000000020001118        0x0
                0x0000000020001118                __vectors_ram_start__ = .
                0x0000000020001118                __app_ram_start__ = __vectors_ram_start__
 *(.vectors_ram .vectors_ram.*)
                0x0000000020001118                __vectors_ram_end__ = (__vectors_ram_start__ + SIZEOF (.vectors_ram))
                0x0000000000000000                __vectors_ram_size__ = SIZEOF (.vectors_ram)
                0x0000000020001118                __vectors_ram_load_end__ = __vectors_ram_end__
                0x0000000000000001                . = ASSERT (((__vectors_ram_start__ == __vectors_ram_end__) || ((__vectors_ram_end__ - __RAM1_segment_start__) <= __RAM1_segment_size__)), error: .vectors_ram is too large to fit in RAM1 memory segment)
                0x0000000000000001                . = ASSERT ((__reserved_ram_end__ <= __vectors_ram_start__), error: section .reserved_ram overlaps absolute placed section .vectors_ram)
                0x0000000020001118                __nrf_sections_run_load_start__ = ALIGN (__vectors_ram_end__, 0x4)

.nrf_sections_run
                0x0000000020001118        0x0
                0x0000000020001118                __nrf_sections_run_start__ = .
                0x0000000020001118                __start_nrf_sections_run = __nrf_sections_run_start__
 *(.nrf_sections_run .nrf_sections_run.*)
                0x0000000020001118                __nrf_sections_run_end__ = (__nrf_sections_run_start__ + SIZEOF (.nrf_sections_run))
                0x0000000000000000                __nrf_sections_run_size__ = SIZEOF (.nrf_sections_run)
                0x0000000020001118                __nrf_sections_run_load_end__ = __nrf_sections_run_end__
                0x0000000000000001                . = ASSERT (((__nrf_sections_run_start__ == __nrf_sections_run_end__) || ((__nrf_sections_run_end__ - __RAM1_segment_start__) <= __RAM1_segment_size__)), error: .nrf_sections_run is too large to fit in RAM1 memory segment)
                0x0000000000000000                __reserved_flash_load_start__ = 0x0

.reserved_flash
                0x0000000000000000    0x19000
                0x0000000000000000                __reserved_flash_start__ = .
 *(.reserved_flash .reserved_flash.*)
                0x0000000000019000                . = MAX (((__reserved_flash_start__ + 0x19000) - 0x0), .)
 *fill*         0x0000000000000000    0x19000 
                0x0000000000019000                __reserved_flash_end__ = (__reserved_flash_start__ + SIZEOF (.reserved_flash))
                0x0000000000019000                __reserved_flash_size__ = SIZEOF (.reserved_flash)
                0x0000000000019000                __reserved_flash_load_end__ = __reserved_flash_end__
                0x0000000000000001                . = ASSERT (((__reserved_flash_start__ == __reserved_flash_end__) || ((__reserved_flash_end__ - __FLASH1_segment_start__) <= __FLASH1_segment_size__)), error: .reserved_flash is too large to fit in FLASH1 memory segment)
                0x0000000000019000                __vectors_load_start__ = 0x19000

.vectors        0x0000000000019000      0x200
                0x0000000000019000                __vectors_start__ = .
 *(.vectors .vectors.*)
 .vectors       0x0000000000019000      0x200 Output/Release/Obj/ble_app_beacon_pca10040e_s112/ses_startup_nrf52810.o
                0x0000000000019000                _vectors
                0x0000000000019200                __vectors_end__ = (__vectors_start__ + SIZEOF (.vectors))
                0x0000000000000200                __vectors_size__ = SIZEOF (.vectors)
                0x0000000000019200                __vectors_load_end__ = __vectors_end__
                0x0000000000000001                . = ASSERT (((__vectors_start__ == __vectors_end__) || ((__vectors_end__ - __FLASH1_segment_start__) <= __FLASH1_segment_size__)), error: .vectors is too large to fit in FLASH1 memory segment)
                0x0000000000000001                . = ASSERT ((__reserved_flash_end__ <= __vectors_start__), error: section .reserved_flash overlaps absolute placed section .vectors)
                0x0000000000019200                __init_load_start__ = ALIGN (__vectors_end__, 0x4)

.init           0x0000000000019200      0x1ec
                0x0000000000019200                __init_start__ = .
 *(.init .init.*)
 .init          0x0000000000019200      0x15c Output/Release/Obj/ble_app_beacon_pca10040e_s112/thumb_crt0.o
                0x0000000000019200                _start
                0x00000000000192b4                exit
 .init          0x000000000001935c       0x48 Output/Release/Obj/ble_app_beacon_pca10040e_s112/ses_startup_nrf52810.o
                0x000000000001935c                NMI_Handler
                0x000000000001935e                HardFault_Handler
                0x0000000000019360                MemoryManagement_Handler
                0x0000000000019362                BusFault_Handler
                0x0000000000019364                UsageFault_Handler
                0x0000000000019366                SVC_Handler
                0x0000000000019368                DebugMon_Handler
                0x000000000001936a                PendSV_Handler
                0x000000000001936c                SysTick_Handler
                0x000000000001936e                SWI0_EGU0_IRQHandler
                0x000000000001936e                SWI4_IRQHandler
                0x000000000001936e                TEMP_IRQHandler
                0x000000000001936e                RTC0_IRQHandler
                0x000000000001936e                PDM_IRQHandler
                0x000000000001936e                RADIO_IRQHandler
                0x000000000001936e                SWI5_IRQHandler
                0x000000000001936e                TIMER0_IRQHandler
                0x000000000001936e                Dummy_Handler
                0x000000000001936e                TIMER1_IRQHandler
                0x000000000001936e                ECB_IRQHandler
                0x000000000001936e                SWI3_IRQHandler
                0x000000000001936e                SPIM0_SPIS0_SPI0_IRQHandler
                0x000000000001936e                SAADC_IRQHandler
                0x000000000001936e                CCM_AAR_IRQHandler
                0x000000000001936e                WDT_IRQHandler
                0x000000000001936e                QDEC_IRQHandler
                0x000000000001936e                RNG_IRQHandler
                0x000000000001936e                COMP_IRQHandler
                0x000000000001936e                SWI1_EGU1_IRQHandler
                0x000000000001936e                TWIM0_TWIS0_TWI0_IRQHandler
                0x000000000001936e                TIMER2_IRQHandler
                0x0000000000019370                nRFInitialize
 .init          0x00000000000193a4       0x48 Output/Release/Obj/ble_app_beacon_pca10040e_s112/ses_startup_nrf_common.o
                0x00000000000193a4                Reset_Handler
                0x00000000000193a8                afterInitialize
                0x00000000000193ba                InitializeUserMemorySections
                0x00000000000193ec                __init_end__ = (__init_start__ + SIZEOF (.init))
                0x00000000000001ec                __init_size__ = SIZEOF (.init)
                0x00000000000193ec                __init_load_end__ = __init_end__
                0x0000000000000001                . = ASSERT (((__init_start__ == __init_end__) || ((__init_end__ - __FLASH1_segment_start__) <= __FLASH1_segment_size__)), error: .init is too large to fit in FLASH1 memory segment)
                0x00000000000193ec                __init_rodata_load_start__ = ALIGN (__init_end__, 0x4)

.init_rodata    0x00000000000193ec        0x0
                0x00000000000193ec                __init_rodata_start__ = .
 *(.init_rodata .init_rodata.*)
                0x00000000000193ec                __init_rodata_end__ = (__init_rodata_start__ + SIZEOF (.init_rodata))
                0x0000000000000000                __init_rodata_size__ = SIZEOF (.init_rodata)
                0x00000000000193ec                __init_rodata_load_end__ = __init_rodata_end__
                0x0000000000000001                . = ASSERT (((__init_rodata_start__ == __init_rodata_end__) || ((__init_rodata_end__ - __FLASH1_segment_start__) <= __FLASH1_segment_size__)), error: .init_rodata is too large to fit in FLASH1 memory segment)
                0x00000000000193ec                __text_load_start__ = ALIGN (__init_rodata_end__, 0x4)

.text           0x00000000000193ec     0x438c
                0x00000000000193ec                __text_start__ = .
 *(.text .text.* .glue_7t .glue_7 .gnu.linkonce.t.* .gcc_except_table .ARM.extab* .gnu.linkonce.armextab.*)
 .glue_7        0x00000000000193ec        0x0 linker stubs
 .glue_7t       0x00000000000193ec        0x0 linker stubs
 .text.nrf_log_backend_serial_put
                0x00000000000193ec       0xc2 Output/Release/Obj/ble_app_beacon_pca10040e_s112/nrf_log_backend_serial.o
                0x00000000000193ec                nrf_log_backend_serial_put
 *fill*         0x00000000000194ae        0x2 
 .text.uart_evt_handler
                0x00000000000194b0        0xc Output/Release/Obj/ble_app_beacon_pca10040e_s112/nrf_log_backend_uart.o
 .text.nrf_log_backend_uart_flush
                0x00000000000194bc        0x2 Output/Release/Obj/ble_app_beacon_pca10040e_s112/nrf_log_backend_uart.o
 *fill*         0x00000000000194be        0x2 
 .text.uart_init
                0x00000000000194c0       0x4c Output/Release/Obj/ble_app_beacon_pca10040e_s112/nrf_log_backend_uart.o
 .text.nrf_log_backend_uart_put
                0x000000000001950c       0x1c Output/Release/Obj/ble_app_beacon_pca10040e_s112/nrf_log_backend_uart.o
 .text.serial_tx
                0x0000000000019528       0x48 Output/Release/Obj/ble_app_beacon_pca10040e_s112/nrf_log_backend_uart.o
 .text.nrf_log_backend_uart_panic_set
                0x0000000000019570       0x2c Output/Release/Obj/ble_app_beacon_pca10040e_s112/nrf_log_backend_uart.o
 .text.nrf_log_backend_uart_init
                0x000000000001959c        0x6 Output/Release/Obj/ble_app_beacon_pca10040e_s112/nrf_log_backend_uart.o
                0x000000000001959c                nrf_log_backend_uart_init
 *fill*         0x00000000000195a2        0x2 
 .text.nrf_log_default_backends_init
                0x00000000000195a4       0x20 Output/Release/Obj/ble_app_beacon_pca10040e_s112/nrf_log_default_backends.o
                0x00000000000195a4                nrf_log_default_backends_init
 .text.invalid_packets_omit
                0x00000000000195c4       0x38 Output/Release/Obj/ble_app_beacon_pca10040e_s112/nrf_log_frontend.o
 .text.buf_prealloc
                0x00000000000195fc      0x128 Output/Release/Obj/ble_app_beacon_pca10040e_s112/nrf_log_frontend.o
 .text.nrf_log_init
                0x0000000000019724       0x28 Output/Release/Obj/ble_app_beacon_pca10040e_s112/nrf_log_frontend.o
                0x0000000000019724                nrf_log_init
 .text.nrf_log_module_name_get
                0x000000000001974c       0x38 Output/Release/Obj/ble_app_beacon_pca10040e_s112/nrf_log_frontend.o
                0x000000000001974c                nrf_log_module_name_get
 .text.nrf_log_color_id_get
                0x0000000000019784       0x2c Output/Release/Obj/ble_app_beacon_pca10040e_s112/nrf_log_frontend.o
                0x0000000000019784                nrf_log_color_id_get
 .text.log_pending_hook
                0x00000000000197b0        0x2 Output/Release/Obj/ble_app_beacon_pca10040e_s112/nrf_log_frontend.o
                0x00000000000197b0                log_pending_hook
 *fill*         0x00000000000197b2        0x2 
 .text.buffer_is_empty
                0x00000000000197b4       0x14 Output/Release/Obj/ble_app_beacon_pca10040e_s112/nrf_log_frontend.o
                0x00000000000197b4                buffer_is_empty
 .text.nrf_log_frontend_dequeue
                0x00000000000197c8      0x208 Output/Release/Obj/ble_app_beacon_pca10040e_s112/nrf_log_frontend.o
                0x00000000000197c8                nrf_log_frontend_dequeue
 .text.std_n    0x00000000000199d0       0x90 Output/Release/Obj/ble_app_beacon_pca10040e_s112/nrf_log_frontend.o
 .text.nrf_log_frontend_std_0
                0x0000000000019a60        0x8 Output/Release/Obj/ble_app_beacon_pca10040e_s112/nrf_log_frontend.o
                0x0000000000019a60                nrf_log_frontend_std_0
 .text.nrf_log_frontend_std_1
                0x0000000000019a68       0x12 Output/Release/Obj/ble_app_beacon_pca10040e_s112/nrf_log_frontend.o
                0x0000000000019a68                nrf_log_frontend_std_1
 .text.nrf_log_frontend_std_2
                0x0000000000019a7a       0x14 Output/Release/Obj/ble_app_beacon_pca10040e_s112/nrf_log_frontend.o
                0x0000000000019a7a                nrf_log_frontend_std_2
 *fill*         0x0000000000019a8e        0x2 
 .text.nrf_log_backend_add
                0x0000000000019a90       0x44 Output/Release/Obj/ble_app_beacon_pca10040e_s112/nrf_log_frontend.o
                0x0000000000019a90                nrf_log_backend_add
 .text.nrf_log_panic
                0x0000000000019ad4       0x28 Output/Release/Obj/ble_app_beacon_pca10040e_s112/nrf_log_frontend.o
                0x0000000000019ad4                nrf_log_panic
 .text.prefix_process
                0x0000000000019afc       0x78 Output/Release/Obj/ble_app_beacon_pca10040e_s112/nrf_log_str_formatter.o
 .text.postfix_process
                0x0000000000019b74       0x3c Output/Release/Obj/ble_app_beacon_pca10040e_s112/nrf_log_str_formatter.o
 .text.nrf_log_std_entry_process
                0x0000000000019bb0       0xc8 Output/Release/Obj/ble_app_beacon_pca10040e_s112/nrf_log_str_formatter.o
                0x0000000000019bb0                nrf_log_std_entry_process
 .text.nrf_log_hexdump_entry_process
                0x0000000000019c78       0xc0 Output/Release/Obj/ble_app_beacon_pca10040e_s112/nrf_log_str_formatter.o
                0x0000000000019c78                nrf_log_hexdump_entry_process
 .text.state_set
                0x0000000000019d38       0x24 Output/Release/Obj/ble_app_beacon_pca10040e_s112/app_button.o
 .text.button_get
                0x0000000000019d5c       0x30 Output/Release/Obj/ble_app_beacon_pca10040e_s112/app_button.o
 .text.usr_event
                0x0000000000019d8c       0x1c Output/Release/Obj/ble_app_beacon_pca10040e_s112/app_button.o
 .text.timer_start
                0x0000000000019da8       0x18 Output/Release/Obj/ble_app_beacon_pca10040e_s112/app_button.o
 .text.gpiote_event_handler
                0x0000000000019dc0       0x34 Output/Release/Obj/ble_app_beacon_pca10040e_s112/app_button.o
 .text.evt_handle
                0x0000000000019df4       0xec Output/Release/Obj/ble_app_beacon_pca10040e_s112/app_button.o
                0x0000000000019df4                evt_handle
 .text.detection_delay_timeout_handler
                0x0000000000019ee0       0x5c Output/Release/Obj/ble_app_beacon_pca10040e_s112/app_button.o
 .text.app_button_init
                0x0000000000019f3c       0xb0 Output/Release/Obj/ble_app_beacon_pca10040e_s112/app_button.o
                0x0000000000019f3c                app_button_init
 .text.app_button_enable
                0x0000000000019fec       0x2c Output/Release/Obj/ble_app_beacon_pca10040e_s112/app_button.o
                0x0000000000019fec                app_button_enable
 .text.app_error_handler_bare
                0x000000000001a018       0x1a Output/Release/Obj/ble_app_beacon_pca10040e_s112/app_error.o
                0x000000000001a018                app_error_handler_bare
 *fill*         0x000000000001a032        0x2 
 .text.app_error_fault_handler
                0x000000000001a034       0x6c Output/Release/Obj/ble_app_beacon_pca10040e_s112/app_error_weak.o
                0x000000000001a034                app_error_fault_handler
 .text.compare_func
                0x000000000001a0a0       0x18 Output/Release/Obj/ble_app_beacon_pca10040e_s112/app_timer2.o
 .text.get_now  0x000000000001a0b8       0x38 Output/Release/Obj/ble_app_beacon_pca10040e_s112/app_timer2.o
 .text.timer_req_schedule
                0x000000000001a0f0       0x38 Output/Release/Obj/ble_app_beacon_pca10040e_s112/app_timer2.o
 .text.timer_expire
                0x000000000001a128       0xb0 Output/Release/Obj/ble_app_beacon_pca10040e_s112/app_timer2.o
 .text.app_timer_init
                0x000000000001a1d8       0x64 Output/Release/Obj/ble_app_beacon_pca10040e_s112/app_timer2.o
                0x000000000001a1d8                app_timer_init
 .text.app_timer_create
                0x000000000001a23c       0x24 Output/Release/Obj/ble_app_beacon_pca10040e_s112/app_timer2.o
                0x000000000001a23c                app_timer_create
 .text.app_timer_start
                0x000000000001a260       0x5c Output/Release/Obj/ble_app_beacon_pca10040e_s112/app_timer2.o
                0x000000000001a260                app_timer_start
 .text.app_timer_stop
                0x000000000001a2bc       0x4e Output/Release/Obj/ble_app_beacon_pca10040e_s112/app_timer2.o
                0x000000000001a2bc                app_timer_stop
 *fill*         0x000000000001a30a        0x2 
 .text.app_timer_cnt_get
                0x000000000001a30c        0xc Output/Release/Obj/ble_app_beacon_pca10040e_s112/app_timer2.o
                0x000000000001a30c                app_timer_cnt_get
 .text.rtc_irq  0x000000000001a318      0x1bc Output/Release/Obj/ble_app_beacon_pca10040e_s112/app_timer2.o
 .text.app_util_critical_region_enter
                0x000000000001a4d4       0x48 Output/Release/Obj/ble_app_beacon_pca10040e_s112/app_util_platform.o
                0x000000000001a4d4                app_util_critical_region_enter
 .text.app_util_critical_region_exit
                0x000000000001a51c       0x2c Output/Release/Obj/ble_app_beacon_pca10040e_s112/app_util_platform.o
                0x000000000001a51c                app_util_critical_region_exit
 .text.evt_pending.isra.0
                0x000000000001a548       0x18 Output/Release/Obj/ble_app_beacon_pca10040e_s112/drv_rtc.o
 .text.drv_rtc_init
                0x000000000001a560       0xa4 Output/Release/Obj/ble_app_beacon_pca10040e_s112/drv_rtc.o
                0x000000000001a560                drv_rtc_init
 .text.drv_rtc_start
                0x000000000001a604        0x8 Output/Release/Obj/ble_app_beacon_pca10040e_s112/drv_rtc.o
                0x000000000001a604                drv_rtc_start
 .text.drv_rtc_stop
                0x000000000001a60c        0x8 Output/Release/Obj/ble_app_beacon_pca10040e_s112/drv_rtc.o
                0x000000000001a60c                drv_rtc_stop
 .text.drv_rtc_compare_set
                0x000000000001a614       0x3e Output/Release/Obj/ble_app_beacon_pca10040e_s112/drv_rtc.o
                0x000000000001a614                drv_rtc_compare_set
 *fill*         0x000000000001a652        0x2 
 .text.drv_rtc_windowed_compare_set
                0x000000000001a654       0xf0 Output/Release/Obj/ble_app_beacon_pca10040e_s112/drv_rtc.o
                0x000000000001a654                drv_rtc_windowed_compare_set
 .text.drv_rtc_overflow_enable
                0x000000000001a744       0x10 Output/Release/Obj/ble_app_beacon_pca10040e_s112/drv_rtc.o
                0x000000000001a744                drv_rtc_overflow_enable
 .text.drv_rtc_overflow_pending
                0x000000000001a754        0xa Output/Release/Obj/ble_app_beacon_pca10040e_s112/drv_rtc.o
                0x000000000001a754                drv_rtc_overflow_pending
 .text.drv_rtc_compare_disable
                0x000000000001a75e       0x14 Output/Release/Obj/ble_app_beacon_pca10040e_s112/drv_rtc.o
                0x000000000001a75e                drv_rtc_compare_disable
 .text.drv_rtc_compare_pending
                0x000000000001a772        0xc Output/Release/Obj/ble_app_beacon_pca10040e_s112/drv_rtc.o
                0x000000000001a772                drv_rtc_compare_pending
 .text.drv_rtc_counter_get
                0x000000000001a77e        0x8 Output/Release/Obj/ble_app_beacon_pca10040e_s112/drv_rtc.o
                0x000000000001a77e                drv_rtc_counter_get
 *fill*         0x000000000001a786        0x2 
 .text.drv_rtc_irq_trigger
                0x000000000001a788       0x24 Output/Release/Obj/ble_app_beacon_pca10040e_s112/drv_rtc.o
                0x000000000001a788                drv_rtc_irq_trigger
 .text.RTC1_IRQHandler
                0x000000000001a7ac       0x14 Output/Release/Obj/ble_app_beacon_pca10040e_s112/drv_rtc.o
                0x000000000001a7ac                RTC1_IRQHandler
 .text.nrf_atfifo_init
                0x000000000001a7c0       0x26 Output/Release/Obj/ble_app_beacon_pca10040e_s112/nrf_atfifo.o
                0x000000000001a7c0                nrf_atfifo_init
 .text.nrf_atfifo_item_alloc
                0x000000000001a7e6       0x54 Output/Release/Obj/ble_app_beacon_pca10040e_s112/nrf_atfifo.o
                0x000000000001a7e6                nrf_atfifo_item_alloc
 .text.nrf_atfifo_item_put
                0x000000000001a83a       0x20 Output/Release/Obj/ble_app_beacon_pca10040e_s112/nrf_atfifo.o
                0x000000000001a83a                nrf_atfifo_item_put
 .text.nrf_atfifo_item_get
                0x000000000001a85a       0x56 Output/Release/Obj/ble_app_beacon_pca10040e_s112/nrf_atfifo.o
                0x000000000001a85a                nrf_atfifo_item_get
 .text.nrf_atfifo_item_free
                0x000000000001a8b0       0x20 Output/Release/Obj/ble_app_beacon_pca10040e_s112/nrf_atfifo.o
                0x000000000001a8b0                nrf_atfifo_item_free
 .text.nrf_atomic_u32_fetch_store
                0x000000000001a8d0       0x16 Output/Release/Obj/ble_app_beacon_pca10040e_s112/nrf_atomic.o
                0x000000000001a8d0                nrf_atomic_u32_fetch_store
 .text.nrf_atomic_u32_or
                0x000000000001a8e6       0x18 Output/Release/Obj/ble_app_beacon_pca10040e_s112/nrf_atomic.o
                0x000000000001a8e6                nrf_atomic_u32_or
 .text.nrf_atomic_u32_fetch_and
                0x000000000001a8fe       0x18 Output/Release/Obj/ble_app_beacon_pca10040e_s112/nrf_atomic.o
                0x000000000001a8fe                nrf_atomic_u32_fetch_and
 .text.nrf_atomic_u32_add
                0x000000000001a916       0x18 Output/Release/Obj/ble_app_beacon_pca10040e_s112/nrf_atomic.o
                0x000000000001a916                nrf_atomic_u32_add
 .text.nrf_atomic_u32_sub
                0x000000000001a92e       0x18 Output/Release/Obj/ble_app_beacon_pca10040e_s112/nrf_atomic.o
                0x000000000001a92e                nrf_atomic_u32_sub
 .text.nrf_atomic_flag_set
                0x000000000001a946        0x6 Output/Release/Obj/ble_app_beacon_pca10040e_s112/nrf_atomic.o
                0x000000000001a946                nrf_atomic_flag_set
 .text.nrf_atomic_flag_clear_fetch
                0x000000000001a94c        0x6 Output/Release/Obj/ble_app_beacon_pca10040e_s112/nrf_atomic.o
                0x000000000001a94c                nrf_atomic_flag_clear_fetch
 .text.nrf_balloc_init
                0x000000000001a952       0x2e Output/Release/Obj/ble_app_beacon_pca10040e_s112/nrf_balloc.o
                0x000000000001a952                nrf_balloc_init
 .text.nrf_balloc_alloc
                0x000000000001a980       0x48 Output/Release/Obj/ble_app_beacon_pca10040e_s112/nrf_balloc.o
                0x000000000001a980                nrf_balloc_alloc
 .text.nrf_balloc_free
                0x000000000001a9c8       0x34 Output/Release/Obj/ble_app_beacon_pca10040e_s112/nrf_balloc.o
                0x000000000001a9c8                nrf_balloc_free
 .text.nrf_fprintf_buffer_flush
                0x000000000001a9fc       0x16 Output/Release/Obj/ble_app_beacon_pca10040e_s112/nrf_fprintf.o
                0x000000000001a9fc                nrf_fprintf_buffer_flush
 .text.nrf_fprintf
                0x000000000001aa12       0x1c Output/Release/Obj/ble_app_beacon_pca10040e_s112/nrf_fprintf.o
                0x000000000001aa12                nrf_fprintf
 .text.buffer_add
                0x000000000001aa2e       0x2e Output/Release/Obj/ble_app_beacon_pca10040e_s112/nrf_fprintf_format.o
 .text.unsigned_print
                0x000000000001aa5c       0xb4 Output/Release/Obj/ble_app_beacon_pca10040e_s112/nrf_fprintf_format.o
 .text.nrf_fprintf_fmt
                0x000000000001ab10      0x294 Output/Release/Obj/ble_app_beacon_pca10040e_s112/nrf_fprintf_format.o
                0x000000000001ab10                nrf_fprintf_fmt
 .text.memobj_op
                0x000000000001ada4       0x86 Output/Release/Obj/ble_app_beacon_pca10040e_s112/nrf_memobj.o
 .text.nrf_memobj_pool_init
                0x000000000001ae2a        0x4 Output/Release/Obj/ble_app_beacon_pca10040e_s112/nrf_memobj.o
                0x000000000001ae2a                nrf_memobj_pool_init
 .text.nrf_memobj_free
                0x000000000001ae2e       0x2c Output/Release/Obj/ble_app_beacon_pca10040e_s112/nrf_memobj.o
                0x000000000001ae2e                nrf_memobj_free
 .text.nrf_memobj_alloc
                0x000000000001ae5a       0x5e Output/Release/Obj/ble_app_beacon_pca10040e_s112/nrf_memobj.o
                0x000000000001ae5a                nrf_memobj_alloc
 .text.nrf_memobj_get
                0x000000000001aeb8        0x8 Output/Release/Obj/ble_app_beacon_pca10040e_s112/nrf_memobj.o
                0x000000000001aeb8                nrf_memobj_get
 .text.nrf_memobj_put
                0x000000000001aec0       0x1c Output/Release/Obj/ble_app_beacon_pca10040e_s112/nrf_memobj.o
                0x000000000001aec0                nrf_memobj_put
 .text.nrf_memobj_write
                0x000000000001aedc       0x14 Output/Release/Obj/ble_app_beacon_pca10040e_s112/nrf_memobj.o
                0x000000000001aedc                nrf_memobj_write
 .text.nrf_memobj_read
                0x000000000001aef0       0x14 Output/Release/Obj/ble_app_beacon_pca10040e_s112/nrf_memobj.o
                0x000000000001aef0                nrf_memobj_read
 .text.sd_app_evt_wait
                0x000000000001af04        0x4 Output/Release/Obj/ble_app_beacon_pca10040e_s112/nrf_pwr_mgmt.o
 .text.nrf_pwr_mgmt_init
                0x000000000001af08       0x2c Output/Release/Obj/ble_app_beacon_pca10040e_s112/nrf_pwr_mgmt.o
                0x000000000001af08                nrf_pwr_mgmt_init
 .text.nrf_pwr_mgmt_run
                0x000000000001af34       0x18 Output/Release/Obj/ble_app_beacon_pca10040e_s112/nrf_pwr_mgmt.o
                0x000000000001af34                nrf_pwr_mgmt_run
 .text.nrf_ringbuf_init
                0x000000000001af4c       0x12 Output/Release/Obj/ble_app_beacon_pca10040e_s112/nrf_ringbuf.o
                0x000000000001af4c                nrf_ringbuf_init
 .text.nrf_section_iter_init
                0x000000000001af5e       0x14 Output/Release/Obj/ble_app_beacon_pca10040e_s112/nrf_section_iter.o
                0x000000000001af5e                nrf_section_iter_init
 .text.nrf_section_iter_next
                0x000000000001af72       0x18 Output/Release/Obj/ble_app_beacon_pca10040e_s112/nrf_section_iter.o
                0x000000000001af72                nrf_section_iter_next
 .text.nrf_sortlist_add
                0x000000000001af8a       0x20 Output/Release/Obj/ble_app_beacon_pca10040e_s112/nrf_sortlist.o
                0x000000000001af8a                nrf_sortlist_add
 .text.nrf_sortlist_pop
                0x000000000001afaa        0xc Output/Release/Obj/ble_app_beacon_pca10040e_s112/nrf_sortlist.o
                0x000000000001afaa                nrf_sortlist_pop
 .text.nrf_sortlist_peek
                0x000000000001afb6        0x6 Output/Release/Obj/ble_app_beacon_pca10040e_s112/nrf_sortlist.o
                0x000000000001afb6                nrf_sortlist_peek
 .text.nrf_sortlist_remove
                0x000000000001afbc       0x1a Output/Release/Obj/ble_app_beacon_pca10040e_s112/nrf_sortlist.o
                0x000000000001afbc                nrf_sortlist_remove
 *fill*         0x000000000001afd6        0x2 
 .text.nrf_strerror_find
                0x000000000001afd8       0x3c Output/Release/Obj/ble_app_beacon_pca10040e_s112/nrf_strerror.o
                0x000000000001afd8                nrf_strerror_find
 .text.nrf_strerror_get
                0x000000000001b014       0x14 Output/Release/Obj/ble_app_beacon_pca10040e_s112/nrf_strerror.o
                0x000000000001b014                nrf_strerror_get
 .text.__NVIC_SystemReset
                0x000000000001b028       0x24 Output/Release/Obj/ble_app_beacon_pca10040e_s112/system_nrf52810.o
 .text.nrf52_errata_12
                0x000000000001b04c       0x1c Output/Release/Obj/ble_app_beacon_pca10040e_s112/system_nrf52810.o
 .text.nrf52_errata_16
                0x000000000001b068       0x28 Output/Release/Obj/ble_app_beacon_pca10040e_s112/system_nrf52810.o
 .text.nrf52_errata_31
                0x000000000001b090       0x26 Output/Release/Obj/ble_app_beacon_pca10040e_s112/system_nrf52810.o
 *fill*         0x000000000001b0b6        0x2 
 .text.nvmc_wait
                0x000000000001b0b8       0x10 Output/Release/Obj/ble_app_beacon_pca10040e_s112/system_nrf52810.o
                0x000000000001b0b8                nvmc_wait
 .text.SystemInit
                0x000000000001b0c8      0x2b4 Output/Release/Obj/ble_app_beacon_pca10040e_s112/system_nrf52810.o
                0x000000000001b0c8                SystemInit
 .text.bsp_board_led_state_get
                0x000000000001b37c       0x1c Output/Release/Obj/ble_app_beacon_pca10040e_s112/boards.o
                0x000000000001b37c                bsp_board_led_state_get
 .text.bsp_board_led_on
                0x000000000001b398       0x18 Output/Release/Obj/ble_app_beacon_pca10040e_s112/boards.o
                0x000000000001b398                bsp_board_led_on
 .text.bsp_board_led_off
                0x000000000001b3b0       0x18 Output/Release/Obj/ble_app_beacon_pca10040e_s112/boards.o
                0x000000000001b3b0                bsp_board_led_off
 .text.bsp_board_leds_off
                0x000000000001b3c8       0x1e Output/Release/Obj/ble_app_beacon_pca10040e_s112/boards.o
                0x000000000001b3c8                bsp_board_leds_off
 .text.bsp_board_leds_on
                0x000000000001b3e6       0x1e Output/Release/Obj/ble_app_beacon_pca10040e_s112/boards.o
                0x000000000001b3e6                bsp_board_leds_on
 .text.bsp_board_led_invert
                0x000000000001b404       0x24 Output/Release/Obj/ble_app_beacon_pca10040e_s112/boards.o
                0x000000000001b404                bsp_board_led_invert
 .text.bsp_board_pin_to_button_idx
                0x000000000001b428       0x24 Output/Release/Obj/ble_app_beacon_pca10040e_s112/boards.o
                0x000000000001b428                bsp_board_pin_to_button_idx
 .text.bsp_board_init
                0x000000000001b44c       0x3e Output/Release/Obj/ble_app_beacon_pca10040e_s112/boards.o
                0x000000000001b44c                bsp_board_init
 *fill*         0x000000000001b48a        0x2 
 .text.clock_clk_started_notify
                0x000000000001b48c       0x24 Output/Release/Obj/ble_app_beacon_pca10040e_s112/nrf_drv_clock.o
 .text.clock_irq_handler
                0x000000000001b4b0       0x1c Output/Release/Obj/ble_app_beacon_pca10040e_s112/nrf_drv_clock.o
 .text.soc_evt_handler
                0x000000000001b4cc       0x14 Output/Release/Obj/ble_app_beacon_pca10040e_s112/nrf_drv_clock.o
 .text.nrf_drv_clock_init
                0x000000000001b4e0       0x48 Output/Release/Obj/ble_app_beacon_pca10040e_s112/nrf_drv_clock.o
                0x000000000001b4e0                nrf_drv_clock_init
 .text.nrf_drv_clock_lfclk_release
                0x000000000001b528       0x40 Output/Release/Obj/ble_app_beacon_pca10040e_s112/nrf_drv_clock.o
                0x000000000001b528                nrf_drv_clock_lfclk_release
 .text.sd_state_evt_handler
                0x000000000001b568       0x64 Output/Release/Obj/ble_app_beacon_pca10040e_s112/nrf_drv_clock.o
 .text.uarte_evt_handler
                0x000000000001b5cc       0x34 Output/Release/Obj/ble_app_beacon_pca10040e_s112/nrf_drv_uart.o
 .text.uart_evt_handler
                0x000000000001b600       0x34 Output/Release/Obj/ble_app_beacon_pca10040e_s112/nrf_drv_uart.o
 .text.nrf_drv_uart_init
                0x000000000001b634       0x7c Output/Release/Obj/ble_app_beacon_pca10040e_s112/nrf_drv_uart.o
                0x000000000001b634                nrf_drv_uart_init
 .text.nrf_clock_event_clear
                0x000000000001b6b0       0x14 Output/Release/Obj/ble_app_beacon_pca10040e_s112/nrfx_clock.o
 .text.nrfx_clock_init
                0x000000000001b6c4       0x18 Output/Release/Obj/ble_app_beacon_pca10040e_s112/nrfx_clock.o
                0x000000000001b6c4                nrfx_clock_init
 .text.nrfx_clock_enable
                0x000000000001b6dc       0x24 Output/Release/Obj/ble_app_beacon_pca10040e_s112/nrfx_clock.o
                0x000000000001b6dc                nrfx_clock_enable
 .text.nrfx_clock_lfclk_stop
                0x000000000001b700       0x22 Output/Release/Obj/ble_app_beacon_pca10040e_s112/nrfx_clock.o
                0x000000000001b700                nrfx_clock_lfclk_stop
 *fill*         0x000000000001b722        0x2 
 .text.POWER_CLOCK_IRQHandler
                0x000000000001b724       0x50 Output/Release/Obj/ble_app_beacon_pca10040e_s112/nrfx_clock.o
                0x000000000001b724                POWER_CLOCK_IRQHandler
 .text.nrf_gpiote_event_clear
                0x000000000001b774       0x18 Output/Release/Obj/ble_app_beacon_pca10040e_s112/nrfx_gpiote.o
 .text.nrf_gpio_cfg_sense_set
                0x000000000001b78c       0x20 Output/Release/Obj/ble_app_beacon_pca10040e_s112/nrfx_gpiote.o
 .text.channel_free
                0x000000000001b7ac       0x1c Output/Release/Obj/ble_app_beacon_pca10040e_s112/nrfx_gpiote.o
 .text.nrfx_gpiote_init
                0x000000000001b7c8       0x70 Output/Release/Obj/ble_app_beacon_pca10040e_s112/nrfx_gpiote.o
                0x000000000001b7c8                nrfx_gpiote_init
 .text.nrfx_gpiote_is_init
                0x000000000001b838       0x14 Output/Release/Obj/ble_app_beacon_pca10040e_s112/nrfx_gpiote.o
                0x000000000001b838                nrfx_gpiote_is_init
 .text.nrfx_gpiote_in_init
                0x000000000001b84c       0xf0 Output/Release/Obj/ble_app_beacon_pca10040e_s112/nrfx_gpiote.o
                0x000000000001b84c                nrfx_gpiote_in_init
 .text.nrfx_gpiote_in_event_enable
                0x000000000001b93c       0x8c Output/Release/Obj/ble_app_beacon_pca10040e_s112/nrfx_gpiote.o
                0x000000000001b93c                nrfx_gpiote_in_event_enable
 .text.nrfx_gpiote_in_is_set
                0x000000000001b9c8       0x12 Output/Release/Obj/ble_app_beacon_pca10040e_s112/nrfx_gpiote.o
                0x000000000001b9c8                nrfx_gpiote_in_is_set
 *fill*         0x000000000001b9da        0x2 
 .text.GPIOTE_IRQHandler
                0x000000000001b9dc      0x14c Output/Release/Obj/ble_app_beacon_pca10040e_s112/nrfx_gpiote.o
                0x000000000001b9dc                GPIOTE_IRQHandler
 .text.UARTE0_UART0_IRQHandler
                0x000000000001bb28        0xc Output/Release/Obj/ble_app_beacon_pca10040e_s112/nrfx_prs.o
                0x000000000001bb28                UARTE0_UART0_IRQHandler
 .text.nrfx_prs_acquire
                0x000000000001bb34       0x44 Output/Release/Obj/ble_app_beacon_pca10040e_s112/nrfx_prs.o
                0x000000000001bb34                nrfx_prs_acquire
 .text.nrfx_prs_release
                0x000000000001bb78       0x18 Output/Release/Obj/ble_app_beacon_pca10040e_s112/nrfx_prs.o
                0x000000000001bb78                nrfx_prs_release
 .text.nrf_uart_event_clear
                0x000000000001bb90       0x10 Output/Release/Obj/ble_app_beacon_pca10040e_s112/nrfx_uart.o
 .text.tx_byte  0x000000000001bba0       0x1e Output/Release/Obj/ble_app_beacon_pca10040e_s112/nrfx_uart.o
 .text.rx_byte  0x000000000001bbbe       0x2c Output/Release/Obj/ble_app_beacon_pca10040e_s112/nrfx_uart.o
 *fill*         0x000000000001bbea        0x2 
 .text.rx_done_event.constprop.0
                0x000000000001bbec       0x20 Output/Release/Obj/ble_app_beacon_pca10040e_s112/nrfx_uart.o
 .text.nrfx_uart_0_irq_handler
                0x000000000001bc0c      0x140 Output/Release/Obj/ble_app_beacon_pca10040e_s112/nrfx_uart.o
                0x000000000001bc0c                nrfx_uart_0_irq_handler
 .text.nrfx_uart_init
                0x000000000001bd4c      0x168 Output/Release/Obj/ble_app_beacon_pca10040e_s112/nrfx_uart.o
                0x000000000001bd4c                nrfx_uart_init
 .text.nrfx_uart_uninit
                0x000000000001beb4       0xd4 Output/Release/Obj/ble_app_beacon_pca10040e_s112/nrfx_uart.o
                0x000000000001beb4                nrfx_uart_uninit
 .text.nrfx_uart_tx_in_progress
                0x000000000001bf88       0x18 Output/Release/Obj/ble_app_beacon_pca10040e_s112/nrfx_uart.o
                0x000000000001bf88                nrfx_uart_tx_in_progress
 .text.nrfx_uart_tx
                0x000000000001bfa0       0xa0 Output/Release/Obj/ble_app_beacon_pca10040e_s112/nrfx_uart.o
                0x000000000001bfa0                nrfx_uart_tx
 .text.nrf_uarte_event_clear
                0x000000000001c040       0x10 Output/Release/Obj/ble_app_beacon_pca10040e_s112/nrfx_uarte.o
 .text.rx_done_event.constprop.0
                0x000000000001c050       0x20 Output/Release/Obj/ble_app_beacon_pca10040e_s112/nrfx_uarte.o
 .text.nrfx_uarte_0_irq_handler
                0x000000000001c070      0x118 Output/Release/Obj/ble_app_beacon_pca10040e_s112/nrfx_uarte.o
                0x000000000001c070                nrfx_uarte_0_irq_handler
 .text.nrfx_uarte_init
                0x000000000001c188      0x184 Output/Release/Obj/ble_app_beacon_pca10040e_s112/nrfx_uarte.o
                0x000000000001c188                nrfx_uarte_init
 .text.nrfx_uarte_uninit
                0x000000000001c30c      0x120 Output/Release/Obj/ble_app_beacon_pca10040e_s112/nrfx_uarte.o
                0x000000000001c30c                nrfx_uarte_uninit
 .text.nrfx_uarte_tx_in_progress
                0x000000000001c42c       0x18 Output/Release/Obj/ble_app_beacon_pca10040e_s112/nrfx_uarte.o
                0x000000000001c42c                nrfx_uarte_tx_in_progress
 .text.nrfx_uarte_tx
                0x000000000001c444       0x9c Output/Release/Obj/ble_app_beacon_pca10040e_s112/nrfx_uarte.o
                0x000000000001c444                nrfx_uarte_tx
 .text.nrf_pwm_event_clear
                0x000000000001c4e0       0x10 Output/Release/Obj/ble_app_beacon_pca10040e_s112/nrfx_pwm.o
 .text.start_playback
                0x000000000001c4f0       0x4c Output/Release/Obj/ble_app_beacon_pca10040e_s112/nrfx_pwm.o
 .text.nrfx_pwm_init
                0x000000000001c53c      0x134 Output/Release/Obj/ble_app_beacon_pca10040e_s112/nrfx_pwm.o
                0x000000000001c53c                nrfx_pwm_init
 .text.nrfx_pwm_complex_playback
                0x000000000001c670       0x68 Output/Release/Obj/ble_app_beacon_pca10040e_s112/nrfx_pwm.o
                0x000000000001c670                nrfx_pwm_complex_playback
 .text.PWM0_IRQHandler
                0x000000000001c6d8       0x90 Output/Release/Obj/ble_app_beacon_pca10040e_s112/nrfx_pwm.o
                0x000000000001c6d8                PWM0_IRQHandler
 .text.alert_timer_handler
                0x000000000001c768        0x6 Output/Release/Obj/ble_app_beacon_pca10040e_s112/bsp.o
 *fill*         0x000000000001c76e        0x2 
 .text.bsp_button_event_handler
                0x000000000001c770       0x9c Output/Release/Obj/ble_app_beacon_pca10040e_s112/bsp.o
 .text.button_timer_handler
                0x000000000001c80c        0x8 Output/Release/Obj/ble_app_beacon_pca10040e_s112/bsp.o
 .text.leds_off
                0x000000000001c814       0x2c Output/Release/Obj/ble_app_beacon_pca10040e_s112/bsp.o
 .text.bsp_led_indication
                0x000000000001c840      0x200 Output/Release/Obj/ble_app_beacon_pca10040e_s112/bsp.o
 .text.leds_timer_handler
                0x000000000001ca40       0x1c Output/Release/Obj/ble_app_beacon_pca10040e_s112/bsp.o
 .text.bsp_indication_set
                0x000000000001ca5c       0x18 Output/Release/Obj/ble_app_beacon_pca10040e_s112/bsp.o
                0x000000000001ca5c                bsp_indication_set
 .text.bsp_init
                0x000000000001ca74       0x9c Output/Release/Obj/ble_app_beacon_pca10040e_s112/bsp.o
                0x000000000001ca74                bsp_init
 .text.sd_ble_gap_adv_set_configure
                0x000000000001cb10        0x4 Output/Release/Obj/ble_app_beacon_pca10040e_s112/main.o
 .text.sd_ble_gap_adv_start
                0x000000000001cb14        0x4 Output/Release/Obj/ble_app_beacon_pca10040e_s112/main.o
 .text.demo1_handler
                0x000000000001cb18        0x2 Output/Release/Obj/ble_app_beacon_pca10040e_s112/main.o
 *fill*         0x000000000001cb1a        0x2 
 .text.startup.main
                0x000000000001cb1c      0x178 Output/Release/Obj/ble_app_beacon_pca10040e_s112/main.o
                0x000000000001cb1c                main
 .text.sd_ble_gap_addr_get
                0x000000000001cc94        0x4 Output/Release/Obj/ble_app_beacon_pca10040e_s112/ble_advdata.o
 .text.sd_ble_gap_appearance_get
                0x000000000001cc98        0x4 Output/Release/Obj/ble_app_beacon_pca10040e_s112/ble_advdata.o
 .text.sd_ble_gap_device_name_get
                0x000000000001cc9c        0x4 Output/Release/Obj/ble_app_beacon_pca10040e_s112/ble_advdata.o
 .text.sd_ble_uuid_encode
                0x000000000001cca0        0x4 Output/Release/Obj/ble_app_beacon_pca10040e_s112/ble_advdata.o
 .text.uuid_list_sized_encode
                0x000000000001cca4       0xac Output/Release/Obj/ble_app_beacon_pca10040e_s112/ble_advdata.o
 .text.uuid_list_encode
                0x000000000001cd50       0x38 Output/Release/Obj/ble_app_beacon_pca10040e_s112/ble_advdata.o
 .text.ble_advdata_encode
                0x000000000001cd88      0x394 Output/Release/Obj/ble_app_beacon_pca10040e_s112/ble_advdata.o
                0x000000000001cd88                ble_advdata_encode
 .text.sd_softdevice_enable
                0x000000000001d11c        0x4 Output/Release/Obj/ble_app_beacon_pca10040e_s112/nrf_sdh.o
 .text.sdh_request_observer_notify
                0x000000000001d120       0x30 Output/Release/Obj/ble_app_beacon_pca10040e_s112/nrf_sdh.o
 .text.sdh_state_observer_notify
                0x000000000001d150       0x28 Output/Release/Obj/ble_app_beacon_pca10040e_s112/nrf_sdh.o
 .text.softdevices_evt_irq_enable
                0x000000000001d178       0x38 Output/Release/Obj/ble_app_beacon_pca10040e_s112/nrf_sdh.o
 .text.nrf_sdh_enable_request
                0x000000000001d1b0       0x7c Output/Release/Obj/ble_app_beacon_pca10040e_s112/nrf_sdh.o
                0x000000000001d1b0                nrf_sdh_enable_request
 .text.nrf_sdh_is_enabled
                0x000000000001d22c        0xc Output/Release/Obj/ble_app_beacon_pca10040e_s112/nrf_sdh.o
                0x000000000001d22c                nrf_sdh_is_enabled
 .text.nrf_sdh_evts_poll
                0x000000000001d238       0x28 Output/Release/Obj/ble_app_beacon_pca10040e_s112/nrf_sdh.o
                0x000000000001d238                nrf_sdh_evts_poll
 .text.SWI2_IRQHandler
                0x000000000001d260        0x4 Output/Release/Obj/ble_app_beacon_pca10040e_s112/nrf_sdh.o
                0x000000000001d260                SWI2_IRQHandler
 .text.sd_ble_enable
                0x000000000001d264        0x4 Output/Release/Obj/ble_app_beacon_pca10040e_s112/nrf_sdh_ble.o
 .text.sd_ble_cfg_set
                0x000000000001d268        0x4 Output/Release/Obj/ble_app_beacon_pca10040e_s112/nrf_sdh_ble.o
 .text.sd_ble_evt_get
                0x000000000001d26c        0x4 Output/Release/Obj/ble_app_beacon_pca10040e_s112/nrf_sdh_ble.o
 .text.nrf_sdh_ble_evts_poll
                0x000000000001d270       0x58 Output/Release/Obj/ble_app_beacon_pca10040e_s112/nrf_sdh_ble.o
 .text.nrf_sdh_ble_default_cfg_set
                0x000000000001d2c8      0x134 Output/Release/Obj/ble_app_beacon_pca10040e_s112/nrf_sdh_ble.o
                0x000000000001d2c8                nrf_sdh_ble_default_cfg_set
 .text.nrf_sdh_ble_enable
                0x000000000001d3fc       0x94 Output/Release/Obj/ble_app_beacon_pca10040e_s112/nrf_sdh_ble.o
                0x000000000001d3fc                nrf_sdh_ble_enable
 .text.sd_evt_get
                0x000000000001d490        0x4 Output/Release/Obj/ble_app_beacon_pca10040e_s112/nrf_sdh_soc.o
 .text.nrf_sdh_soc_evts_poll
                0x000000000001d494       0x40 Output/Release/Obj/ble_app_beacon_pca10040e_s112/nrf_sdh_soc.o
 .text.libc.__int64_udivmod
                0x000000000001d4d4       0xce C:/Program Files/SEGGER/SEGGER Embedded Studio for ARM 5.44/lib/libc_v7em_t_le_eabi.a(libc_asm.o)
                0x000000000001d4d4                __aeabi_uldivmod
                0x000000000001d4d4                __int64_udiv
                0x000000000001d4d4                __udivdi3
                0x000000000001d4d4                __int64_udivmod
 *fill*         0x000000000001d5a2        0x2 
 .text.libc.__RAL_ascii_isctype
                0x000000000001d5a4       0x1c C:/Program Files/SEGGER/SEGGER Embedded Studio for ARM 5.44/lib/libc_v7em_t_le_eabi.a(libc2.o)
 .text.libc.__RAL_ascii_toupper
                0x000000000001d5c0        0xc C:/Program Files/SEGGER/SEGGER Embedded Studio for ARM 5.44/lib/libc_v7em_t_le_eabi.a(libc2.o)
 .text.libc.__RAL_ascii_tolower
                0x000000000001d5cc        0xc C:/Program Files/SEGGER/SEGGER Embedded Studio for ARM 5.44/lib/libc_v7em_t_le_eabi.a(libc2.o)
 .text.libc.__RAL_ascii_iswctype
                0x000000000001d5d8       0x1c C:/Program Files/SEGGER/SEGGER Embedded Studio for ARM 5.44/lib/libc_v7em_t_le_eabi.a(libc2.o)
 .text.libc.__RAL_ascii_towupper
                0x000000000001d5f4        0xc C:/Program Files/SEGGER/SEGGER Embedded Studio for ARM 5.44/lib/libc_v7em_t_le_eabi.a(libc2.o)
 .text.libc.__RAL_ascii_towlower
                0x000000000001d600        0xc C:/Program Files/SEGGER/SEGGER Embedded Studio for ARM 5.44/lib/libc_v7em_t_le_eabi.a(libc2.o)
 .text.libc.__RAL_ascii_wctomb
                0x000000000001d60c        0xe C:/Program Files/SEGGER/SEGGER Embedded Studio for ARM 5.44/lib/libc_v7em_t_le_eabi.a(libc2.o)
                0x000000000001d60c                __RAL_ascii_wctomb
 .text.libc.__RAL_ascii_mbtowc
                0x000000000001d61a       0x24 C:/Program Files/SEGGER/SEGGER Embedded Studio for ARM 5.44/lib/libc_v7em_t_le_eabi.a(libc2.o)
                0x000000000001d61a                __RAL_ascii_mbtowc
 *fill*         0x000000000001d63e        0x2 
 .text.libc.__RAL_isctype
                0x000000000001d640       0x14 C:/Program Files/SEGGER/SEGGER Embedded Studio for ARM 5.44/lib/libc_v7em_t_le_eabi.a(libc2.o)
                0x000000000001d640                __RAL_isctype
 .text.libc.isprint
                0x000000000001d654        0xa C:/Program Files/SEGGER/SEGGER Embedded Studio for ARM 5.44/lib/libc_v7em_t_le_eabi.a(libc2.o)
                0x000000000001d654                isprint
 .text.libc.memcpy
                0x000000000001d65e       0x52 C:/Program Files/SEGGER/SEGGER Embedded Studio for ARM 5.44/lib/libc_v7em_t_le_eabi.a(libc2_asm.o)
                0x000000000001d65e                __aeabi_memcpy
                0x000000000001d65e                memcpy
                0x000000000001d66a                __aeabi_memcpy8
                0x000000000001d66a                __aeabi_memcpy4
 .text.libc.memset
                0x000000000001d6b0       0x66 C:/Program Files/SEGGER/SEGGER Embedded Studio for ARM 5.44/lib/libc_v7em_t_le_eabi.a(libc2_asm.o)
                0x000000000001d6b0                memset
 .text.libc.strlen
                0x000000000001d716       0x60 C:/Program Files/SEGGER/SEGGER Embedded Studio for ARM 5.44/lib/libc_v7em_t_le_eabi.a(libc2_asm.o)
                0x000000000001d716                strlen
                0x000000000001d778                . = ALIGN (MAX ((__text_start__ + 0x4), .), 0x4)
 *fill*         0x000000000001d776        0x2 
                0x000000000001d778                __text_end__ = (__text_start__ + SIZEOF (.text))
                0x000000000000438c                __text_size__ = SIZEOF (.text)
                0x000000000001d778                __text_load_end__ = __text_end__

.vfp11_veneer   0x0000000100000000        0x0
 .vfp11_veneer  0x0000000100000000        0x0 linker stubs

.v4_bx          0x0000000100000000        0x0
 .v4_bx         0x0000000100000000        0x0 linker stubs

.iplt           0x0000000100000000        0x0
 .iplt          0x0000000100000000        0x0 Output/Release/Obj/ble_app_beacon_pca10040e_s112/thumb_crt0.o
                0x0000000000000001                . = ASSERT (((__text_start__ == __text_end__) || ((__text_end__ - __FLASH1_segment_start__) <= __FLASH1_segment_size__)), error: .text is too large to fit in FLASH1 memory segment)
                0x000000000001d778                __sdh_soc_observers_load_start__ = ALIGN (__text_end__, 0x4)

.sdh_soc_observers
                0x000000000001d778        0x8
                0x000000000001d778                __sdh_soc_observers_start__ = .
                0x000000000001d778                __start_sdh_soc_observers = __sdh_soc_observers_start__
 *(SORT_BY_NAME(.sdh_soc_observers*))
 .sdh_soc_observers0
                0x000000000001d778        0x8 Output/Release/Obj/ble_app_beacon_pca10040e_s112/nrf_drv_clock.o
                0x000000000001d780                __sdh_soc_observers_end__ = (__sdh_soc_observers_start__ + SIZEOF (.sdh_soc_observers))
                0x0000000000000008                __sdh_soc_observers_size__ = SIZEOF (.sdh_soc_observers)
                0x000000000001d780                __stop_sdh_soc_observers = __sdh_soc_observers_end__
                0x000000000001d780                __sdh_soc_observers_load_end__ = __sdh_soc_observers_end__
                0x0000000000000001                . = ASSERT (((__sdh_soc_observers_start__ == __sdh_soc_observers_end__) || ((__sdh_soc_observers_end__ - __FLASH1_segment_start__) <= __FLASH1_segment_size__)), error: .sdh_soc_observers is too large to fit in FLASH1 memory segment)
                0x000000000001d780                __sdh_ble_observers_load_start__ = ALIGN (__sdh_soc_observers_end__, 0x4)

.sdh_ble_observers
                0x000000000001d780        0x0
                0x000000000001d780                __sdh_ble_observers_start__ = .
                0x000000000001d780                __start_sdh_ble_observers = __sdh_ble_observers_start__
 *(SORT_BY_NAME(.sdh_ble_observers*))
                0x000000000001d780                __sdh_ble_observers_end__ = (__sdh_ble_observers_start__ + SIZEOF (.sdh_ble_observers))
                0x0000000000000000                __sdh_ble_observers_size__ = SIZEOF (.sdh_ble_observers)
                0x000000000001d780                __stop_sdh_ble_observers = __sdh_ble_observers_end__
                0x000000000001d780                __sdh_ble_observers_load_end__ = __sdh_ble_observers_end__
                0x0000000000000001                . = ASSERT (((__sdh_ble_observers_start__ == __sdh_ble_observers_end__) || ((__sdh_ble_observers_end__ - __FLASH1_segment_start__) <= __FLASH1_segment_size__)), error: .sdh_ble_observers is too large to fit in FLASH1 memory segment)
                0x000000000001d780                __pwr_mgmt_data_load_start__ = ALIGN (__sdh_ble_observers_end__, 0x4)

.pwr_mgmt_data  0x000000000001d780        0x0
                0x000000000001d780                __pwr_mgmt_data_start__ = .
                0x000000000001d780                __start_pwr_mgmt_data = __pwr_mgmt_data_start__
 *(SORT_BY_NAME(.pwr_mgmt_data*))
                0x000000000001d780                __pwr_mgmt_data_end__ = (__pwr_mgmt_data_start__ + SIZEOF (.pwr_mgmt_data))
                0x0000000000000000                __pwr_mgmt_data_size__ = SIZEOF (.pwr_mgmt_data)
                0x000000000001d780                __stop_pwr_mgmt_data = __pwr_mgmt_data_end__
                0x000000000001d780                __pwr_mgmt_data_load_end__ = __pwr_mgmt_data_end__
                0x0000000000000001                . = ASSERT (((__pwr_mgmt_data_start__ == __pwr_mgmt_data_end__) || ((__pwr_mgmt_data_end__ - __FLASH1_segment_start__) <= __FLASH1_segment_size__)), error: .pwr_mgmt_data is too large to fit in FLASH1 memory segment)
                0x000000000001d780                __sdh_req_observers_load_start__ = ALIGN (__pwr_mgmt_data_end__, 0x4)

.sdh_req_observers
                0x000000000001d780        0x0
                0x000000000001d780                __sdh_req_observers_start__ = .
                0x000000000001d780                __start_sdh_req_observers = __sdh_req_observers_start__
 *(SORT_BY_NAME(.sdh_req_observers*))
                0x000000000001d780                __sdh_req_observers_end__ = (__sdh_req_observers_start__ + SIZEOF (.sdh_req_observers))
                0x0000000000000000                __sdh_req_observers_size__ = SIZEOF (.sdh_req_observers)
                0x000000000001d780                __stop_sdh_req_observers = __sdh_req_observers_end__
                0x000000000001d780                __sdh_req_observers_load_end__ = __sdh_req_observers_end__
                0x0000000000000001                . = ASSERT (((__sdh_req_observers_start__ == __sdh_req_observers_end__) || ((__sdh_req_observers_end__ - __FLASH1_segment_start__) <= __FLASH1_segment_size__)), error: .sdh_req_observers is too large to fit in FLASH1 memory segment)
                0x000000000001d780                __sdh_state_observers_load_start__ = ALIGN (__sdh_req_observers_end__, 0x4)

.sdh_state_observers
                0x000000000001d780        0x8
                0x000000000001d780                __sdh_state_observers_start__ = .
                0x000000000001d780                __start_sdh_state_observers = __sdh_state_observers_start__
 *(SORT_BY_NAME(.sdh_state_observers*))
 .sdh_state_observers0
                0x000000000001d780        0x8 Output/Release/Obj/ble_app_beacon_pca10040e_s112/nrf_drv_clock.o
                0x000000000001d788                __sdh_state_observers_end__ = (__sdh_state_observers_start__ + SIZEOF (.sdh_state_observers))
                0x0000000000000008                __sdh_state_observers_size__ = SIZEOF (.sdh_state_observers)
                0x000000000001d788                __stop_sdh_state_observers = __sdh_state_observers_end__
                0x000000000001d788                __sdh_state_observers_load_end__ = __sdh_state_observers_end__
                0x0000000000000001                . = ASSERT (((__sdh_state_observers_start__ == __sdh_state_observers_end__) || ((__sdh_state_observers_end__ - __FLASH1_segment_start__) <= __FLASH1_segment_size__)), error: .sdh_state_observers is too large to fit in FLASH1 memory segment)
                0x000000000001d788                __sdh_stack_observers_load_start__ = ALIGN (__sdh_state_observers_end__, 0x4)

.sdh_stack_observers
                0x000000000001d788       0x10
                0x000000000001d788                __sdh_stack_observers_start__ = .
                0x000000000001d788                __start_sdh_stack_observers = __sdh_stack_observers_start__
 *(SORT_BY_NAME(.sdh_stack_observers*))
 .sdh_stack_observers0
                0x000000000001d788        0x8 Output/Release/Obj/ble_app_beacon_pca10040e_s112/nrf_sdh_ble.o
 .sdh_stack_observers0
                0x000000000001d790        0x8 Output/Release/Obj/ble_app_beacon_pca10040e_s112/nrf_sdh_soc.o
                0x000000000001d798                __sdh_stack_observers_end__ = (__sdh_stack_observers_start__ + SIZEOF (.sdh_stack_observers))
                0x0000000000000010                __sdh_stack_observers_size__ = SIZEOF (.sdh_stack_observers)
                0x000000000001d798                __stop_sdh_stack_observers = __sdh_stack_observers_end__
                0x000000000001d798                __sdh_stack_observers_load_end__ = __sdh_stack_observers_end__
                0x0000000000000001                . = ASSERT (((__sdh_stack_observers_start__ == __sdh_stack_observers_end__) || ((__sdh_stack_observers_end__ - __FLASH1_segment_start__) <= __FLASH1_segment_size__)), error: .sdh_stack_observers is too large to fit in FLASH1 memory segment)
                0x000000000001d798                __nrf_queue_load_start__ = ALIGN (__sdh_stack_observers_end__, 0x4)

.nrf_queue      0x000000000001d798        0x0
                0x000000000001d798                __nrf_queue_start__ = .
                0x000000000001d798                __start_nrf_queue = __nrf_queue_start__
 *(.nrf_queue*)
                0x000000000001d798                __nrf_queue_end__ = (__nrf_queue_start__ + SIZEOF (.nrf_queue))
                0x0000000000000000                __nrf_queue_size__ = SIZEOF (.nrf_queue)
                0x000000000001d798                __stop_nrf_queue = __nrf_queue_end__
                0x000000000001d798                __nrf_queue_load_end__ = __nrf_queue_end__
                0x0000000000000001                . = ASSERT (((__nrf_queue_start__ == __nrf_queue_end__) || ((__nrf_queue_end__ - __FLASH1_segment_start__) <= __FLASH1_segment_size__)), error: .nrf_queue is too large to fit in FLASH1 memory segment)
                0x000000000001d798                __nrf_balloc_load_start__ = ALIGN (__nrf_queue_end__, 0x4)

.nrf_balloc     0x000000000001d798       0x14
                0x000000000001d798                __nrf_balloc_start__ = .
                0x000000000001d798                __start_nrf_balloc = __nrf_balloc_start__
 *(.nrf_balloc*)
 .nrf_balloc    0x000000000001d798       0x14 Output/Release/Obj/ble_app_beacon_pca10040e_s112/nrf_log_frontend.o
                0x000000000001d798                log_mempool
                0x000000000001d7ac                __nrf_balloc_end__ = (__nrf_balloc_start__ + SIZEOF (.nrf_balloc))
                0x0000000000000014                __nrf_balloc_size__ = SIZEOF (.nrf_balloc)
                0x000000000001d7ac                __stop_nrf_balloc = __nrf_balloc_end__
                0x000000000001d7ac                __nrf_balloc_load_end__ = __nrf_balloc_end__
                0x0000000000000001                . = ASSERT (((__nrf_balloc_start__ == __nrf_balloc_end__) || ((__nrf_balloc_end__ - __FLASH1_segment_start__) <= __FLASH1_segment_size__)), error: .nrf_balloc is too large to fit in FLASH1 memory segment)
                0x000000000001d7ac                __cli_command_load_start__ = ALIGN (__nrf_balloc_end__, 0x4)

.cli_command    0x000000000001d7ac        0x0
                0x000000000001d7ac                __cli_command_start__ = .
                0x000000000001d7ac                __start_cli_command = __cli_command_start__
 *(.cli_command*)
                0x000000000001d7ac                __cli_command_end__ = (__cli_command_start__ + SIZEOF (.cli_command))
                0x0000000000000000                __cli_command_size__ = SIZEOF (.cli_command)
                0x000000000001d7ac                __stop_cli_command = __cli_command_end__
                0x000000000001d7ac                __cli_command_load_end__ = __cli_command_end__
                0x0000000000000001                . = ASSERT (((__cli_command_start__ == __cli_command_end__) || ((__cli_command_end__ - __FLASH1_segment_start__) <= __FLASH1_segment_size__)), error: .cli_command is too large to fit in FLASH1 memory segment)
                0x000000000001d7ac                __crypto_data_load_start__ = ALIGN (__cli_command_end__, 0x4)

.crypto_data    0x000000000001d7ac        0x0
                0x000000000001d7ac                __crypto_data_start__ = .
                0x000000000001d7ac                __start_crypto_data = __crypto_data_start__
 *(SORT_BY_NAME(.crypto_data*))
                0x000000000001d7ac                __crypto_data_end__ = (__crypto_data_start__ + SIZEOF (.crypto_data))
                0x0000000000000000                __crypto_data_size__ = SIZEOF (.crypto_data)
                0x000000000001d7ac                __stop_crypto_data = __crypto_data_end__
                0x000000000001d7ac                __crypto_data_load_end__ = __crypto_data_end__
                0x0000000000000001                . = ASSERT (((__crypto_data_start__ == __crypto_data_end__) || ((__crypto_data_end__ - __FLASH1_segment_start__) <= __FLASH1_segment_size__)), error: .crypto_data is too large to fit in FLASH1 memory segment)
                0x000000000001d7ac                __log_const_data_load_start__ = ALIGN (__crypto_data_end__, 0x4)

.log_const_data
                0x000000000001d7ac       0x78
                0x000000000001d7ac                __log_const_data_start__ = .
                0x000000000001d7ac                __start_log_const_data = __log_const_data_start__
 *(SORT_BY_NAME(.log_const_data*))
 .log_const_data_CLOCK
                0x000000000001d7ac        0x8 Output/Release/Obj/ble_app_beacon_pca10040e_s112/nrfx_clock.o
                0x000000000001d7ac                m_nrf_log_CLOCK_logs_data_const
 .log_const_data_GPIOTE
                0x000000000001d7b4        0x8 Output/Release/Obj/ble_app_beacon_pca10040e_s112/nrfx_gpiote.o
                0x000000000001d7b4                m_nrf_log_GPIOTE_logs_data_const
 .log_const_data_PRS
                0x000000000001d7bc        0x8 Output/Release/Obj/ble_app_beacon_pca10040e_s112/nrfx_prs.o
                0x000000000001d7bc                m_nrf_log_PRS_logs_data_const
 .log_const_data_PWM
                0x000000000001d7c4        0x8 Output/Release/Obj/ble_app_beacon_pca10040e_s112/nrfx_pwm.o
                0x000000000001d7c4                m_nrf_log_PWM_logs_data_const
 .log_const_data_UART
                0x000000000001d7cc        0x8 Output/Release/Obj/ble_app_beacon_pca10040e_s112/nrfx_uart.o
                0x000000000001d7cc                m_nrf_log_UART_logs_data_const
 .log_const_data_UARTE
                0x000000000001d7d4        0x8 Output/Release/Obj/ble_app_beacon_pca10040e_s112/nrfx_uarte.o
                0x000000000001d7d4                m_nrf_log_UARTE_logs_data_const
 .log_const_data_app
                0x000000000001d7dc        0x8 Output/Release/Obj/ble_app_beacon_pca10040e_s112/nrf_log_frontend.o
                0x000000000001d7dc                m_nrf_log_app_logs_data_const
 .log_const_data_app_button
                0x000000000001d7e4        0x8 Output/Release/Obj/ble_app_beacon_pca10040e_s112/app_button.o
                0x000000000001d7e4                m_nrf_log_app_button_logs_data_const
 .log_const_data_app_timer
                0x000000000001d7ec        0x8 Output/Release/Obj/ble_app_beacon_pca10040e_s112/app_timer2.o
                0x000000000001d7ec                m_nrf_log_app_timer_logs_data_const
 .log_const_data_clock
                0x000000000001d7f4        0x8 Output/Release/Obj/ble_app_beacon_pca10040e_s112/nrf_drv_clock.o
                0x000000000001d7f4                m_nrf_log_clock_logs_data_const
 .log_const_data_nrf_sdh
                0x000000000001d7fc        0x8 Output/Release/Obj/ble_app_beacon_pca10040e_s112/nrf_sdh.o
                0x000000000001d7fc                m_nrf_log_nrf_sdh_logs_data_const
 .log_const_data_nrf_sdh_ble
                0x000000000001d804        0x8 Output/Release/Obj/ble_app_beacon_pca10040e_s112/nrf_sdh_ble.o
                0x000000000001d804                m_nrf_log_nrf_sdh_ble_logs_data_const
 .log_const_data_nrf_sdh_soc
                0x000000000001d80c        0x8 Output/Release/Obj/ble_app_beacon_pca10040e_s112/nrf_sdh_soc.o
                0x000000000001d80c                m_nrf_log_nrf_sdh_soc_logs_data_const
 .log_const_data_pwr_mgmt
                0x000000000001d814        0x8 Output/Release/Obj/ble_app_beacon_pca10040e_s112/nrf_pwr_mgmt.o
                0x000000000001d814                m_nrf_log_pwr_mgmt_logs_data_const
 .log_const_data_sortlist
                0x000000000001d81c        0x8 Output/Release/Obj/ble_app_beacon_pca10040e_s112/nrf_sortlist.o
                0x000000000001d81c                m_nrf_log_sortlist_logs_data_const
                0x000000000001d824                __log_const_data_end__ = (__log_const_data_start__ + SIZEOF (.log_const_data))
                0x0000000000000078                __log_const_data_size__ = SIZEOF (.log_const_data)
                0x000000000001d824                __stop_log_const_data = __log_const_data_end__
                0x000000000001d824                __log_const_data_load_end__ = __log_const_data_end__
                0x0000000000000001                . = ASSERT (((__log_const_data_start__ == __log_const_data_end__) || ((__log_const_data_end__ - __FLASH1_segment_start__) <= __FLASH1_segment_size__)), error: .log_const_data is too large to fit in FLASH1 memory segment)
                0x000000000001d824                __log_backends_load_start__ = ALIGN (__log_const_data_end__, 0x4)

.log_backends   0x000000000001d824       0x10
                0x000000000001d824                __log_backends_start__ = .
                0x000000000001d824                __start_log_backends = __log_backends_start__
 *(SORT_BY_NAME(.log_backends*))
 .log_backends  0x000000000001d824       0x10 Output/Release/Obj/ble_app_beacon_pca10040e_s112/nrf_log_default_backends.o
                0x000000000001d834                __log_backends_end__ = (__log_backends_start__ + SIZEOF (.log_backends))
                0x0000000000000010                __log_backends_size__ = SIZEOF (.log_backends)
                0x000000000001d834                __stop_log_backends = __log_backends_end__
                0x000000000001d834                __log_backends_load_end__ = __log_backends_end__
                0x0000000000000001                . = ASSERT (((__log_backends_start__ == __log_backends_end__) || ((__log_backends_end__ - __FLASH1_segment_start__) <= __FLASH1_segment_size__)), error: .log_backends is too large to fit in FLASH1 memory segment)
                0x000000000001d834                __nrf_sections_load_start__ = ALIGN (__log_backends_end__, 0x4)

.nrf_sections   0x000000000001d834        0x0
                0x000000000001d834                __nrf_sections_start__ = .
                0x000000000001d834                __start_nrf_sections = __nrf_sections_start__
 *(.nrf_sections .nrf_sections.*)
                0x000000000001d834                __nrf_sections_end__ = (__nrf_sections_start__ + SIZEOF (.nrf_sections))
                0x0000000000000000                __nrf_sections_size__ = SIZEOF (.nrf_sections)
                0x000000000001d834                __nrf_sections_load_end__ = __nrf_sections_end__
                0x0000000000000001                . = ASSERT (((__nrf_sections_start__ == __nrf_sections_end__) || ((__nrf_sections_end__ - __FLASH1_segment_start__) <= __FLASH1_segment_size__)), error: .nrf_sections is too large to fit in FLASH1 memory segment)
                0x000000000001d834                __cli_sorted_cmd_ptrs_load_start__ = ALIGN (__nrf_sections_end__, 0x4)

.cli_sorted_cmd_ptrs
                0x0000000020001118        0x0 load address 0x000000000001d834
                0x0000000020001118                __cli_sorted_cmd_ptrs_start__ = .
 *(.cli_sorted_cmd_ptrs*)
                0x0000000020001118                __cli_sorted_cmd_ptrs_end__ = (__cli_sorted_cmd_ptrs_start__ + SIZEOF (.cli_sorted_cmd_ptrs))
                0x0000000000000000                __cli_sorted_cmd_ptrs_size__ = SIZEOF (.cli_sorted_cmd_ptrs)
                0x000000000001d834                __cli_sorted_cmd_ptrs_load_end__ = (__cli_sorted_cmd_ptrs_load_start__ + SIZEOF (.cli_sorted_cmd_ptrs))
                0x0000000000000001                . = ASSERT (((__cli_sorted_cmd_ptrs_load_start__ == __cli_sorted_cmd_ptrs_load_end__) || ((__cli_sorted_cmd_ptrs_load_end__ - __FLASH1_segment_start__) <= __FLASH1_segment_size__)), error: .cli_sorted_cmd_ptrs is too large to fit in FLASH1 memory segment)

.cli_sorted_cmd_ptrs_run
                0x0000000020001118        0x0
                0x0000000020001118                __cli_sorted_cmd_ptrs_run_start__ = .
                0x0000000020001118                __start_cli_sorted_cmd_ptrs = __cli_sorted_cmd_ptrs_run_start__
                0x0000000020001118                __cli_sorted_cmd_ptrs_run_end__ = (__cli_sorted_cmd_ptrs_run_start__ + SIZEOF (.cli_sorted_cmd_ptrs))
                0x0000000000000000                __cli_sorted_cmd_ptrs_run_size__ = (__cli_sorted_cmd_ptrs_run_end__ - __cli_sorted_cmd_ptrs_run_start__)
                0x0000000020001118                __stop_cli_sorted_cmd_ptrs = __cli_sorted_cmd_ptrs_run_end__
                0x0000000020001118                __cli_sorted_cmd_ptrs_run_load_end__ = __cli_sorted_cmd_ptrs_run_end__
                0x0000000000000001                . = ASSERT (((__cli_sorted_cmd_ptrs_run_start__ == __cli_sorted_cmd_ptrs_run_end__) || ((__cli_sorted_cmd_ptrs_run_end__ - __RAM1_segment_start__) <= __RAM1_segment_size__)), error: .cli_sorted_cmd_ptrs_run is too large to fit in RAM1 memory segment)
                0x000000000001d834                __fs_data_load_start__ = ALIGN ((__cli_sorted_cmd_ptrs_load_start__ + SIZEOF (.cli_sorted_cmd_ptrs)), 0x4)

.fs_data        0x0000000020001118        0x0 load address 0x000000000001d834
                0x0000000020001118                __fs_data_start__ = .
 *(.fs_data*)
                0x0000000020001118                __fs_data_end__ = (__fs_data_start__ + SIZEOF (.fs_data))
                0x0000000000000000                __fs_data_size__ = SIZEOF (.fs_data)
                0x000000000001d834                __fs_data_load_end__ = (__fs_data_load_start__ + SIZEOF (.fs_data))
                0x0000000000000001                . = ASSERT (((__fs_data_load_start__ == __fs_data_load_end__) || ((__fs_data_load_end__ - __FLASH1_segment_start__) <= __FLASH1_segment_size__)), error: .fs_data is too large to fit in FLASH1 memory segment)

.fs_data_run    0x0000000020001118        0x0
                0x0000000020001118                __fs_data_run_start__ = .
                0x0000000020001118                __start_fs_data = __fs_data_run_start__
                0x0000000020001118                __fs_data_run_end__ = (__fs_data_run_start__ + SIZEOF (.fs_data))
                0x0000000000000000                __fs_data_run_size__ = (__fs_data_run_end__ - __fs_data_run_start__)
                0x0000000020001118                __stop_fs_data = __fs_data_run_end__
                0x0000000020001118                __fs_data_run_load_end__ = __fs_data_run_end__
                0x0000000000000001                . = ASSERT (((__fs_data_run_start__ == __fs_data_run_end__) || ((__fs_data_run_end__ - __RAM1_segment_start__) <= __RAM1_segment_size__)), error: .fs_data_run is too large to fit in RAM1 memory segment)
                0x000000000001d834                __log_dynamic_data_load_start__ = ALIGN ((__fs_data_load_start__ + SIZEOF (.fs_data)), 0x4)

.log_dynamic_data
                0x0000000020001118        0x0 load address 0x000000000001d834
                0x0000000020001118                __log_dynamic_data_start__ = .
 *(SORT_BY_NAME(.log_dynamic_data*))
                0x0000000020001118                __log_dynamic_data_end__ = (__log_dynamic_data_start__ + SIZEOF (.log_dynamic_data))
                0x0000000000000000                __log_dynamic_data_size__ = SIZEOF (.log_dynamic_data)
                0x000000000001d834                __log_dynamic_data_load_end__ = (__log_dynamic_data_load_start__ + SIZEOF (.log_dynamic_data))
                0x0000000000000001                . = ASSERT (((__log_dynamic_data_load_start__ == __log_dynamic_data_load_end__) || ((__log_dynamic_data_load_end__ - __FLASH1_segment_start__) <= __FLASH1_segment_size__)), error: .log_dynamic_data is too large to fit in FLASH1 memory segment)

.log_dynamic_data_run
                0x0000000020001118        0x0
                0x0000000020001118                __log_dynamic_data_run_start__ = .
                0x0000000020001118                __start_log_dynamic_data = __log_dynamic_data_run_start__
                0x0000000020001118                __log_dynamic_data_run_end__ = (__log_dynamic_data_run_start__ + SIZEOF (.log_dynamic_data))
                0x0000000000000000                __log_dynamic_data_run_size__ = (__log_dynamic_data_run_end__ - __log_dynamic_data_run_start__)
                0x0000000020001118                __stop_log_dynamic_data = __log_dynamic_data_run_end__
                0x0000000020001118                __log_dynamic_data_run_load_end__ = __log_dynamic_data_run_end__
                0x0000000000000001                . = ASSERT (((__log_dynamic_data_run_start__ == __log_dynamic_data_run_end__) || ((__log_dynamic_data_run_end__ - __RAM1_segment_start__) <= __RAM1_segment_size__)), error: .log_dynamic_data_run is too large to fit in RAM1 memory segment)
                0x000000000001d834                __log_filter_data_load_start__ = ALIGN ((__log_dynamic_data_load_start__ + SIZEOF (.log_dynamic_data)), 0x4)

.log_filter_data
                0x0000000020001118        0x0 load address 0x000000000001d834
                0x0000000020001118                __log_filter_data_start__ = .
 *(SORT_BY_NAME(.log_filter_data*))
                0x0000000020001118                __log_filter_data_end__ = (__log_filter_data_start__ + SIZEOF (.log_filter_data))
                0x0000000000000000                __log_filter_data_size__ = SIZEOF (.log_filter_data)
                0x000000000001d834                __log_filter_data_load_end__ = (__log_filter_data_load_start__ + SIZEOF (.log_filter_data))
                0x0000000000000001                . = ASSERT (((__log_filter_data_load_start__ == __log_filter_data_load_end__) || ((__log_filter_data_load_end__ - __FLASH1_segment_start__) <= __FLASH1_segment_size__)), error: .log_filter_data is too large to fit in FLASH1 memory segment)

.log_filter_data_run
                0x0000000020001118        0x0
                0x0000000020001118                __log_filter_data_run_start__ = .
                0x0000000020001118                __start_log_filter_data = __log_filter_data_run_start__
                0x0000000020001118                __log_filter_data_run_end__ = (__log_filter_data_run_start__ + SIZEOF (.log_filter_data))
                0x0000000000000000                __log_filter_data_run_size__ = (__log_filter_data_run_end__ - __log_filter_data_run_start__)
                0x0000000020001118                __stop_log_filter_data = __log_filter_data_run_end__
                0x0000000020001118                __log_filter_data_run_load_end__ = __log_filter_data_run_end__
                0x0000000000000001                . = ASSERT (((__log_filter_data_run_start__ == __log_filter_data_run_end__) || ((__log_filter_data_run_end__ - __RAM1_segment_start__) <= __RAM1_segment_size__)), error: .log_filter_data_run is too large to fit in RAM1 memory segment)
                0x0000000020001118                __nrf_sections_run_end_load_start__ = ALIGN (__log_filter_data_run_end__, 0x4)

.nrf_sections_run_end
                0x0000000020001118        0x0
                0x0000000020001118                __nrf_sections_run_end_start__ = .
                0x0000000020001118                __end_nrf_sections_run = __nrf_sections_run_end_start__
 *(.nrf_sections_run_end .nrf_sections_run_end.*)
                0x0000000020001118                __nrf_sections_run_end_end__ = (__nrf_sections_run_end_start__ + SIZEOF (.nrf_sections_run_end))
                0x0000000000000000                __nrf_sections_run_end_size__ = SIZEOF (.nrf_sections_run_end)
                0x0000000020001118                __nrf_sections_run_end_load_end__ = __nrf_sections_run_end_end__
                0x0000000000000001                . = ASSERT (((__nrf_sections_run_end_start__ == __nrf_sections_run_end_end__) || ((__nrf_sections_run_end_end__ - __RAM1_segment_start__) <= __RAM1_segment_size__)), error: .nrf_sections_run_end is too large to fit in RAM1 memory segment)
                0x000000000001d834                __dtors_load_start__ = ALIGN ((__log_filter_data_load_start__ + SIZEOF (.log_filter_data)), 0x4)

.dtors          0x000000000001d834        0x0
                0x000000000001d834                __dtors_start__ = .
 *(SORT_BY_NAME(.dtors.*))
 *(.dtors)
 *(.fini_array)
 *(SORT_BY_NAME(.fini_array.*))
                0x000000000001d834                __dtors_end__ = (__dtors_start__ + SIZEOF (.dtors))
                0x0000000000000000                __dtors_size__ = SIZEOF (.dtors)
                0x000000000001d834                __dtors_load_end__ = __dtors_end__
                0x0000000000000001                . = ASSERT (((__dtors_start__ == __dtors_end__) || ((__dtors_end__ - __FLASH1_segment_start__) <= __FLASH1_segment_size__)), error: .dtors is too large to fit in FLASH1 memory segment)
                0x000000000001d834                __ctors_load_start__ = ALIGN (__dtors_end__, 0x4)

.ctors          0x000000000001d834        0x0
                0x000000000001d834                __ctors_start__ = .
 *(SORT_BY_NAME(.ctors.*))
 *(.ctors)
 *(.init_array)
 *(SORT_BY_NAME(.init_array.*))
                0x000000000001d834                __ctors_end__ = (__ctors_start__ + SIZEOF (.ctors))
                0x0000000000000000                __ctors_size__ = SIZEOF (.ctors)
                0x000000000001d834                __ctors_load_end__ = __ctors_end__
                0x0000000000000001                . = ASSERT (((__ctors_start__ == __ctors_end__) || ((__ctors_end__ - __FLASH1_segment_start__) <= __FLASH1_segment_size__)), error: .ctors is too large to fit in FLASH1 memory segment)
                0x000000000001d834                __rodata_load_start__ = ALIGN (__ctors_end__, 0x4)

.rodata         0x000000000001d834      0xc44
                0x000000000001d834                __rodata_start__ = .
 *(.rodata .rodata.* .gnu.linkonce.r.*)
 .rodata        0x000000000001d834       0x20 Output/Release/Obj/ble_app_beacon_pca10040e_s112/nrf_log_backend_uart.o
 .rodata.nrf_log_backend_uart_api
                0x000000000001d854        0xc Output/Release/Obj/ble_app_beacon_pca10040e_s112/nrf_log_backend_uart.o
                0x000000000001d854                nrf_log_backend_uart_api
 .rodata.str1.1
                0x000000000001d860       0x11 Output/Release/Obj/ble_app_beacon_pca10040e_s112/nrf_log_default_backends.o
 .rodata.nrf_log_frontend_dequeue.str1.1
                0x000000000001d871       0x11 Output/Release/Obj/ble_app_beacon_pca10040e_s112/nrf_log_frontend.o
 .rodata.str1.1
                0x000000000001d882        0x4 Output/Release/Obj/ble_app_beacon_pca10040e_s112/nrf_log_frontend.o
 *fill*         0x000000000001d886        0x2 
 .rodata.m_log_push_ringbuf
                0x000000000001d888        0xc Output/Release/Obj/ble_app_beacon_pca10040e_s112/nrf_log_frontend.o
 .rodata.prefix_process.str1.1
                0x000000000001d894       0x32 Output/Release/Obj/ble_app_beacon_pca10040e_s112/nrf_log_str_formatter.o
 .rodata.postfix_process.str1.1
                0x000000000001d8c6       0x32 Output/Release/Obj/ble_app_beacon_pca10040e_s112/nrf_log_str_formatter.o
                                          0x3 (size before relaxing)
 .rodata.nrf_log_hexdump_entry_process.str1.1
                0x000000000001d8c6        0xf Output/Release/Obj/ble_app_beacon_pca10040e_s112/nrf_log_str_formatter.o
                                         0x11 (size before relaxing)
 .rodata.str1.1
                0x000000000001d8d5       0x4b Output/Release/Obj/ble_app_beacon_pca10040e_s112/nrf_log_str_formatter.o
                                         0x51 (size before relaxing)
 .rodata.m_colors
                0x000000000001d920       0x24 Output/Release/Obj/ble_app_beacon_pca10040e_s112/nrf_log_str_formatter.o
 .rodata.severity_names
                0x000000000001d944       0x14 Output/Release/Obj/ble_app_beacon_pca10040e_s112/nrf_log_str_formatter.o
 .rodata.str1.1
                0x000000000001d958        0xb Output/Release/Obj/ble_app_beacon_pca10040e_s112/app_button.o
 *fill*         0x000000000001d963        0x1 
 .rodata.m_detection_delay_timer_id
                0x000000000001d964        0x4 Output/Release/Obj/ble_app_beacon_pca10040e_s112/app_button.o
 .rodata.app_error_fault_handler.str1.1
                0x000000000001d968       0x19 Output/Release/Obj/ble_app_beacon_pca10040e_s112/app_error_weak.o
 .rodata.str1.1
                0x000000000001d981        0xa Output/Release/Obj/ble_app_beacon_pca10040e_s112/app_timer2.o
 *fill*         0x000000000001d98b        0x1 
 .rodata        0x000000000001d98c        0x4 Output/Release/Obj/ble_app_beacon_pca10040e_s112/app_timer2.o
 .rodata.m_app_timer_sortlist
                0x000000000001d990        0xc Output/Release/Obj/ble_app_beacon_pca10040e_s112/app_timer2.o
 .rodata.drv_rtc_init.str1.1
                0x000000000001d99c       0x34 Output/Release/Obj/ble_app_beacon_pca10040e_s112/drv_rtc.o
 .rodata.delay_machine_code.0
                0x000000000001d9d0        0x6 Output/Release/Obj/ble_app_beacon_pca10040e_s112/drv_rtc.o
 .rodata._aV2C.0
                0x000000000001d9d6       0x10 Output/Release/Obj/ble_app_beacon_pca10040e_s112/nrf_fprintf_format.o
 .rodata.str1.1
                0x000000000001d9e6        0x9 Output/Release/Obj/ble_app_beacon_pca10040e_s112/nrf_pwr_mgmt.o
 *fill*         0x000000000001d9ef        0x1 
 .rodata.pwr_mgmt_data
                0x000000000001d9f0        0xc Output/Release/Obj/ble_app_beacon_pca10040e_s112/nrf_pwr_mgmt.o
 .rodata.str1.1
                0x000000000001d9fc        0x9 Output/Release/Obj/ble_app_beacon_pca10040e_s112/nrf_sortlist.o
 .rodata.str1.1
                0x000000000001da05      0x3ba Output/Release/Obj/ble_app_beacon_pca10040e_s112/nrf_strerror.o
 .rodata.m_unknown_str
                0x000000000001ddbf       0x13 Output/Release/Obj/ble_app_beacon_pca10040e_s112/nrf_strerror.o
 *fill*         0x000000000001ddd2        0x2 
 .rodata.nrf_strerror_array
                0x000000000001ddd4      0x128 Output/Release/Obj/ble_app_beacon_pca10040e_s112/nrf_strerror.o
 .rodata.CSWTCH.14
                0x000000000001defc        0x5 Output/Release/Obj/ble_app_beacon_pca10040e_s112/system_nrf52810.o
 .rodata.CSWTCH.18
                0x000000000001df01        0x5 Output/Release/Obj/ble_app_beacon_pca10040e_s112/system_nrf52810.o
 .rodata.CSWTCH.21
                0x000000000001df06        0x5 Output/Release/Obj/ble_app_beacon_pca10040e_s112/system_nrf52810.o
 .rodata.CSWTCH.4
                0x000000000001df0b        0x5 Output/Release/Obj/ble_app_beacon_pca10040e_s112/system_nrf52810.o
 .rodata.m_board_led_list
                0x000000000001df10        0x4 Output/Release/Obj/ble_app_beacon_pca10040e_s112/boards.o
 .rodata.str1.1
                0x000000000001df14        0x6 Output/Release/Obj/ble_app_beacon_pca10040e_s112/nrf_drv_clock.o
 .rodata.str1.1
                0x000000000001df1a        0x6 Output/Release/Obj/ble_app_beacon_pca10040e_s112/nrfx_clock.o
 .rodata.str1.1
                0x000000000001df20        0x7 Output/Release/Obj/ble_app_beacon_pca10040e_s112/nrfx_gpiote.o
 .rodata.str1.1
                0x000000000001df27        0x4 Output/Release/Obj/ble_app_beacon_pca10040e_s112/nrfx_prs.o
 .rodata.str1.1
                0x000000000001df2b        0x5 Output/Release/Obj/ble_app_beacon_pca10040e_s112/nrfx_uart.o
 .rodata.str1.1
                0x000000000001df30        0x6 Output/Release/Obj/ble_app_beacon_pca10040e_s112/nrfx_uarte.o
 .rodata.str1.1
                0x000000000001df36        0x4 Output/Release/Obj/ble_app_beacon_pca10040e_s112/nrfx_pwm.o
 *fill*         0x000000000001df3a        0x2 
 .rodata.app_buttons
                0x000000000001df3c       0x20 Output/Release/Obj/ble_app_beacon_pca10040e_s112/bsp.o
 .rodata.m_bsp_alert_tmr
                0x000000000001df5c        0x4 Output/Release/Obj/ble_app_beacon_pca10040e_s112/bsp.o
 .rodata.m_bsp_button_tmr
                0x000000000001df60        0x4 Output/Release/Obj/ble_app_beacon_pca10040e_s112/bsp.o
 .rodata.m_bsp_leds_tmr
                0x000000000001df64        0x4 Output/Release/Obj/ble_app_beacon_pca10040e_s112/bsp.o
 .rodata.main.str1.1
                0x000000000001df68       0x18 Output/Release/Obj/ble_app_beacon_pca10040e_s112/main.o
 .rodata        0x000000000001df80       0x2c Output/Release/Obj/ble_app_beacon_pca10040e_s112/main.o
 .rodata.str1.1
                0x000000000001dfac        0x8 Output/Release/Obj/ble_app_beacon_pca10040e_s112/nrf_sdh.o
 .rodata        0x000000000001dfb4        0x4 Output/Release/Obj/ble_app_beacon_pca10040e_s112/nrf_sdh.o
 .rodata.sdh_req_observers
                0x000000000001dfb8        0xc Output/Release/Obj/ble_app_beacon_pca10040e_s112/nrf_sdh.o
 .rodata.sdh_stack_observers
                0x000000000001dfc4        0xc Output/Release/Obj/ble_app_beacon_pca10040e_s112/nrf_sdh.o
 .rodata.sdh_state_observers
                0x000000000001dfd0        0xc Output/Release/Obj/ble_app_beacon_pca10040e_s112/nrf_sdh.o
 .rodata.nrf_sdh_ble_default_cfg_set.str1.1
                0x000000000001dfdc      0x182 Output/Release/Obj/ble_app_beacon_pca10040e_s112/nrf_sdh_ble.o
 .rodata.nrf_sdh_ble_enable.str1.1
                0x000000000001e15e       0xa7 Output/Release/Obj/ble_app_beacon_pca10040e_s112/nrf_sdh_ble.o
 .rodata.str1.1
                0x000000000001e205        0xc Output/Release/Obj/ble_app_beacon_pca10040e_s112/nrf_sdh_ble.o
 *fill*         0x000000000001e211        0x3 
 .rodata.sdh_ble_observers
                0x000000000001e214        0xc Output/Release/Obj/ble_app_beacon_pca10040e_s112/nrf_sdh_ble.o
 .rodata.str1.1
                0x000000000001e220        0xc Output/Release/Obj/ble_app_beacon_pca10040e_s112/nrf_sdh_soc.o
 .rodata.sdh_soc_observers
                0x000000000001e22c        0xc Output/Release/Obj/ble_app_beacon_pca10040e_s112/nrf_sdh_soc.o
 .rodata.libc.__RAL_find_locale.str1.4
                0x000000000001e238        0xa C:/Program Files/SEGGER/SEGGER Embedded Studio for ARM 5.44/lib/libc_v7em_t_le_eabi.a(libc2.o)
 *fill*         0x000000000001e242        0x2 
 .rodata.libc.__RAL_ascii_ctype_map
                0x000000000001e244       0x80 C:/Program Files/SEGGER/SEGGER Embedded Studio for ARM 5.44/lib/libc_v7em_t_le_eabi.a(libc2.o)
                0x000000000001e244                __RAL_ascii_ctype_map
 .rodata.libc.__RAL_ascii_ctype_mask
                0x000000000001e2c4        0xd C:/Program Files/SEGGER/SEGGER Embedded Studio for ARM 5.44/lib/libc_v7em_t_le_eabi.a(libc2.o)
 *fill*         0x000000000001e2d1        0x3 
 .rodata.libc.__RAL_c_locale
                0x000000000001e2d4        0xc C:/Program Files/SEGGER/SEGGER Embedded Studio for ARM 5.44/lib/libc_v7em_t_le_eabi.a(libc2.o)
                0x000000000001e2d4                __RAL_c_locale
 .rodata.libc.__RAL_c_locale_abbrev_day_names
                0x000000000001e2e0       0x1d C:/Program Files/SEGGER/SEGGER Embedded Studio for ARM 5.44/lib/libc_v7em_t_le_eabi.a(libc2.o)
                0x000000000001e2e0                __RAL_c_locale_abbrev_day_names
 *fill*         0x000000000001e2fd        0x3 
 .rodata.libc.__RAL_c_locale_abbrev_month_names
                0x000000000001e300       0x31 C:/Program Files/SEGGER/SEGGER Embedded Studio for ARM 5.44/lib/libc_v7em_t_le_eabi.a(libc2.o)
                0x000000000001e300                __RAL_c_locale_abbrev_month_names
 *fill*         0x000000000001e331        0x3 
 .rodata.libc.__RAL_c_locale_am_pm_indicator
                0x000000000001e334        0x7 C:/Program Files/SEGGER/SEGGER Embedded Studio for ARM 5.44/lib/libc_v7em_t_le_eabi.a(libc2.o)
                0x000000000001e334                __RAL_c_locale_am_pm_indicator
 *fill*         0x000000000001e33b        0x1 
 .rodata.libc.__RAL_c_locale_data
                0x000000000001e33c       0x58 C:/Program Files/SEGGER/SEGGER Embedded Studio for ARM 5.44/lib/libc_v7em_t_le_eabi.a(libc2.o)
                0x000000000001e33c                __RAL_c_locale_data
 .rodata.libc.__RAL_c_locale_date_format
                0x000000000001e394        0x9 C:/Program Files/SEGGER/SEGGER Embedded Studio for ARM 5.44/lib/libc_v7em_t_le_eabi.a(libc2.o)
                0x000000000001e394                __RAL_c_locale_date_format
 *fill*         0x000000000001e39d        0x3 
 .rodata.libc.__RAL_c_locale_date_time_format
                0x000000000001e3a0        0xf C:/Program Files/SEGGER/SEGGER Embedded Studio for ARM 5.44/lib/libc_v7em_t_le_eabi.a(libc2.o)
                0x000000000001e3a0                __RAL_c_locale_date_time_format
 *fill*         0x000000000001e3af        0x1 
 .rodata.libc.__RAL_c_locale_day_names
                0x000000000001e3b0       0x3a C:/Program Files/SEGGER/SEGGER Embedded Studio for ARM 5.44/lib/libc_v7em_t_le_eabi.a(libc2.o)
                0x000000000001e3b0                __RAL_c_locale_day_names
 *fill*         0x000000000001e3ea        0x2 
 .rodata.libc.__RAL_c_locale_month_names
                0x000000000001e3ec       0x57 C:/Program Files/SEGGER/SEGGER Embedded Studio for ARM 5.44/lib/libc_v7em_t_le_eabi.a(libc2.o)
                0x000000000001e3ec                __RAL_c_locale_month_names
 *fill*         0x000000000001e443        0x1 
 .rodata.libc.__RAL_c_locale_time_format
                0x000000000001e444        0x9 C:/Program Files/SEGGER/SEGGER Embedded Studio for ARM 5.44/lib/libc_v7em_t_le_eabi.a(libc2.o)
                0x000000000001e444                __RAL_c_locale_time_format
 *fill*         0x000000000001e44d        0x3 
 .rodata.libc.__RAL_codeset_ascii
                0x000000000001e450       0x20 C:/Program Files/SEGGER/SEGGER Embedded Studio for ARM 5.44/lib/libc_v7em_t_le_eabi.a(libc2.o)
                0x000000000001e450                __RAL_codeset_ascii
 .rodata.libc.__RAL_data_empty_string
                0x000000000001e470        0x1 C:/Program Files/SEGGER/SEGGER Embedded Studio for ARM 5.44/lib/libc_v7em_t_le_eabi.a(libc2.o)
                0x000000000001e470                __RAL_data_empty_string
 *fill*         0x000000000001e471        0x3 
 .rodata.libc.__RAL_data_utf8_period
                0x000000000001e474        0x2 C:/Program Files/SEGGER/SEGGER Embedded Studio for ARM 5.44/lib/libc_v7em_t_le_eabi.a(libc2.o)
                0x000000000001e474                __RAL_data_utf8_period
                0x000000000001e478                . = ALIGN (MAX ((__rodata_start__ + 0x4), .), 0x4)
 *fill*         0x000000000001e476        0x2 
                0x000000000001e478                __rodata_end__ = (__rodata_start__ + SIZEOF (.rodata))
                0x0000000000000c44                __rodata_size__ = SIZEOF (.rodata)
                0x000000000001e478                __rodata_load_end__ = __rodata_end__

.rel.dyn        0x000000000001e478        0x0
 .rel.iplt      0x000000000001e478        0x0 Output/Release/Obj/ble_app_beacon_pca10040e_s112/thumb_crt0.o
                0x0000000000000001                . = ASSERT (((__rodata_start__ == __rodata_end__) || ((__rodata_end__ - __FLASH1_segment_start__) <= __FLASH1_segment_size__)), error: .rodata is too large to fit in FLASH1 memory segment)
                0x000000000001e478                __ARM.exidx_load_start__ = ALIGN (__rodata_end__, 0x4)

.ARM.exidx      0x000000000001e478        0x0
                0x000000000001e478                __ARM.exidx_start__ = .
                0x000000000001e478                __exidx_start = __ARM.exidx_start__
 *(.ARM.exidx .ARM.exidx.*)
                0x000000000001e478                __ARM.exidx_end__ = (__ARM.exidx_start__ + SIZEOF (.ARM.exidx))