Archive member included to satisfy reference by file (symbol)

C:/Program Files/SEGGER/SEGGER Embedded Studio for ARM 5.40c/lib/libc_v7em_fpv4_sp_d16_hard_t_le_eabi.a(libc_asm.o)
                              Output/Release/Obj/ble_app_beacon_pca10040_s132/bsp.o (__aeabi_uldivmod)
C:/Program Files/SEGGER/SEGGER Embedded Studio for ARM 5.40c/lib/libc_v7em_fpv4_sp_d16_hard_t_le_eabi.a(libc2.o)
                              Output/Release/Obj/ble_app_beacon_pca10040_s132/nrf_log_str_formatter.o (isprint)
C:/Program Files/SEGGER/SEGGER Embedded Studio for ARM 5.40c/lib/libc_v7em_fpv4_sp_d16_hard_t_le_eabi.a(libc2_asm.o)
                              Output/Release/Obj/ble_app_beacon_pca10040_s132/nrf_log_frontend.o (memcpy)
C:/Program Files/SEGGER/SEGGER Embedded Studio for ARM 5.40c/lib/libc_v7em_fpv4_sp_d16_hard_t_le_eabi.a(libvfprintf.o)
                              (__vfprintf_long)
C:/Program Files/SEGGER/SEGGER Embedded Studio for ARM 5.40c/lib/libc_v7em_fpv4_sp_d16_hard_t_le_eabi.a(libvfscanf.o)
                              (__vfscanf_long)
C:/Program Files/SEGGER/SEGGER Embedded Studio for ARM 5.40c/lib/libc_v7em_fpv4_sp_d16_hard_t_le_eabi.a(libc.o)
                              C:/Program Files/SEGGER/SEGGER Embedded Studio for ARM 5.40c/lib/libc_v7em_fpv4_sp_d16_hard_t_le_eabi.a(libc2.o) (__heap_lock)
C:/Program Files/SEGGER/SEGGER Embedded Studio for ARM 5.40c/lib/libdebugio_v7em_fpv4_sp_d16_hard_t_le_eabi.a(libdebugio.o)
                              Output/Release/Obj/ble_app_beacon_pca10040_s132/thumb_crt0.o (debug_fopen)
C:/Program Files/SEGGER/SEGGER Embedded Studio for ARM 5.40c/lib/libdebugio_v7em_fpv4_sp_d16_hard_t_le_eabi.a(do_nv_debug_operation.o)
                              C:/Program Files/SEGGER/SEGGER Embedded Studio for ARM 5.40c/lib/libdebugio_v7em_fpv4_sp_d16_hard_t_le_eabi.a(libdebugio.o) (__do_nvdebug_operation)
C:/Program Files/SEGGER/SEGGER Embedded Studio for ARM 5.40c/lib/libdebugio_v7em_fpv4_sp_d16_hard_t_le_eabi.a(mempoll_debug_operations.o)
                              (__do_debug_operation_mempoll)
C:/Program Files/SEGGER/SEGGER Embedded Studio for ARM 5.40c/lib/libm_v7em_fpv4_sp_d16_hard_t_le_eabi.a(libm_asm.o)
                              C:/Program Files/SEGGER/SEGGER Embedded Studio for ARM 5.40c/lib/libc_v7em_fpv4_sp_d16_hard_t_le_eabi.a(libc2.o) (__aeabi_dadd)
C:/Program Files/SEGGER/SEGGER Embedded Studio for ARM 5.40c/lib/libm_v7em_fpv4_sp_d16_hard_t_le_eabi.a(libm2.o)
                              C:/Program Files/SEGGER/SEGGER Embedded Studio for ARM 5.40c/lib/libc_v7em_fpv4_sp_d16_hard_t_le_eabi.a(libvfprintf.o) (frexp)

Discarded input sections

 .text          0x0000000000000000        0x0 Output/Release/Obj/ble_app_beacon_pca10040_s132/thumb_crt0.o
 .data          0x0000000000000000        0x0 Output/Release/Obj/ble_app_beacon_pca10040_s132/thumb_crt0.o
 .bss           0x0000000000000000        0x0 Output/Release/Obj/ble_app_beacon_pca10040_s132/thumb_crt0.o
 .text.__aeabi_read_tp
                0x0000000000000000        0x8 Output/Release/Obj/ble_app_beacon_pca10040_s132/thumb_crt0.o
 .text.abort    0x0000000000000000        0x2 Output/Release/Obj/ble_app_beacon_pca10040_s132/thumb_crt0.o
 .text.__assert
                0x0000000000000000        0x2 Output/Release/Obj/ble_app_beacon_pca10040_s132/thumb_crt0.o
 .text.__assert_func
                0x0000000000000000        0x2 Output/Release/Obj/ble_app_beacon_pca10040_s132/thumb_crt0.o
 .text.__aeabi_assert
                0x0000000000000000        0x2 Output/Release/Obj/ble_app_beacon_pca10040_s132/thumb_crt0.o
 .text.__sync_synchronize
                0x0000000000000000        0x2 Output/Release/Obj/ble_app_beacon_pca10040_s132/thumb_crt0.o
 .text.__getchar
                0x0000000000000000        0x4 Output/Release/Obj/ble_app_beacon_pca10040_s132/thumb_crt0.o
 .text.__putchar
                0x0000000000000000        0x4 Output/Release/Obj/ble_app_beacon_pca10040_s132/thumb_crt0.o
 .text.__open   0x0000000000000000        0x4 Output/Release/Obj/ble_app_beacon_pca10040_s132/thumb_crt0.o
 .text.__close  0x0000000000000000        0x4 Output/Release/Obj/ble_app_beacon_pca10040_s132/thumb_crt0.o
 .text.__write  0x0000000000000000        0xa Output/Release/Obj/ble_app_beacon_pca10040_s132/thumb_crt0.o
 .text.__read   0x0000000000000000        0xa Output/Release/Obj/ble_app_beacon_pca10040_s132/thumb_crt0.o
 .text.__seek   0x0000000000000000       0x1a Output/Release/Obj/ble_app_beacon_pca10040_s132/thumb_crt0.o
 .text.remove   0x0000000000000000        0x4 Output/Release/Obj/ble_app_beacon_pca10040_s132/thumb_crt0.o
 .text.rename   0x0000000000000000        0x4 Output/Release/Obj/ble_app_beacon_pca10040_s132/thumb_crt0.o
 .bss.__user_locale_name_buffer
                0x0000000000000000        0x4 Output/Release/Obj/ble_app_beacon_pca10040_s132/thumb_crt0.o
 .stack         0x0000000000000000        0x0 Output/Release/Obj/ble_app_beacon_pca10040_s132/thumb_crt0.o
 .stack_process
[...]
Memory Configuration

Name             Origin             Length             Attributes
UNPLACED_SECTIONS 0x0000000100000000 0x0000000000000000 xw
RAM1             0x0000000020000000 0x0000000000010000 xw
FLASH1           0x0000000000000000 0x0000000000080000 xw
*default*        0x0000000000000000 0xffffffffffffffff

Linker script and memory map

                0x0000000000000000                __do_debug_operation = __do_debug_operation_mempoll
                0x0000000000000000                __vfprintf = __vfprintf_long
                0x0000000000000000                __vfscanf = __vfscanf_long
                0x0000000020000000                __RAM1_segment_start__ = 0x20000000
                0x0000000020010000                __RAM1_segment_end__ = 0x20010000
                0x0000000000010000                __RAM1_segment_size__ = 0x10000
                0x0000000000000000                __FLASH1_segment_start__ = 0x0
                0x0000000000080000                __FLASH1_segment_end__ = 0x80000
                0x0000000000080000                __FLASH1_segment_size__ = 0x80000
                0x0000000000002000                __HEAPSIZE__ = 0x2000
                0x0000000000000000                __STACKSIZE_PROCESS__ = 0x0
                0x0000000000002000                __STACKSIZE__ = 0x2000
                0x0000000020000000                __reserved_ram_load_start__ = 0x20000000

.reserved_ram   0x0000000020000000     0x18c8
                0x0000000020000000                __reserved_ram_start__ = .
 *(.reserved_ram .reserved_ram.*)
                0x00000000200018c8                . = MAX (((__reserved_ram_start__ + 0x200018c8) - 0x20000000), .)
 *fill*         0x0000000020000000     0x18c8 
                0x00000000200018c8                __reserved_ram_end__ = (__reserved_ram_start__ + SIZEOF (.reserved_ram))
                0x00000000000018c8                __reserved_ram_size__ = SIZEOF (.reserved_ram)
                0x00000000200018c8                __reserved_ram_load_end__ = __reserved_ram_end__
                0x0000000000000001                . = ASSERT (((__reserved_ram_start__ == __reserved_ram_end__) || ((__reserved_ram_end__ - __RAM1_segment_start__) <= __RAM1_segment_size__)), error: .reserved_ram is too large to fit in RAM1 memory segment)
                0x00000000200018c8                __vectors_ram_load_start__ = 0x200018c8

.vectors_ram    0x00000000200018c8        0x0
                0x00000000200018c8                __vectors_ram_start__ = .
                0x00000000200018c8                __app_ram_start__ = __vectors_ram_start__
 *(.vectors_ram .vectors_ram.*)
                0x00000000200018c8                __vectors_ram_end__ = (__vectors_ram_start__ + SIZEOF (.vectors_ram))
                0x0000000000000000                __vectors_ram_size__ = SIZEOF (.vectors_ram)
                0x00000000200018c8                __vectors_ram_load_end__ = __vectors_ram_end__
                0x0000000000000001                . = ASSERT (((__vectors_ram_start__ == __vectors_ram_end__) || ((__vectors_ram_end__ - __RAM1_segment_start__) <= __RAM1_segment_size__)), error: .vectors_ram is too large to fit in RAM1 memory segment)
                0x0000000000000001                . = ASSERT ((__reserved_ram_end__ <= __vectors_ram_start__), error: section .reserved_ram overlaps absolute placed section .vectors_ram)
                0x00000000200018c8                __nrf_sections_run_load_start__ = ALIGN (__vectors_ram_end__, 0x4)

.nrf_sections_run
                0x00000000200018c8        0x0
                0x00000000200018c8                __nrf_sections_run_start__ = .
                0x00000000200018c8                __start_nrf_sections_run = __nrf_sections_run_start__
 *(.nrf_sections_run .nrf_sections_run.*)
                0x00000000200018c8                __nrf_sections_run_end__ = (__nrf_sections_run_start__ + SIZEOF (.nrf_sections_run))
                0x0000000000000000                __nrf_sections_run_size__ = SIZEOF (.nrf_sections_run)
                0x00000000200018c8                __nrf_sections_run_load_end__ = __nrf_sections_run_end__
                0x0000000000000001                . = ASSERT (((__nrf_sections_run_start__ == __nrf_sections_run_end__) || ((__nrf_sections_run_end__ - __RAM1_segment_start__) <= __RAM1_segment_size__)), error: .nrf_sections_run is too large to fit in RAM1 memory segment)
                0x0000000000000000                __reserved_flash_load_start__ = 0x0

.reserved_flash
                0x0000000000000000    0x26000
                0x0000000000000000                __reserved_flash_start__ = .
 *(.reserved_flash .reserved_flash.*)
                0x0000000000026000                . = MAX (((__reserved_flash_start__ + 0x26000) - 0x0), .)
 *fill*         0x0000000000000000    0x26000 
                0x0000000000026000                __reserved_flash_end__ = (__reserved_flash_start__ + SIZEOF (.reserved_flash))
                0x0000000000026000                __reserved_flash_size__ = SIZEOF (.reserved_flash)
                0x0000000000026000                __reserved_flash_load_end__ = __reserved_flash_end__
                0x0000000000000001                . = ASSERT (((__reserved_flash_start__ == __reserved_flash_end__) || ((__reserved_flash_end__ - __FLASH1_segment_start__) <= __FLASH1_segment_size__)), error: .reserved_flash is too large to fit in FLASH1 memory segment)
                0x0000000000026000                __vectors_load_start__ = 0x26000

.vectors        0x0000000000026000      0x200
                0x0000000000026000                __vectors_start__ = .
 *(.vectors .vectors.*)
 .vectors       0x0000000000026000      0x200 Output/Release/Obj/ble_app_beacon_pca10040_s132/ses_startup_nrf52.o
                0x0000000000026000                _vectors
                0x0000000000026200                __vectors_end__ = (__vectors_start__ + SIZEOF (.vectors))
                0x0000000000000200                __vectors_size__ = SIZEOF (.vectors)
                0x0000000000026200                __vectors_load_end__ = __vectors_end__
                0x0000000000000001                . = ASSERT (((__vectors_start__ == __vectors_end__) || ((__vectors_end__ - __FLASH1_segment_start__) <= __FLASH1_segment_size__)), error: .vectors is too large to fit in FLASH1 memory segment)
                0x0000000000000001                . = ASSERT ((__reserved_flash_end__ <= __vectors_start__), error: section .reserved_flash overlaps absolute placed section .vectors)
                0x0000000000026200                __init_load_start__ = ALIGN (__vectors_end__, 0x4)

.init           0x0000000000026200      0x1d0
                0x0000000000026200                __init_start__ = .
 *(.init .init.*)
 .init          0x0000000000026200      0x15c Output/Release/Obj/ble_app_beacon_pca10040_s132/thumb_crt0.o
                0x0000000000026200                _start
                0x00000000000262b4                exit
 .init          0x000000000002635c       0x18 Output/Release/Obj/ble_app_beacon_pca10040_s132/ses_startup_nrf52.o
                0x000000000002635c                NMI_Handler
                0x000000000002635e                HardFault_Handler
                0x0000000000026360                MemoryManagement_Handler
                0x0000000000026362                BusFault_Handler
                0x0000000000026364                UsageFault_Handler
                0x0000000000026366                SVC_Handler
                0x0000000000026368                DebugMon_Handler
                0x000000000002636a                PendSV_Handler
                0x000000000002636c                SysTick_Handler
                0x000000000002636e                SWI0_EGU0_IRQHandler
                0x000000000002636e                RADIO_IRQHandler
                0x000000000002636e                PDM_IRQHandler
                0x000000000002636e                PWM1_IRQHandler
                0x000000000002636e                QDEC_IRQHandler
                0x000000000002636e                TIMER3_IRQHandler
                0x000000000002636e                RTC0_IRQHandler
                0x000000000002636e                SPIM0_SPIS0_TWIM0_TWIS0_SPI0_TWI0_IRQHandler
                0x000000000002636e                TEMP_IRQHandler
                0x000000000002636e                TIMER4_IRQHandler
                0x000000000002636e                I2S_IRQHandler
                0x000000000002636e                SWI4_EGU4_IRQHandler
                0x000000000002636e                TIMER0_IRQHandler
                0x000000000002636e                Dummy_Handler
                0x000000000002636e                TIMER1_IRQHandler
                0x000000000002636e                PWM2_IRQHandler
                0x000000000002636e                ECB_IRQHandler
                0x000000000002636e                SPIM1_SPIS1_TWIM1_TWIS1_SPI1_TWI1_IRQHandler
                0x000000000002636e                SAADC_IRQHandler
                0x000000000002636e                CCM_AAR_IRQHandler
                0x000000000002636e                WDT_IRQHandler
                0x000000000002636e                FPU_IRQHandler
                0x000000000002636e                SWI5_EGU5_IRQHandler
                0x000000000002636e                RNG_IRQHandler
                0x000000000002636e                RTC2_IRQHandler
                0x000000000002636e                PWM0_IRQHandler
                0x000000000002636e                SWI3_EGU3_IRQHandler
                0x000000000002636e                SWI1_EGU1_IRQHandler
                0x000000000002636e                SPIM2_SPIS2_SPI2_IRQHandler
                0x000000000002636e                NFCT_IRQHandler
                0x000000000002636e                TIMER2_IRQHandler
                0x000000000002636e                MWU_IRQHandler
                0x000000000002636e                COMP_LPCOMP_IRQHandler
                0x0000000000026370                nRFInitialize
 .init          0x0000000000026374       0x5c Output/Release/Obj/ble_app_beacon_pca10040_s132/ses_startup_nrf_common.o
                0x0000000000026374                Reset_Handler
                0x0000000000026378                afterInitialize
                0x000000000002639c                InitializeUserMemorySections
                0x00000000000263d0                __init_end__ = (__init_start__ + SIZEOF (.init))
                0x00000000000001d0                __init_size__ = SIZEOF (.init)
                0x00000000000263d0                __init_load_end__ = __init_end__
                0x0000000000000001                . = ASSERT (((__init_start__ == __init_end__) || ((__init_end__ - __FLASH1_segment_start__) <= __FLASH1_segment_size__)), error: .init is too large to fit in FLASH1 memory segment)
                0x00000000000263d0                __init_rodata_load_start__ = ALIGN (__init_end__, 0x4)

.init_rodata    0x00000000000263d0        0x0
                0x00000000000263d0                __init_rodata_start__ = .
 *(.init_rodata .init_rodata.*)
                0x00000000000263d0                __init_rodata_end__ = (__init_rodata_start__ + SIZEOF (.init_rodata))
                0x0000000000000000                __init_rodata_size__ = SIZEOF (.init_rodata)
                0x00000000000263d0                __init_rodata_load_end__ = __init_rodata_end__
                0x0000000000000001                . = ASSERT (((__init_rodata_start__ == __init_rodata_end__) || ((__init_rodata_end__ - __FLASH1_segment_start__) <= __FLASH1_segment_size__)), error: .init_rodata is too large to fit in FLASH1 memory segment)
                0x00000000000263d0                __text_load_start__ = ALIGN (__init_rodata_end__, 0x4)

.text           0x00000000000263d0     0x40c4
                0x00000000000263d0                __text_start__ = .
 *(.text .text.* .glue_7t .glue_7 .gnu.linkonce.t.* .gcc_except_table .ARM.extab* .gnu.linkonce.armextab.*)
 .glue_7        0x00000000000263d0        0x0 linker stubs
 .glue_7t       0x00000000000263d0        0x0 linker stubs
 .text.nrf_log_backend_serial_put
                0x00000000000263d0       0xc2 Output/Release/Obj/ble_app_beacon_pca10040_s132/nrf_log_backend_serial.o
                0x00000000000263d0                nrf_log_backend_serial_put
 *fill*         0x0000000000026492        0x2 
 .text.uart_evt_handler
                0x0000000000026494        0xc Output/Release/Obj/ble_app_beacon_pca10040_s132/nrf_log_backend_uart.o
 .text.nrf_log_backend_uart_flush
                0x00000000000264a0        0x2 Output/Release/Obj/ble_app_beacon_pca10040_s132/nrf_log_backend_uart.o
 *fill*         0x00000000000264a2        0x2 
 .text.uart_init
                0x00000000000264a4       0x4c Output/Release/Obj/ble_app_beacon_pca10040_s132/nrf_log_backend_uart.o
 .text.nrf_log_backend_uart_put
                0x00000000000264f0       0x1c Output/Release/Obj/ble_app_beacon_pca10040_s132/nrf_log_backend_uart.o
 .text.serial_tx
                0x000000000002650c       0x48 Output/Release/Obj/ble_app_beacon_pca10040_s132/nrf_log_backend_uart.o
 .text.nrf_log_backend_uart_panic_set
                0x0000000000026554       0x2c Output/Release/Obj/ble_app_beacon_pca10040_s132/nrf_log_backend_uart.o
 .text.nrf_log_backend_uart_init
                0x0000000000026580        0x6 Output/Release/Obj/ble_app_beacon_pca10040_s132/nrf_log_backend_uart.o
                0x0000000000026580                nrf_log_backend_uart_init
 *fill*         0x0000000000026586        0x2 
 .text.nrf_log_default_backends_init
                0x0000000000026588       0x20 Output/Release/Obj/ble_app_beacon_pca10040_s132/nrf_log_default_backends.o
                0x0000000000026588                nrf_log_default_backends_init
 .text.invalid_packets_omit
                0x00000000000265a8       0x3a Output/Release/Obj/ble_app_beacon_pca10040_s132/nrf_log_frontend.o
 *fill*         0x00000000000265e2        0x2 
 .text.buf_prealloc
                0x00000000000265e4      0x128 Output/Release/Obj/ble_app_beacon_pca10040_s132/nrf_log_frontend.o
 .text.nrf_log_init
                0x000000000002670c       0x28 Output/Release/Obj/ble_app_beacon_pca10040_s132/nrf_log_frontend.o
                0x000000000002670c                nrf_log_init
 .text.nrf_log_module_name_get
                0x0000000000026734       0x38 Output/Release/Obj/ble_app_beacon_pca10040_s132/nrf_log_frontend.o
                0x0000000000026734                nrf_log_module_name_get
 .text.nrf_log_color_id_get
                0x000000000002676c       0x2c Output/Release/Obj/ble_app_beacon_pca10040_s132/nrf_log_frontend.o
                0x000000000002676c                nrf_log_color_id_get
 .text.log_pending_hook
                0x0000000000026798        0x2 Output/Release/Obj/ble_app_beacon_pca10040_s132/nrf_log_frontend.o
                0x0000000000026798                log_pending_hook
 *fill*         0x000000000002679a        0x2 
 .text.buffer_is_empty
                0x000000000002679c       0x14 Output/Release/Obj/ble_app_beacon_pca10040_s132/nrf_log_frontend.o
                0x000000000002679c                buffer_is_empty
 .text.nrf_log_frontend_dequeue
                0x00000000000267b0      0x208 Output/Release/Obj/ble_app_beacon_pca10040_s132/nrf_log_frontend.o
                0x00000000000267b0                nrf_log_frontend_dequeue
 .text.std_n    0x00000000000269b8       0x90 Output/Release/Obj/ble_app_beacon_pca10040_s132/nrf_log_frontend.o
 .text.nrf_log_frontend_std_0
                0x0000000000026a48        0x8 Output/Release/Obj/ble_app_beacon_pca10040_s132/nrf_log_frontend.o
                0x0000000000026a48                nrf_log_frontend_std_0
 .text.nrf_log_frontend_std_1
                0x0000000000026a50       0x12 Output/Release/Obj/ble_app_beacon_pca10040_s132/nrf_log_frontend.o
                0x0000000000026a50                nrf_log_frontend_std_1
 .text.nrf_log_frontend_std_2
                0x0000000000026a62       0x14 Output/Release/Obj/ble_app_beacon_pca10040_s132/nrf_log_frontend.o
                0x0000000000026a62                nrf_log_frontend_std_2
 *fill*         0x0000000000026a76        0x2 
 .text.nrf_log_backend_add
                0x0000000000026a78       0x44 Output/Release/Obj/ble_app_beacon_pca10040_s132/nrf_log_frontend.o
                0x0000000000026a78                nrf_log_backend_add
 .text.nrf_log_panic
                0x0000000000026abc       0x28 Output/Release/Obj/ble_app_beacon_pca10040_s132/nrf_log_frontend.o
                0x0000000000026abc                nrf_log_panic
 .text.prefix_process
                0x0000000000026ae4       0x7c Output/Release/Obj/ble_app_beacon_pca10040_s132/nrf_log_str_formatter.o
 .text.postfix_process
                0x0000000000026b60       0x44 Output/Release/Obj/ble_app_beacon_pca10040_s132/nrf_log_str_formatter.o
 .text.nrf_log_std_entry_process
                0x0000000000026ba4       0xc8 Output/Release/Obj/ble_app_beacon_pca10040_s132/nrf_log_str_formatter.o
                0x0000000000026ba4                nrf_log_std_entry_process
 .text.nrf_log_hexdump_entry_process
                0x0000000000026c6c       0xb8 Output/Release/Obj/ble_app_beacon_pca10040_s132/nrf_log_str_formatter.o
                0x0000000000026c6c                nrf_log_hexdump_entry_process
 .text.state_set
                0x0000000000026d24       0x24 Output/Release/Obj/ble_app_beacon_pca10040_s132/app_button.o
 .text.button_get
                0x0000000000026d48       0x30 Output/Release/Obj/ble_app_beacon_pca10040_s132/app_button.o
 .text.usr_event
                0x0000000000026d78       0x20 Output/Release/Obj/ble_app_beacon_pca10040_s132/app_button.o
 .text.timer_start
                0x0000000000026d98       0x18 Output/Release/Obj/ble_app_beacon_pca10040_s132/app_button.o
 .text.gpiote_event_handler
                0x0000000000026db0       0x34 Output/Release/Obj/ble_app_beacon_pca10040_s132/app_button.o
 .text.evt_handle
                0x0000000000026de4       0xec Output/Release/Obj/ble_app_beacon_pca10040_s132/app_button.o
                0x0000000000026de4                evt_handle
 .text.detection_delay_timeout_handler
                0x0000000000026ed0       0x5c Output/Release/Obj/ble_app_beacon_pca10040_s132/app_button.o
 .text.app_button_init
                0x0000000000026f2c       0xb0 Output/Release/Obj/ble_app_beacon_pca10040_s132/app_button.o
                0x0000000000026f2c                app_button_init
 .text.app_button_enable
                0x0000000000026fdc       0x2c Output/Release/Obj/ble_app_beacon_pca10040_s132/app_button.o
                0x0000000000026fdc                app_button_enable
 .text.app_error_handler_bare
                0x0000000000027008       0x1a Output/Release/Obj/ble_app_beacon_pca10040_s132/app_error.o
                0x0000000000027008                app_error_handler_bare
 *fill*         0x0000000000027022        0x2 
 .text.app_error_fault_handler
                0x0000000000027024       0x6c Output/Release/Obj/ble_app_beacon_pca10040_s132/app_error_weak.o
                0x0000000000027024                app_error_fault_handler
 .text.compare_func
                0x0000000000027090       0x18 Output/Release/Obj/ble_app_beacon_pca10040_s132/app_timer2.o
 .text.get_now  0x00000000000270a8       0x38 Output/Release/Obj/ble_app_beacon_pca10040_s132/app_timer2.o
 .text.timer_req_schedule
                0x00000000000270e0       0x38 Output/Release/Obj/ble_app_beacon_pca10040_s132/app_timer2.o
 .text.timer_expire
                0x0000000000027118       0xb0 Output/Release/Obj/ble_app_beacon_pca10040_s132/app_timer2.o
 .text.app_timer_init
                0x00000000000271c8       0x64 Output/Release/Obj/ble_app_beacon_pca10040_s132/app_timer2.o
                0x00000000000271c8                app_timer_init
 .text.app_timer_create
                0x000000000002722c       0x24 Output/Release/Obj/ble_app_beacon_pca10040_s132/app_timer2.o
                0x000000000002722c                app_timer_create
 .text.app_timer_start
                0x0000000000027250       0x5c Output/Release/Obj/ble_app_beacon_pca10040_s132/app_timer2.o
                0x0000000000027250                app_timer_start
 .text.app_timer_stop
                0x00000000000272ac       0x4e Output/Release/Obj/ble_app_beacon_pca10040_s132/app_timer2.o
                0x00000000000272ac                app_timer_stop
 *fill*         0x00000000000272fa        0x2 
 .text.app_timer_cnt_get
                0x00000000000272fc        0xc Output/Release/Obj/ble_app_beacon_pca10040_s132/app_timer2.o
                0x00000000000272fc                app_timer_cnt_get
 .text.rtc_irq  0x0000000000027308      0x1b8 Output/Release/Obj/ble_app_beacon_pca10040_s132/app_timer2.o
 .text.app_util_critical_region_enter
                0x00000000000274c0       0x48 Output/Release/Obj/ble_app_beacon_pca10040_s132/app_util_platform.o
                0x00000000000274c0                app_util_critical_region_enter
 .text.app_util_critical_region_exit
                0x0000000000027508       0x2c Output/Release/Obj/ble_app_beacon_pca10040_s132/app_util_platform.o
                0x0000000000027508                app_util_critical_region_exit
 .text.evt_pending.isra.0
                0x0000000000027534       0x1a Output/Release/Obj/ble_app_beacon_pca10040_s132/drv_rtc.o
 *fill*         0x000000000002754e        0x2 
 .text.drv_rtc_init
                0x0000000000027550       0xa4 Output/Release/Obj/ble_app_beacon_pca10040_s132/drv_rtc.o
                0x0000000000027550                drv_rtc_init
 .text.drv_rtc_start
                0x00000000000275f4        0x8 Output/Release/Obj/ble_app_beacon_pca10040_s132/drv_rtc.o
                0x00000000000275f4                drv_rtc_start
 .text.drv_rtc_stop
                0x00000000000275fc        0x8 Output/Release/Obj/ble_app_beacon_pca10040_s132/drv_rtc.o
                0x00000000000275fc                drv_rtc_stop
 .text.drv_rtc_compare_set
                0x0000000000027604       0x3e Output/Release/Obj/ble_app_beacon_pca10040_s132/drv_rtc.o
                0x0000000000027604                drv_rtc_compare_set
 *fill*         0x0000000000027642        0x2 
 .text.drv_rtc_windowed_compare_set
                0x0000000000027644       0xf0 Output/Release/Obj/ble_app_beacon_pca10040_s132/drv_rtc.o
                0x0000000000027644                drv_rtc_windowed_compare_set
 .text.drv_rtc_overflow_enable
                0x0000000000027734       0x10 Output/Release/Obj/ble_app_beacon_pca10040_s132/drv_rtc.o
                0x0000000000027734                drv_rtc_overflow_enable
 .text.drv_rtc_overflow_pending
                0x0000000000027744        0xa Output/Release/Obj/ble_app_beacon_pca10040_s132/drv_rtc.o
                0x0000000000027744                drv_rtc_overflow_pending
 .text.drv_rtc_compare_disable
                0x000000000002774e       0x14 Output/Release/Obj/ble_app_beacon_pca10040_s132/drv_rtc.o
                0x000000000002774e                drv_rtc_compare_disable
 .text.drv_rtc_compare_pending
                0x0000000000027762        0xc Output/Release/Obj/ble_app_beacon_pca10040_s132/drv_rtc.o
                0x0000000000027762                drv_rtc_compare_pending
 .text.drv_rtc_counter_get
                0x000000000002776e        0x8 Output/Release/Obj/ble_app_beacon_pca10040_s132/drv_rtc.o
                0x000000000002776e                drv_rtc_counter_get
 *fill*         0x0000000000027776        0x2 
 .text.drv_rtc_irq_trigger
                0x0000000000027778       0x24 Output/Release/Obj/ble_app_beacon_pca10040_s132/drv_rtc.o
                0x0000000000027778                drv_rtc_irq_trigger
 .text.RTC1_IRQHandler
                0x000000000002779c       0x14 Output/Release/Obj/ble_app_beacon_pca10040_s132/drv_rtc.o
                0x000000000002779c                RTC1_IRQHandler
 .text.nrf_atfifo_init
                0x00000000000277b0       0x26 Output/Release/Obj/ble_app_beacon_pca10040_s132/nrf_atfifo.o
                0x00000000000277b0                nrf_atfifo_init
 .text.nrf_atfifo_item_alloc
                0x00000000000277d6       0x54 Output/Release/Obj/ble_app_beacon_pca10040_s132/nrf_atfifo.o
                0x00000000000277d6                nrf_atfifo_item_alloc
 .text.nrf_atfifo_item_put
                0x000000000002782a       0x20 Output/Release/Obj/ble_app_beacon_pca10040_s132/nrf_atfifo.o
                0x000000000002782a                nrf_atfifo_item_put
 .text.nrf_atfifo_item_get
                0x000000000002784a       0x56 Output/Release/Obj/ble_app_beacon_pca10040_s132/nrf_atfifo.o
                0x000000000002784a                nrf_atfifo_item_get
 .text.nrf_atfifo_item_free
                0x00000000000278a0       0x20 Output/Release/Obj/ble_app_beacon_pca10040_s132/nrf_atfifo.o
                0x00000000000278a0                nrf_atfifo_item_free
 .text.nrf_atomic_u32_fetch_store
                0x00000000000278c0       0x16 Output/Release/Obj/ble_app_beacon_pca10040_s132/nrf_atomic.o
                0x00000000000278c0                nrf_atomic_u32_fetch_store
 .text.nrf_atomic_u32_or
                0x00000000000278d6       0x18 Output/Release/Obj/ble_app_beacon_pca10040_s132/nrf_atomic.o
                0x00000000000278d6                nrf_atomic_u32_or
 .text.nrf_atomic_u32_fetch_and
                0x00000000000278ee       0x18 Output/Release/Obj/ble_app_beacon_pca10040_s132/nrf_atomic.o
                0x00000000000278ee                nrf_atomic_u32_fetch_and
 .text.nrf_atomic_u32_add
                0x0000000000027906       0x18 Output/Release/Obj/ble_app_beacon_pca10040_s132/nrf_atomic.o
                0x0000000000027906                nrf_atomic_u32_add
 .text.nrf_atomic_u32_sub
                0x000000000002791e       0x18 Output/Release/Obj/ble_app_beacon_pca10040_s132/nrf_atomic.o
                0x000000000002791e                nrf_atomic_u32_sub
 .text.nrf_atomic_flag_set
                0x0000000000027936        0x6 Output/Release/Obj/ble_app_beacon_pca10040_s132/nrf_atomic.o
                0x0000000000027936                nrf_atomic_flag_set
 .text.nrf_atomic_flag_clear_fetch
                0x000000000002793c        0x6 Output/Release/Obj/ble_app_beacon_pca10040_s132/nrf_atomic.o
                0x000000000002793c                nrf_atomic_flag_clear_fetch
 .text.nrf_balloc_init
                0x0000000000027942       0x2e Output/Release/Obj/ble_app_beacon_pca10040_s132/nrf_balloc.o
                0x0000000000027942                nrf_balloc_init
 .text.nrf_balloc_alloc
                0x0000000000027970       0x48 Output/Release/Obj/ble_app_beacon_pca10040_s132/nrf_balloc.o
                0x0000000000027970                nrf_balloc_alloc
 .text.nrf_balloc_free
                0x00000000000279b8       0x34 Output/Release/Obj/ble_app_beacon_pca10040_s132/nrf_balloc.o
                0x00000000000279b8                nrf_balloc_free
 .text.nrf_fprintf_buffer_flush
                0x00000000000279ec       0x16 Output/Release/Obj/ble_app_beacon_pca10040_s132/nrf_fprintf.o
                0x00000000000279ec                nrf_fprintf_buffer_flush
 .text.nrf_fprintf
                0x0000000000027a02       0x1c Output/Release/Obj/ble_app_beacon_pca10040_s132/nrf_fprintf.o
                0x0000000000027a02                nrf_fprintf
 .text.buffer_add
                0x0000000000027a1e       0x2e Output/Release/Obj/ble_app_beacon_pca10040_s132/nrf_fprintf_format.o
 .text.unsigned_print
                0x0000000000027a4c       0xb4 Output/Release/Obj/ble_app_beacon_pca10040_s132/nrf_fprintf_format.o
 .text.nrf_fprintf_fmt
                0x0000000000027b00      0x294 Output/Release/Obj/ble_app_beacon_pca10040_s132/nrf_fprintf_format.o
                0x0000000000027b00                nrf_fprintf_fmt
 .text.memobj_op
                0x0000000000027d94       0x86 Output/Release/Obj/ble_app_beacon_pca10040_s132/nrf_memobj.o
 .text.nrf_memobj_pool_init
                0x0000000000027e1a        0x4 Output/Release/Obj/ble_app_beacon_pca10040_s132/nrf_memobj.o
                0x0000000000027e1a                nrf_memobj_pool_init
 .text.nrf_memobj_free
                0x0000000000027e1e       0x2c Output/Release/Obj/ble_app_beacon_pca10040_s132/nrf_memobj.o
                0x0000000000027e1e                nrf_memobj_free
 .text.nrf_memobj_alloc
                0x0000000000027e4a       0x5e Output/Release/Obj/ble_app_beacon_pca10040_s132/nrf_memobj.o
                0x0000000000027e4a                nrf_memobj_alloc
 .text.nrf_memobj_get
                0x0000000000027ea8        0x8 Output/Release/Obj/ble_app_beacon_pca10040_s132/nrf_memobj.o
                0x0000000000027ea8                nrf_memobj_get
 .text.nrf_memobj_put
                0x0000000000027eb0       0x1c Output/Release/Obj/ble_app_beacon_pca10040_s132/nrf_memobj.o
                0x0000000000027eb0                nrf_memobj_put
 .text.nrf_memobj_write
                0x0000000000027ecc       0x14 Output/Release/Obj/ble_app_beacon_pca10040_s132/nrf_memobj.o
                0x0000000000027ecc                nrf_memobj_write
 .text.nrf_memobj_read
                0x0000000000027ee0       0x14 Output/Release/Obj/ble_app_beacon_pca10040_s132/nrf_memobj.o
                0x0000000000027ee0                nrf_memobj_read
 .text.sd_app_evt_wait
                0x0000000000027ef4        0x4 Output/Release/Obj/ble_app_beacon_pca10040_s132/nrf_pwr_mgmt.o
 .text.nrf_pwr_mgmt_init
                0x0000000000027ef8       0x2c Output/Release/Obj/ble_app_beacon_pca10040_s132/nrf_pwr_mgmt.o
                0x0000000000027ef8                nrf_pwr_mgmt_init
 .text.nrf_pwr_mgmt_run
                0x0000000000027f24       0x50 Output/Release/Obj/ble_app_beacon_pca10040_s132/nrf_pwr_mgmt.o
                0x0000000000027f24                nrf_pwr_mgmt_run
 .text.nrf_ringbuf_init
                0x0000000000027f74       0x12 Output/Release/Obj/ble_app_beacon_pca10040_s132/nrf_ringbuf.o
                0x0000000000027f74                nrf_ringbuf_init
 .text.nrf_section_iter_init
                0x0000000000027f86       0x14 Output/Release/Obj/ble_app_beacon_pca10040_s132/nrf_section_iter.o
                0x0000000000027f86                nrf_section_iter_init
 .text.nrf_section_iter_next
                0x0000000000027f9a       0x18 Output/Release/Obj/ble_app_beacon_pca10040_s132/nrf_section_iter.o
                0x0000000000027f9a                nrf_section_iter_next
 .text.nrf_sortlist_add
                0x0000000000027fb2       0x20 Output/Release/Obj/ble_app_beacon_pca10040_s132/nrf_sortlist.o
                0x0000000000027fb2                nrf_sortlist_add
 .text.nrf_sortlist_pop
                0x0000000000027fd2        0xc Output/Release/Obj/ble_app_beacon_pca10040_s132/nrf_sortlist.o
                0x0000000000027fd2                nrf_sortlist_pop
 .text.nrf_sortlist_peek
                0x0000000000027fde        0x6 Output/Release/Obj/ble_app_beacon_pca10040_s132/nrf_sortlist.o
                0x0000000000027fde                nrf_sortlist_peek
 .text.nrf_sortlist_remove
                0x0000000000027fe4       0x1a Output/Release/Obj/ble_app_beacon_pca10040_s132/nrf_sortlist.o
                0x0000000000027fe4                nrf_sortlist_remove
 *fill*         0x0000000000027ffe        0x2 
 .text.nrf_strerror_find
                0x0000000000028000       0x3c Output/Release/Obj/ble_app_beacon_pca10040_s132/nrf_strerror.o
                0x0000000000028000                nrf_strerror_find
 .text.nrf_strerror_get
                0x000000000002803c       0x14 Output/Release/Obj/ble_app_beacon_pca10040_s132/nrf_strerror.o
                0x000000000002803c                nrf_strerror_get
 .text.nrf52_errata_12
                0x0000000000028050       0x1c Output/Release/Obj/ble_app_beacon_pca10040_s132/system_nrf52.o
 .text.nrf52_errata_16
                0x000000000002806c       0x28 Output/Release/Obj/ble_app_beacon_pca10040_s132/system_nrf52.o
 .text.nvmc_wait
                0x0000000000028094       0x10 Output/Release/Obj/ble_app_beacon_pca10040_s132/system_nrf52.o
                0x0000000000028094                nvmc_wait
 .text.SystemInit
                0x00000000000280a4      0x298 Output/Release/Obj/ble_app_beacon_pca10040_s132/system_nrf52.o
                0x00000000000280a4                SystemInit
 .text.bsp_board_led_state_get
                0x000000000002833c       0x1c Output/Release/Obj/ble_app_beacon_pca10040_s132/boards.o
                0x000000000002833c                bsp_board_led_state_get
 .text.bsp_board_led_on
                0x0000000000028358       0x18 Output/Release/Obj/ble_app_beacon_pca10040_s132/boards.o
                0x0000000000028358                bsp_board_led_on
 .text.bsp_board_led_off
                0x0000000000028370       0x18 Output/Release/Obj/ble_app_beacon_pca10040_s132/boards.o
                0x0000000000028370                bsp_board_led_off
 .text.bsp_board_leds_off
                0x0000000000028388       0x1e Output/Release/Obj/ble_app_beacon_pca10040_s132/boards.o
                0x0000000000028388                bsp_board_leds_off
 .text.bsp_board_leds_on
                0x00000000000283a6       0x1e Output/Release/Obj/ble_app_beacon_pca10040_s132/boards.o
                0x00000000000283a6                bsp_board_leds_on
 .text.bsp_board_led_invert
                0x00000000000283c4       0x24 Output/Release/Obj/ble_app_beacon_pca10040_s132/boards.o
                0x00000000000283c4                bsp_board_led_invert
 .text.bsp_board_pin_to_button_idx
                0x00000000000283e8       0x24 Output/Release/Obj/ble_app_beacon_pca10040_s132/boards.o
                0x00000000000283e8                bsp_board_pin_to_button_idx
 .text.bsp_board_init
                0x000000000002840c       0x3e Output/Release/Obj/ble_app_beacon_pca10040_s132/boards.o
                0x000000000002840c                bsp_board_init
 *fill*         0x000000000002844a        0x2 
 .text.clock_clk_started_notify
                0x000000000002844c       0x24 Output/Release/Obj/ble_app_beacon_pca10040_s132/nrf_drv_clock.o
 .text.clock_irq_handler
                0x0000000000028470       0x1c Output/Release/Obj/ble_app_beacon_pca10040_s132/nrf_drv_clock.o
 .text.soc_evt_handler
                0x000000000002848c       0x14 Output/Release/Obj/ble_app_beacon_pca10040_s132/nrf_drv_clock.o
 .text.nrf_drv_clock_init
                0x00000000000284a0       0x48 Output/Release/Obj/ble_app_beacon_pca10040_s132/nrf_drv_clock.o
                0x00000000000284a0                nrf_drv_clock_init
 .text.nrf_drv_clock_lfclk_release
                0x00000000000284e8       0x40 Output/Release/Obj/ble_app_beacon_pca10040_s132/nrf_drv_clock.o
                0x00000000000284e8                nrf_drv_clock_lfclk_release
 .text.sd_state_evt_handler
                0x0000000000028528       0x64 Output/Release/Obj/ble_app_beacon_pca10040_s132/nrf_drv_clock.o
 .text.uarte_evt_handler
                0x000000000002858c       0x34 Output/Release/Obj/ble_app_beacon_pca10040_s132/nrf_drv_uart.o
 .text.uart_evt_handler
                0x00000000000285c0       0x34 Output/Release/Obj/ble_app_beacon_pca10040_s132/nrf_drv_uart.o
 .text.nrf_drv_uart_init
                0x00000000000285f4       0x7c Output/Release/Obj/ble_app_beacon_pca10040_s132/nrf_drv_uart.o
                0x00000000000285f4                nrf_drv_uart_init
 .text.nrf_clock_event_clear
                0x0000000000028670       0x14 Output/Release/Obj/ble_app_beacon_pca10040_s132/nrfx_clock.o
 .text.nrfx_clock_init
                0x0000000000028684       0x18 Output/Release/Obj/ble_app_beacon_pca10040_s132/nrfx_clock.o
                0x0000000000028684                nrfx_clock_init
 .text.nrfx_clock_enable
                0x000000000002869c       0x24 Output/Release/Obj/ble_app_beacon_pca10040_s132/nrfx_clock.o
                0x000000000002869c                nrfx_clock_enable
 .text.nrfx_clock_lfclk_stop
                0x00000000000286c0       0x22 Output/Release/Obj/ble_app_beacon_pca10040_s132/nrfx_clock.o
                0x00000000000286c0                nrfx_clock_lfclk_stop
 *fill*         0x00000000000286e2        0x2 
 .text.POWER_CLOCK_IRQHandler
                0x00000000000286e4       0x50 Output/Release/Obj/ble_app_beacon_pca10040_s132/nrfx_clock.o
                0x00000000000286e4                POWER_CLOCK_IRQHandler
 .text.nrf_gpiote_event_clear
                0x0000000000028734       0x18 Output/Release/Obj/ble_app_beacon_pca10040_s132/nrfx_gpiote.o
 .text.nrf_gpio_cfg_sense_set
                0x000000000002874c       0x20 Output/Release/Obj/ble_app_beacon_pca10040_s132/nrfx_gpiote.o
 .text.channel_free
                0x000000000002876c       0x1c Output/Release/Obj/ble_app_beacon_pca10040_s132/nrfx_gpiote.o
 .text.nrfx_gpiote_init
                0x0000000000028788       0x7c Output/Release/Obj/ble_app_beacon_pca10040_s132/nrfx_gpiote.o
                0x0000000000028788                nrfx_gpiote_init
 .text.nrfx_gpiote_is_init
                0x0000000000028804       0x14 Output/Release/Obj/ble_app_beacon_pca10040_s132/nrfx_gpiote.o
                0x0000000000028804                nrfx_gpiote_is_init
 .text.nrfx_gpiote_in_init
                0x0000000000028818       0xf0 Output/Release/Obj/ble_app_beacon_pca10040_s132/nrfx_gpiote.o
                0x0000000000028818                nrfx_gpiote_in_init
 .text.nrfx_gpiote_in_event_enable
                0x0000000000028908       0x8c Output/Release/Obj/ble_app_beacon_pca10040_s132/nrfx_gpiote.o
                0x0000000000028908                nrfx_gpiote_in_event_enable
 .text.nrfx_gpiote_in_is_set
                0x0000000000028994       0x12 Output/Release/Obj/ble_app_beacon_pca10040_s132/nrfx_gpiote.o
                0x0000000000028994                nrfx_gpiote_in_is_set
 *fill*         0x00000000000289a6        0x2 
 .text.GPIOTE_IRQHandler
                0x00000000000289a8      0x14c Output/Release/Obj/ble_app_beacon_pca10040_s132/nrfx_gpiote.o
                0x00000000000289a8                GPIOTE_IRQHandler
 .text.UARTE0_UART0_IRQHandler
                0x0000000000028af4        0xc Output/Release/Obj/ble_app_beacon_pca10040_s132/nrfx_prs.o
                0x0000000000028af4                UARTE0_UART0_IRQHandler
 .text.nrfx_prs_acquire
                0x0000000000028b00       0x44 Output/Release/Obj/ble_app_beacon_pca10040_s132/nrfx_prs.o
                0x0000000000028b00                nrfx_prs_acquire
 .text.nrfx_prs_release
                0x0000000000028b44       0x18 Output/Release/Obj/ble_app_beacon_pca10040_s132/nrfx_prs.o
                0x0000000000028b44                nrfx_prs_release
 .text.nrf_uart_event_clear
                0x0000000000028b5c       0x10 Output/Release/Obj/ble_app_beacon_pca10040_s132/nrfx_uart.o
 .text.tx_byte  0x0000000000028b6c       0x1e Output/Release/Obj/ble_app_beacon_pca10040_s132/nrfx_uart.o
 .text.rx_byte  0x0000000000028b8a       0x2c Output/Release/Obj/ble_app_beacon_pca10040_s132/nrfx_uart.o
 *fill*         0x0000000000028bb6        0x2 
 .text.rx_done_event.constprop.0
                0x0000000000028bb8       0x20 Output/Release/Obj/ble_app_beacon_pca10040_s132/nrfx_uart.o
 .text.nrfx_uart_0_irq_handler
                0x0000000000028bd8      0x140 Output/Release/Obj/ble_app_beacon_pca10040_s132/nrfx_uart.o
                0x0000000000028bd8                nrfx_uart_0_irq_handler
 .text.nrfx_uart_init
                0x0000000000028d18      0x168 Output/Release/Obj/ble_app_beacon_pca10040_s132/nrfx_uart.o
                0x0000000000028d18                nrfx_uart_init
 .text.nrfx_uart_uninit
                0x0000000000028e80       0xd4 Output/Release/Obj/ble_app_beacon_pca10040_s132/nrfx_uart.o
                0x0000000000028e80                nrfx_uart_uninit
 .text.nrfx_uart_tx_in_progress
                0x0000000000028f54       0x18 Output/Release/Obj/ble_app_beacon_pca10040_s132/nrfx_uart.o
                0x0000000000028f54                nrfx_uart_tx_in_progress
 .text.nrfx_uart_tx
                0x0000000000028f6c       0xa0 Output/Release/Obj/ble_app_beacon_pca10040_s132/nrfx_uart.o
                0x0000000000028f6c                nrfx_uart_tx
 .text.nrf_uarte_event_clear
                0x000000000002900c       0x10 Output/Release/Obj/ble_app_beacon_pca10040_s132/nrfx_uarte.o
 .text.rx_done_event.constprop.0
                0x000000000002901c       0x20 Output/Release/Obj/ble_app_beacon_pca10040_s132/nrfx_uarte.o
 .text.nrfx_uarte_0_irq_handler
                0x000000000002903c      0x118 Output/Release/Obj/ble_app_beacon_pca10040_s132/nrfx_uarte.o
                0x000000000002903c                nrfx_uarte_0_irq_handler
 .text.nrfx_uarte_init
                0x0000000000029154      0x184 Output/Release/Obj/ble_app_beacon_pca10040_s132/nrfx_uarte.o
                0x0000000000029154                nrfx_uarte_init
 .text.nrfx_uarte_uninit
                0x00000000000292d8      0x120 Output/Release/Obj/ble_app_beacon_pca10040_s132/nrfx_uarte.o
                0x00000000000292d8                nrfx_uarte_uninit
 .text.nrfx_uarte_tx_in_progress
                0x00000000000293f8       0x18 Output/Release/Obj/ble_app_beacon_pca10040_s132/nrfx_uarte.o
                0x00000000000293f8                nrfx_uarte_tx_in_progress
 .text.nrfx_uarte_tx
                0x0000000000029410       0x9c Output/Release/Obj/ble_app_beacon_pca10040_s132/nrfx_uarte.o
                0x0000000000029410                nrfx_uarte_tx
 .text.alert_timer_handler
                0x00000000000294ac        0x6 Output/Release/Obj/ble_app_beacon_pca10040_s132/bsp.o
 *fill*         0x00000000000294b2        0x2 
 .text.bsp_button_event_handler
                0x00000000000294b4       0x9c Output/Release/Obj/ble_app_beacon_pca10040_s132/bsp.o
 .text.button_timer_handler
                0x0000000000029550        0x8 Output/Release/Obj/ble_app_beacon_pca10040_s132/bsp.o
 .text.leds_off
                0x0000000000029558       0x2c Output/Release/Obj/ble_app_beacon_pca10040_s132/bsp.o
 .text.bsp_led_indication
                0x0000000000029584      0x200 Output/Release/Obj/ble_app_beacon_pca10040_s132/bsp.o
 .text.leds_timer_handler
                0x0000000000029784       0x1c Output/Release/Obj/ble_app_beacon_pca10040_s132/bsp.o
 .text.bsp_indication_set
                0x00000000000297a0       0x18 Output/Release/Obj/ble_app_beacon_pca10040_s132/bsp.o
                0x00000000000297a0                bsp_indication_set
 .text.bsp_init
                0x00000000000297b8       0x9c Output/Release/Obj/ble_app_beacon_pca10040_s132/bsp.o
                0x00000000000297b8                bsp_init
 .text.sd_ble_gap_adv_set_configure
                0x0000000000029854        0x4 Output/Release/Obj/ble_app_beacon_pca10040_s132/main.o
 .text.sd_ble_gap_adv_start
                0x0000000000029858        0x4 Output/Release/Obj/ble_app_beacon_pca10040_s132/main.o
 .text.startup.main
                0x000000000002985c      0x124 Output/Release/Obj/ble_app_beacon_pca10040_s132/main.o
                0x000000000002985c                main
 .text.sd_ble_gap_addr_get
                0x0000000000029980        0x4 Output/Release/Obj/ble_app_beacon_pca10040_s132/ble_advdata.o
 .text.sd_ble_gap_appearance_get
                0x0000000000029984        0x4 Output/Release/Obj/ble_app_beacon_pca10040_s132/ble_advdata.o
 .text.sd_ble_gap_device_name_get
                0x0000000000029988        0x4 Output/Release/Obj/ble_app_beacon_pca10040_s132/ble_advdata.o
 .text.sd_ble_uuid_encode
                0x000000000002998c        0x4 Output/Release/Obj/ble_app_beacon_pca10040_s132/ble_advdata.o
 .text.uuid_list_sized_encode
                0x0000000000029990       0xac Output/Release/Obj/ble_app_beacon_pca10040_s132/ble_advdata.o
 .text.uuid_list_encode
                0x0000000000029a3c       0x38 Output/Release/Obj/ble_app_beacon_pca10040_s132/ble_advdata.o
 .text.ble_advdata_encode
                0x0000000000029a74      0x392 Output/Release/Obj/ble_app_beacon_pca10040_s132/ble_advdata.o
                0x0000000000029a74                ble_advdata_encode
 .text.sd_softdevice_enable
                0x0000000000029e06        0x4 Output/Release/Obj/ble_app_beacon_pca10040_s132/nrf_sdh.o
 *fill*         0x0000000000029e0a        0x2 
 .text.sdh_request_observer_notify
                0x0000000000029e0c       0x30 Output/Release/Obj/ble_app_beacon_pca10040_s132/nrf_sdh.o
 .text.sdh_state_observer_notify
                0x0000000000029e3c       0x28 Output/Release/Obj/ble_app_beacon_pca10040_s132/nrf_sdh.o
 .text.softdevices_evt_irq_enable
                0x0000000000029e64       0x38 Output/Release/Obj/ble_app_beacon_pca10040_s132/nrf_sdh.o
 .text.nrf_sdh_enable_request
                0x0000000000029e9c       0x7c Output/Release/Obj/ble_app_beacon_pca10040_s132/nrf_sdh.o
                0x0000000000029e9c                nrf_sdh_enable_request
 .text.nrf_sdh_is_enabled
                0x0000000000029f18        0xc Output/Release/Obj/ble_app_beacon_pca10040_s132/nrf_sdh.o
                0x0000000000029f18                nrf_sdh_is_enabled
 .text.nrf_sdh_evts_poll
                0x0000000000029f24       0x28 Output/Release/Obj/ble_app_beacon_pca10040_s132/nrf_sdh.o
                0x0000000000029f24                nrf_sdh_evts_poll
 .text.SWI2_EGU2_IRQHandler
                0x0000000000029f4c        0x4 Output/Release/Obj/ble_app_beacon_pca10040_s132/nrf_sdh.o
                0x0000000000029f4c                SWI2_EGU2_IRQHandler
 .text.sd_ble_enable
                0x0000000000029f50        0x4 Output/Release/Obj/ble_app_beacon_pca10040_s132/nrf_sdh_ble.o
 .text.sd_ble_cfg_set
                0x0000000000029f54        0x4 Output/Release/Obj/ble_app_beacon_pca10040_s132/nrf_sdh_ble.o
 .text.sd_ble_evt_get
                0x0000000000029f58        0x4 Output/Release/Obj/ble_app_beacon_pca10040_s132/nrf_sdh_ble.o
 .text.nrf_sdh_ble_evts_poll
                0x0000000000029f5c       0x58 Output/Release/Obj/ble_app_beacon_pca10040_s132/nrf_sdh_ble.o
 .text.nrf_sdh_ble_default_cfg_set
                0x0000000000029fb4      0x160 Output/Release/Obj/ble_app_beacon_pca10040_s132/nrf_sdh_ble.o
                0x0000000000029fb4                nrf_sdh_ble_default_cfg_set
 .text.nrf_sdh_ble_enable
                0x000000000002a114       0x98 Output/Release/Obj/ble_app_beacon_pca10040_s132/nrf_sdh_ble.o
                0x000000000002a114                nrf_sdh_ble_enable
 .text.sd_evt_get
                0x000000000002a1ac        0x4 Output/Release/Obj/ble_app_beacon_pca10040_s132/nrf_sdh_soc.o
 .text.nrf_sdh_soc_evts_poll
                0x000000000002a1b0       0x40 Output/Release/Obj/ble_app_beacon_pca10040_s132/nrf_sdh_soc.o
 .text.libc.__int64_udivmod
                0x000000000002a1f0       0xce C:/Program Files/SEGGER/SEGGER Embedded Studio for ARM 5.40c/lib/libc_v7em_fpv4_sp_d16_hard_t_le_eabi.a(libc_asm.o)
                0x000000000002a1f0                __aeabi_uldivmod
                0x000000000002a1f0                __int64_udiv
                0x000000000002a1f0                __udivdi3
                0x000000000002a1f0                __int64_udivmod
 *fill*         0x000000000002a2be        0x2 
 .text.libc.__RAL_ascii_isctype
                0x000000000002a2c0       0x1c C:/Program Files/SEGGER/SEGGER Embedded Studio for ARM 5.40c/lib/libc_v7em_fpv4_sp_d16_hard_t_le_eabi.a(libc2.o)
 .text.libc.__RAL_ascii_toupper
                0x000000000002a2dc        0xc C:/Program Files/SEGGER/SEGGER Embedded Studio for ARM 5.40c/lib/libc_v7em_fpv4_sp_d16_hard_t_le_eabi.a(libc2.o)
 .text.libc.__RAL_ascii_tolower
                0x000000000002a2e8        0xc C:/Program Files/SEGGER/SEGGER Embedded Studio for ARM 5.40c/lib/libc_v7em_fpv4_sp_d16_hard_t_le_eabi.a(libc2.o)
 .text.libc.__RAL_ascii_iswctype
                0x000000000002a2f4       0x1c C:/Program Files/SEGGER/SEGGER Embedded Studio for ARM 5.40c/lib/libc_v7em_fpv4_sp_d16_hard_t_le_eabi.a(libc2.o)
 .text.libc.__RAL_ascii_towupper
                0x000000000002a310        0xc C:/Program Files/SEGGER/SEGGER Embedded Studio for ARM 5.40c/lib/libc_v7em_fpv4_sp_d16_hard_t_le_eabi.a(libc2.o)
 .text.libc.__RAL_ascii_towlower
                0x000000000002a31c        0xc C:/Program Files/SEGGER/SEGGER Embedded Studio for ARM 5.40c/lib/libc_v7em_fpv4_sp_d16_hard_t_le_eabi.a(libc2.o)
 .text.libc.__RAL_ascii_wctomb
                0x000000000002a328        0xe C:/Program Files/SEGGER/SEGGER Embedded Studio for ARM 5.40c/lib/libc_v7em_fpv4_sp_d16_hard_t_le_eabi.a(libc2.o)
                0x000000000002a328                __RAL_ascii_wctomb
 .text.libc.__RAL_ascii_mbtowc
                0x000000000002a336       0x24 C:/Program Files/SEGGER/SEGGER Embedded Studio for ARM 5.40c/lib/libc_v7em_fpv4_sp_d16_hard_t_le_eabi.a(libc2.o)
                0x000000000002a336                __RAL_ascii_mbtowc
 *fill*         0x000000000002a35a        0x2 
 .text.libc.__RAL_isctype
                0x000000000002a35c       0x14 C:/Program Files/SEGGER/SEGGER Embedded Studio for ARM 5.40c/lib/libc_v7em_fpv4_sp_d16_hard_t_le_eabi.a(libc2.o)
                0x000000000002a35c                __RAL_isctype
 .text.libc.isprint
                0x000000000002a370        0xa C:/Program Files/SEGGER/SEGGER Embedded Studio for ARM 5.40c/lib/libc_v7em_fpv4_sp_d16_hard_t_le_eabi.a(libc2.o)
                0x000000000002a370                isprint
 .text.libc.memcpy
                0x000000000002a37a       0x52 C:/Program Files/SEGGER/SEGGER Embedded Studio for ARM 5.40c/lib/libc_v7em_fpv4_sp_d16_hard_t_le_eabi.a(libc2_asm.o)
                0x000000000002a37a                __aeabi_memcpy
                0x000000000002a37a                memcpy
                0x000000000002a386                __aeabi_memcpy8
                0x000000000002a386                __aeabi_memcpy4
 .text.libc.memset
                0x000000000002a3cc       0x66 C:/Program Files/SEGGER/SEGGER Embedded Studio for ARM 5.40c/lib/libc_v7em_fpv4_sp_d16_hard_t_le_eabi.a(libc2_asm.o)
                0x000000000002a3cc                memset
 .text.libc.strlen
                0x000000000002a432       0x60 C:/Program Files/SEGGER/SEGGER Embedded Studio for ARM 5.40c/lib/libc_v7em_fpv4_sp_d16_hard_t_le_eabi.a(libc2_asm.o)
                0x000000000002a432                strlen
                0x000000000002a494                . = ALIGN (MAX ((__text_start__ + 0x4), .), 0x4)
 *fill*         0x000000000002a492        0x2 
                0x000000000002a494                __text_end__ = (__text_start__ + SIZEOF (.text))
                0x00000000000040c4                __text_size__ = SIZEOF (.text)
                0x000000000002a494                __text_load_end__ = __text_end__

.vfp11_veneer   0x0000000100000000        0x0
 .vfp11_veneer  0x0000000100000000        0x0 linker stubs

.v4_bx          0x0000000100000000        0x0
 .v4_bx         0x0000000100000000        0x0 linker stubs

.iplt           0x0000000100000000        0x0
 .iplt          0x0000000100000000        0x0 Output/Release/Obj/ble_app_beacon_pca10040_s132/thumb_crt0.o
                0x0000000000000001                . = ASSERT (((__text_start__ == __text_end__) || ((__text_end__ - __FLASH1_segment_start__) <= __FLASH1_segment_size__)), error: .text is too large to fit in FLASH1 memory segment)
                0x000000000002a494                __sdh_soc_observers_load_start__ = ALIGN (__text_end__, 0x4)

.sdh_soc_observers
                0x000000000002a494        0x8
                0x000000000002a494                __sdh_soc_observers_start__ = .
                0x000000000002a494                __start_sdh_soc_observers = __sdh_soc_observers_start__
 *(SORT_BY_NAME(.sdh_soc_observers*))
 .sdh_soc_observers0
                0x000000000002a494        0x8 Output/Release/Obj/ble_app_beacon_pca10040_s132/nrf_drv_clock.o
                0x000000000002a49c                __sdh_soc_observers_end__ = (__sdh_soc_observers_start__ + SIZEOF (.sdh_soc_observers))
                0x0000000000000008                __sdh_soc_observers_size__ = SIZEOF (.sdh_soc_observers)
                0x000000000002a49c                __stop_sdh_soc_observers = __sdh_soc_observers_end__
                0x000000000002a49c                __sdh_soc_observers_load_end__ = __sdh_soc_observers_end__
                0x0000000000000001                . = ASSERT (((__sdh_soc_observers_start__ == __sdh_soc_observers_end__) || ((__sdh_soc_observers_end__ - __FLASH1_segment_start__) <= __FLASH1_segment_size__)), error: .sdh_soc_observers is too large to fit in FLASH1 memory segment)
                0x000000000002a49c                __sdh_ble_observers_load_start__ = ALIGN (__sdh_soc_observers_end__, 0x4)

.sdh_ble_observers
                0x000000000002a49c        0x0
                0x000000000002a49c                __sdh_ble_observers_start__ = .
                0x000000000002a49c                __start_sdh_ble_observers = __sdh_ble_observers_start__
 *(SORT_BY_NAME(.sdh_ble_observers*))
                0x000000000002a49c                __sdh_ble_observers_end__ = (__sdh_ble_observers_start__ + SIZEOF (.sdh_ble_observers))
                0x0000000000000000                __sdh_ble_observers_size__ = SIZEOF (.sdh_ble_observers)
                0x000000000002a49c                __stop_sdh_ble_observers = __sdh_ble_observers_end__
                0x000000000002a49c                __sdh_ble_observers_load_end__ = __sdh_ble_observers_end__
                0x0000000000000001                . = ASSERT (((__sdh_ble_observers_start__ == __sdh_ble_observers_end__) || ((__sdh_ble_observers_end__ - __FLASH1_segment_start__) <= __FLASH1_segment_size__)), error: .sdh_ble_observers is too large to fit in FLASH1 memory segment)
                0x000000000002a49c                __pwr_mgmt_data_load_start__ = ALIGN (__sdh_ble_observers_end__, 0x4)

.pwr_mgmt_data  0x000000000002a49c        0x0
                0x000000000002a49c                __pwr_mgmt_data_start__ = .
                0x000000000002a49c                __start_pwr_mgmt_data = __pwr_mgmt_data_start__
 *(SORT_BY_NAME(.pwr_mgmt_data*))
                0x000000000002a49c                __pwr_mgmt_data_end__ = (__pwr_mgmt_data_start__ + SIZEOF (.pwr_mgmt_data))
                0x0000000000000000                __pwr_mgmt_data_size__ = SIZEOF (.pwr_mgmt_data)
                0x000000000002a49c                __stop_pwr_mgmt_data = __pwr_mgmt_data_end__
                0x000000000002a49c                __pwr_mgmt_data_load_end__ = __pwr_mgmt_data_end__
                0x0000000000000001                . = ASSERT (((__pwr_mgmt_data_start__ == __pwr_mgmt_data_end__) || ((__pwr_mgmt_data_end__ - __FLASH1_segment_start__) <= __FLASH1_segment_size__)), error: .pwr_mgmt_data is too large to fit in FLASH1 memory segment)
                0x000000000002a49c                __sdh_req_observers_load_start__ = ALIGN (__pwr_mgmt_data_end__, 0x4)

.sdh_req_observers
                0x000000000002a49c        0x0
                0x000000000002a49c                __sdh_req_observers_start__ = .
                0x000000000002a49c                __start_sdh_req_observers = __sdh_req_observers_start__
 *(SORT_BY_NAME(.sdh_req_observers*))
                0x000000000002a49c                __sdh_req_observers_end__ = (__sdh_req_observers_start__ + SIZEOF (.sdh_req_observers))
                0x0000000000000000                __sdh_req_observers_size__ = SIZEOF (.sdh_req_observers)
                0x000000000002a49c                __stop_sdh_req_observers = __sdh_req_observers_end__
                0x000000000002a49c                __sdh_req_observers_load_end__ = __sdh_req_observers_end__
                0x0000000000000001                . = ASSERT (((__sdh_req_observers_start__ == __sdh_req_observers_end__) || ((__sdh_req_observers_end__ - __FLASH1_segment_start__) <= __FLASH1_segment_size__)), error: .sdh_req_observers is too large to fit in FLASH1 memory segment)
                0x000000000002a49c                __sdh_state_observers_load_start__ = ALIGN (__sdh_req_observers_end__, 0x4)

.sdh_state_observers
                0x000000000002a49c        0x8
                0x000000000002a49c                __sdh_state_observers_start__ = .
                0x000000000002a49c                __start_sdh_state_observers = __sdh_state_observers_start__
 *(SORT_BY_NAME(.sdh_state_observers*))
 .sdh_state_observers0
                0x000000000002a49c        0x8 Output/Release/Obj/ble_app_beacon_pca10040_s132/nrf_drv_clock.o
                0x000000000002a4a4                __sdh_state_observers_end__ = (__sdh_state_observers_start__ + SIZEOF (.sdh_state_observers))
                0x0000000000000008                __sdh_state_observers_size__ = SIZEOF (.sdh_state_observers)
                0x000000000002a4a4                __stop_sdh_state_observers = __sdh_state_observers_end__
                0x000000000002a4a4                __sdh_state_observers_load_end__ = __sdh_state_observers_end__
                0x0000000000000001                . = ASSERT (((__sdh_state_observers_start__ == __sdh_state_observers_end__) || ((__sdh_state_observers_end__ - __FLASH1_segment_start__) <= __FLASH1_segment_size__)), error: .sdh_state_observers is too large to fit in FLASH1 memory segment)
                0x000000000002a4a4                __sdh_stack_observers_load_start__ = ALIGN (__sdh_state_observers_end__, 0x4)

.sdh_stack_observers
                0x000000000002a4a4       0x10
                0x000000000002a4a4                __sdh_stack_observers_start__ = .
                0x000000000002a4a4                __start_sdh_stack_observers = __sdh_stack_observers_start__
 *(SORT_BY_NAME(.sdh_stack_observers*))
 .sdh_stack_observers0
                0x000000000002a4a4        0x8 Output/Release/Obj/ble_app_beacon_pca10040_s132/nrf_sdh_ble.o
 .sdh_stack_observers0
                0x000000000002a4ac        0x8 Output/Release/Obj/ble_app_beacon_pca10040_s132/nrf_sdh_soc.o
                0x000000000002a4b4                __sdh_stack_observers_end__ = (__sdh_stack_observers_start__ + SIZEOF (.sdh_stack_observers))
                0x0000000000000010                __sdh_stack_observers_size__ = SIZEOF (.sdh_stack_observers)
                0x000000000002a4b4                __stop_sdh_stack_observers = __sdh_stack_observers_end__
                0x000000000002a4b4                __sdh_stack_observers_load_end__ = __sdh_stack_observers_end__
                0x0000000000000001                . = ASSERT (((__sdh_stack_observers_start__ == __sdh_stack_observers_end__) || ((__sdh_stack_observers_end__ - __FLASH1_segment_start__) <= __FLASH1_segment_size__)), error: .sdh_stack_observers is too large to fit in FLASH1 memory segment)
                0x000000000002a4b4                __nrf_queue_load_start__ = ALIGN (__sdh_stack_observers_end__, 0x4)

.nrf_queue      0x000000000002a4b4        0x0
                0x000000000002a4b4                __nrf_queue_start__ = .
                0x000000000002a4b4                __start_nrf_queue = __nrf_queue_start__
 *(.nrf_queue*)
                0x000000000002a4b4                __nrf_queue_end__ = (__nrf_queue_start__ + SIZEOF (.nrf_queue))
                0x0000000000000000                __nrf_queue_size__ = SIZEOF (.nrf_queue)
                0x000000000002a4b4                __stop_nrf_queue = __nrf_queue_end__
                0x000000000002a4b4                __nrf_queue_load_end__ = __nrf_queue_end__
                0x0000000000000001                . = ASSERT (((__nrf_queue_start__ == __nrf_queue_end__) || ((__nrf_queue_end__ - __FLASH1_segment_start__) <= __FLASH1_segment_size__)), error: .nrf_queue is too large to fit in FLASH1 memory segment)
                0x000000000002a4b4                __nrf_balloc_load_start__ = ALIGN (__nrf_queue_end__, 0x4)

.nrf_balloc     0x000000000002a4b4       0x14
                0x000000000002a4b4                __nrf_balloc_start__ = .
                0x000000000002a4b4                __start_nrf_balloc = __nrf_balloc_start__
 *(.nrf_balloc*)
 .nrf_balloc    0x000000000002a4b4       0x14 Output/Release/Obj/ble_app_beacon_pca10040_s132/nrf_log_frontend.o
                0x000000000002a4b4                log_mempool
                0x000000000002a4c8                __nrf_balloc_end__ = (__nrf_balloc_start__ + SIZEOF (.nrf_balloc))
                0x0000000000000014                __nrf_balloc_size__ = SIZEOF (.nrf_balloc)
                0x000000000002a4c8                __stop_nrf_balloc = __nrf_balloc_end__
                0x000000000002a4c8                __nrf_balloc_load_end__ = __nrf_balloc_end__
                0x0000000000000001                . = ASSERT (((__nrf_balloc_start__ == __nrf_balloc_end__) || ((__nrf_balloc_end__ - __FLASH1_segment_start__) <= __FLASH1_segment_size__)), error: .nrf_balloc is too large to fit in FLASH1 memory segment)
                0x000000000002a4c8                __cli_command_load_start__ = ALIGN (__nrf_balloc_end__, 0x4)

.cli_command    0x000000000002a4c8        0x0
                0x000000000002a4c8                __cli_command_start__ = .
                0x000000000002a4c8                __start_cli_command = __cli_command_start__
 *(.cli_command*)
                0x000000000002a4c8                __cli_command_end__ = (__cli_command_start__ + SIZEOF (.cli_command))
                0x0000000000000000                __cli_command_size__ = SIZEOF (.cli_command)
                0x000000000002a4c8                __stop_cli_command = __cli_command_end__
                0x000000000002a4c8                __cli_command_load_end__ = __cli_command_end__
                0x0000000000000001                . = ASSERT (((__cli_command_start__ == __cli_command_end__) || ((__cli_command_end__ - __FLASH1_segment_start__) <= __FLASH1_segment_size__)), error: .cli_command is too large to fit in FLASH1 memory segment)
                0x000000000002a4c8                __crypto_data_load_start__ = ALIGN (__cli_command_end__, 0x4)

.crypto_data    0x000000000002a4c8        0x0
                0x000000000002a4c8                __crypto_data_start__ = .
                0x000000000002a4c8                __start_crypto_data = __crypto_data_start__
 *(SORT_BY_NAME(.crypto_data*))
                0x000000000002a4c8                __crypto_data_end__ = (__crypto_data_start__ + SIZEOF (.crypto_data))
                0x0000000000000000                __crypto_data_size__ = SIZEOF (.crypto_data)
                0x000000000002a4c8                __stop_crypto_data = __crypto_data_end__
                0x000000000002a4c8                __crypto_data_load_end__ = __crypto_data_end__
                0x0000000000000001                . = ASSERT (((__crypto_data_start__ == __crypto_data_end__) || ((__crypto_data_end__ - __FLASH1_segment_start__) <= __FLASH1_segment_size__)), error: .crypto_data is too large to fit in FLASH1 memory segment)
                0x000000000002a4c8                __log_const_data_load_start__ = ALIGN (__crypto_data_end__, 0x4)

.log_const_data
                0x000000000002a4c8       0x70
                0x000000000002a4c8                __log_const_data_start__ = .
                0x000000000002a4c8                __start_log_const_data = __log_const_data_start__
 *(SORT_BY_NAME(.log_const_data*))
 .log_const_data_CLOCK
                0x000000000002a4c8        0x8 Output/Release/Obj/ble_app_beacon_pca10040_s132/nrfx_clock.o
                0x000000000002a4c8                m_nrf_log_CLOCK_logs_data_const
 .log_const_data_GPIOTE
                0x000000000002a4d0        0x8 Output/Release/Obj/ble_app_beacon_pca10040_s132/nrfx_gpiote.o
                0x000000000002a4d0                m_nrf_log_GPIOTE_logs_data_const
 .log_const_data_PRS
                0x000000000002a4d8        0x8 Output/Release/Obj/ble_app_beacon_pca10040_s132/nrfx_prs.o
                0x000000000002a4d8                m_nrf_log_PRS_logs_data_const
 .log_const_data_UART
                0x000000000002a4e0        0x8 Output/Release/Obj/ble_app_beacon_pca10040_s132/nrfx_uart.o
                0x000000000002a4e0                m_nrf_log_UART_logs_data_const
 .log_const_data_UARTE
                0x000000000002a4e8        0x8 Output/Release/Obj/ble_app_beacon_pca10040_s132/nrfx_uarte.o
                0x000000000002a4e8                m_nrf_log_UARTE_logs_data_const
 .log_const_data_app
                0x000000000002a4f0        0x8 Output/Release/Obj/ble_app_beacon_pca10040_s132/nrf_log_frontend.o
                0x000000000002a4f0                m_nrf_log_app_logs_data_const
 .log_const_data_app_button
                0x000000000002a4f8        0x8 Output/Release/Obj/ble_app_beacon_pca10040_s132/app_button.o
                0x000000000002a4f8                m_nrf_log_app_button_logs_data_const
 .log_const_data_app_timer
                0x000000000002a500        0x8 Output/Release/Obj/ble_app_beacon_pca10040_s132/app_timer2.o
                0x000000000002a500                m_nrf_log_app_timer_logs_data_const
 .log_const_data_clock
                0x000000000002a508        0x8 Output/Release/Obj/ble_app_beacon_pca10040_s132/nrf_drv_clock.o
                0x000000000002a508                m_nrf_log_clock_logs_data_const
 .log_const_data_nrf_sdh
                0x000000000002a510        0x8 Output/Release/Obj/ble_app_beacon_pca10040_s132/nrf_sdh.o
                0x000000000002a510                m_nrf_log_nrf_sdh_logs_data_const
 .log_const_data_nrf_sdh_ble
                0x000000000002a518        0x8 Output/Release/Obj/ble_app_beacon_pca10040_s132/nrf_sdh_ble.o
                0x000000000002a518                m_nrf_log_nrf_sdh_ble_logs_data_const
 .log_const_data_nrf_sdh_soc
                0x000000000002a520        0x8 Output/Release/Obj/ble_app_beacon_pca10040_s132/nrf_sdh_soc.o
                0x000000000002a520                m_nrf_log_nrf_sdh_soc_logs_data_const
 .log_const_data_pwr_mgmt
                0x000000000002a528        0x8 Output/Release/Obj/ble_app_beacon_pca10040_s132/nrf_pwr_mgmt.o
                0x000000000002a528                m_nrf_log_pwr_mgmt_logs_data_const
 .log_const_data_sortlist
                0x000000000002a530        0x8 Output/Release/Obj/ble_app_beacon_pca10040_s132/nrf_sortlist.o
                0x000000000002a530                m_nrf_log_sortlist_logs_data_const
                0x000000000002a538                __log_const_data_end__ = (__log_const_data_start__ + SIZEOF (.log_const_data))
                0x0000000000000070                __log_const_data_size__ = SIZEOF (.log_const_data)
                0x000000000002a538                __stop_log_const_data = __log_const_data_end__
                0x000000000002a538                __log_const_data_load_end__ = __log_const_data_end__
                0x0000000000000001                . = ASSERT (((__log_const_data_start__ == __log_const_data_end__) || ((__log_const_data_end__ - __FLASH1_segment_start__) <= __FLASH1_segment_size__)), error: .log_const_data is too large to fit in FLASH1 memory segment)
                0x000000000002a538                __log_backends_load_start__ = ALIGN (__log_const_data_end__, 0x4)

.log_backends   0x000000000002a538       0x10
                0x000000000002a538                __log_backends_start__ = .
                0x000000000002a538                __start_log_backends = __log_backends_start__
 *(SORT_BY_NAME(.log_backends*))
 .log_backends  0x000000000002a538       0x10 Output/Release/Obj/ble_app_beacon_pca10040_s132/nrf_log_default_backends.o
                0x000000000002a548                __log_backends_end__ = (__log_backends_start__ + SIZEOF (.log_backends))
                0x0000000000000010                __log_backends_size__ = SIZEOF (.log_backends)
                0x000000000002a548                __stop_log_backends = __log_backends_end__
                0x000000000002a548                __log_backends_load_end__ = __log_backends_end__
                0x0000000000000001                . = ASSERT (((__log_backends_start__ == __log_backends_end__) || ((__log_backends_end__ - __FLASH1_segment_start__) <= __FLASH1_segment_size__)), error: .log_backends is too large to fit in FLASH1 memory segment)
                0x000000000002a548                __nrf_sections_load_start__ = ALIGN (__log_backends_end__, 0x4)

.nrf_sections   0x000000000002a548        0x0
                0x000000000002a548                __nrf_sections_start__ = .
                0x000000000002a548                __start_nrf_sections = __nrf_sections_start__
 *(.nrf_sections .nrf_sections.*)
                0x000000000002a548                __nrf_sections_end__ = (__nrf_sections_start__ + SIZEOF (.nrf_sections))
                0x0000000000000000                __nrf_sections_size__ = SIZEOF (.nrf_sections)
                0x000000000002a548                __nrf_sections_load_end__ = __nrf_sections_end__
                0x0000000000000001                . = ASSERT (((__nrf_sections_start__ == __nrf_sections_end__) || ((__nrf_sections_end__ - __FLASH1_segment_start__) <= __FLASH1_segment_size__)), error: .nrf_sections is too large to fit in FLASH1 memory segment)
                0x000000000002a548                __cli_sorted_cmd_ptrs_load_start__ = ALIGN (__nrf_sections_end__, 0x4)

.cli_sorted_cmd_ptrs
                0x00000000200018c8        0x0 load address 0x000000000002a548
                0x00000000200018c8                __cli_sorted_cmd_ptrs_start__ = .
 *(.cli_sorted_cmd_ptrs*)
                0x00000000200018c8                __cli_sorted_cmd_ptrs_end__ = (__cli_sorted_cmd_ptrs_start__ + SIZEOF (.cli_sorted_cmd_ptrs))
                0x0000000000000000                __cli_sorted_cmd_ptrs_size__ = SIZEOF (.cli_sorted_cmd_ptrs)
                0x000000000002a548                __cli_sorted_cmd_ptrs_load_end__ = (__cli_sorted_cmd_ptrs_load_start__ + SIZEOF (.cli_sorted_cmd_ptrs))
                0x0000000000000001                . = ASSERT (((__cli_sorted_cmd_ptrs_load_start__ == __cli_sorted_cmd_ptrs_load_end__) || ((__cli_sorted_cmd_ptrs_load_end__ - __FLASH1_segment_start__) <= __FLASH1_segment_size__)), error: .cli_sorted_cmd_ptrs is too large to fit in FLASH1 memory segment)

.cli_sorted_cmd_ptrs_run
                0x00000000200018c8        0x0
                0x00000000200018c8                __cli_sorted_cmd_ptrs_run_start__ = .
                0x00000000200018c8                __start_cli_sorted_cmd_ptrs = __cli_sorted_cmd_ptrs_run_start__
                0x00000000200018c8                . = MAX ((__cli_sorted_cmd_ptrs_run_start__ + SIZEOF (.cli_sorted_cmd_ptrs)), .)
                0x00000000200018c8                __cli_sorted_cmd_ptrs_run_end__ = (__cli_sorted_cmd_ptrs_run_start__ + SIZEOF (.cli_sorted_cmd_ptrs_run))
                0x0000000000000000                __cli_sorted_cmd_ptrs_run_size__ = SIZEOF (.cli_sorted_cmd_ptrs_run)
                0x00000000200018c8                __stop_cli_sorted_cmd_ptrs = __cli_sorted_cmd_ptrs_run_end__
                0x00000000200018c8                __cli_sorted_cmd_ptrs_run_load_end__ = __cli_sorted_cmd_ptrs_run_end__
                0x0000000000000001                . = ASSERT (((__cli_sorted_cmd_ptrs_run_start__ == __cli_sorted_cmd_ptrs_run_end__) || ((__cli_sorted_cmd_ptrs_run_end__ - __RAM1_segment_start__) <= __RAM1_segment_size__)), error: .cli_sorted_cmd_ptrs_run is too large to fit in RAM1 memory segment)
                0x000000000002a548                __fs_data_load_start__ = ALIGN ((__cli_sorted_cmd_ptrs_load_start__ + SIZEOF (.cli_sorted_cmd_ptrs)), 0x4)

.fs_data        0x00000000200018c8        0x0 load address 0x000000000002a548
                0x00000000200018c8                __fs_data_start__ = .
 *(.fs_data*)
                0x00000000200018c8                __fs_data_end__ = (__fs_data_start__ + SIZEOF (.fs_data))
                0x0000000000000000                __fs_data_size__ = SIZEOF (.fs_data)
                0x000000000002a548                __fs_data_load_end__ = (__fs_data_load_start__ + SIZEOF (.fs_data))
                0x0000000000000001                . = ASSERT (((__fs_data_load_start__ == __fs_data_load_end__) || ((__fs_data_load_end__ - __FLASH1_segment_start__) <= __FLASH1_segment_size__)), error: .fs_data is too large to fit in FLASH1 memory segment)

.fs_data_run    0x00000000200018c8        0x0
                0x00000000200018c8                __fs_data_run_start__ = .
                0x00000000200018c8                __start_fs_data = __fs_data_run_start__
                0x00000000200018c8                . = MAX ((__fs_data_run_start__ + SIZEOF (.fs_data)), .)
                0x00000000200018c8                __fs_data_run_end__ = (__fs_data_run_start__ + SIZEOF (.fs_data_run))
                0x0000000000000000                __fs_data_run_size__ = SIZEOF (.fs_data_run)
                0x00000000200018c8                __stop_fs_data = __fs_data_run_end__
                0x00000000200018c8                __fs_data_run_load_end__ = __fs_data_run_end__
                0x0000000000000001                . = ASSERT (((__fs_data_run_start__ == __fs_data_run_end__) || ((__fs_data_run_end__ - __RAM1_segment_start__) <= __RAM1_segment_size__)), error: .fs_data_run is too large to fit in RAM1 memory segment)
                0x000000000002a548                __log_dynamic_data_load_start__ = ALIGN ((__fs_data_load_start__ + SIZEOF (.fs_data)), 0x4)

.log_dynamic_data
                0x00000000200018c8        0x0 load address 0x000000000002a548
                0x00000000200018c8                __log_dynamic_data_start__ = .
 *(SORT_BY_NAME(.log_dynamic_data*))
                0x00000000200018c8                __log_dynamic_data_end__ = (__log_dynamic_data_start__ + SIZEOF (.log_dynamic_data))
                0x0000000000000000                __log_dynamic_data_size__ = SIZEOF (.log_dynamic_data)
                0x000000000002a548                __log_dynamic_data_load_end__ = (__log_dynamic_data_load_start__ + SIZEOF (.log_dynamic_data))
                0x0000000000000001                . = ASSERT (((__log_dynamic_data_load_start__ == __log_dynamic_data_load_end__) || ((__log_dynamic_data_load_end__ - __FLASH1_segment_start__) <= __FLASH1_segment_size__)), error: .log_dynamic_data is too large to fit in FLASH1 memory segment)

.log_dynamic_data_run
                0x00000000200018c8        0x0
                0x00000000200018c8                __log_dynamic_data_run_start__ = .
                0x00000000200018c8                __start_log_dynamic_data = __log_dynamic_data_run_start__
                0x00000000200018c8                . = MAX ((__log_dynamic_data_run_start__ + SIZEOF (.log_dynamic_data)), .)
                0x00000000200018c8                __log_dynamic_data_run_end__ = (__log_dynamic_data_run_start__ + SIZEOF (.log_dynamic_data_run))
                0x0000000000000000                __log_dynamic_data_run_size__ = SIZEOF (.log_dynamic_data_run)
                0x00000000200018c8                __stop_log_dynamic_data = __log_dynamic_data_run_end__
                0x00000000200018c8                __log_dynamic_data_run_load_end__ = __log_dynamic_data_run_end__
                0x0000000000000001                . = ASSERT (((__log_dynamic_data_run_start__ == __log_dynamic_data_run_end__) || ((__log_dynamic_data_run_end__ - __RAM1_segment_start__) <= __RAM1_segment_size__)), error: .log_dynamic_data_run is too large to fit in RAM1 memory segment)
                0x000000000002a548                __log_filter_data_load_start__ = ALIGN ((__log_dynamic_data_load_start__ + SIZEOF (.log_dynamic_data)), 0x4)

.log_filter_data
                0x00000000200018c8        0x0 load address 0x000000000002a548
                0x00000000200018c8                __log_filter_data_start__ = .
 *(SORT_BY_NAME(.log_filter_data*))
                0x00000000200018c8                __log_filter_data_end__ = (__log_filter_data_start__ + SIZEOF (.log_filter_data))
                0x0000000000000000                __log_filter_data_size__ = SIZEOF (.log_filter_data)
                0x000000000002a548                __log_filter_data_load_end__ = (__log_filter_data_load_start__ + SIZEOF (.log_filter_data))
                0x0000000000000001                . = ASSERT (((__log_filter_data_load_start__ == __log_filter_data_load_end__) || ((__log_filter_data_load_end__ - __FLASH1_segment_start__) <= __FLASH1_segment_size__)), error: .log_filter_data is too large to fit in FLASH1 memory segment)

.log_filter_data_run
                0x00000000200018c8        0x0
                0x00000000200018c8                __log_filter_data_run_start__ = .
                0x00000000200018c8                __start_log_filter_data = __log_filter_data_run_start__
                0x00000000200018c8                . = MAX ((__log_filter_data_run_start__ + SIZEOF (.log_filter_data)), .)
                0x00000000200018c8                __log_filter_data_run_end__ = (__log_filter_data_run_start__ + SIZEOF (.log_filter_data_run))
                0x0000000000000000                __log_filter_data_run_size__ = SIZEOF (.log_filter_data_run)
                0x00000000200018c8                __stop_log_filter_data = __log_filter_data_run_end__
                0x00000000200018c8                __log_filter_data_run_load_end__ = __log_filter_data_run_end__
                0x0000000000000001                . = ASSERT (((__log_filter_data_run_start__ == __log_filter_data_run_end__) || ((__log_filter_data_run_end__ - __RAM1_segment_start__) <= __RAM1_segment_size__)), error: .log_filter_data_run is too large to fit in RAM1 memory segment)
                0x00000000200018c8                __nrf_sections_run_end_load_start__ = ALIGN (__log_filter_data_run_end__, 0x4)

.nrf_sections_run_end
                0x00000000200018c8        0x0
                0x00000000200018c8                __nrf_sections_run_end_start__ = .
                0x00000000200018c8                __end_nrf_sections_run = __nrf_sections_run_end_start__
 *(.nrf_sections_run_end .nrf_sections_run_end.*)
                0x00000000200018c8                __nrf_sections_run_end_end__ = (__nrf_sections_run_end_start__ + SIZEOF (.nrf_sections_run_end))
                0x0000000000000000                __nrf_sections_run_end_size__ = SIZEOF (.nrf_sections_run_end)
                0x00000000200018c8                __nrf_sections_run_end_load_end__ = __nrf_sections_run_end_end__
                0x0000000000000001                . = ASSERT (((__nrf_sections_run_end_start__ == __nrf_sections_run_end_end__) || ((__nrf_sections_run_end_end__ - __RAM1_segment_start__) <= __RAM1_segment_size__)), error: .nrf_sections_run_end is too large to fit in RAM1 memory segment)
                0x000000000002a548                __dtors_load_start__ = ALIGN ((__log_filter_data_load_start__ + SIZEOF (.log_filter_data)), 0x4)

.dtors          0x000000000002a548        0x0
                0x000000000002a548                __dtors_start__ = .
 *(SORT_BY_NAME(.dtors.*))
 *(.dtors)
 *(.fini_array)
 *(SORT_BY_NAME(.fini_array.*))
                0x000000000002a548                __dtors_end__ = (__dtors_start__ + SIZEOF (.dtors))
                0x0000000000000000                __dtors_size__ = SIZEOF (.dtors)
                0x000000000002a548                __dtors_load_end__ = __dtors_end__
                0x0000000000000001                . = ASSERT (((__dtors_start__ == __dtors_end__) || ((__dtors_end__ - __FLASH1_segment_start__) <= __FLASH1_segment_size__)), error: .dtors is too large to fit in FLASH1 memory segment)
                0x000000000002a548                __ctors_load_start__ = ALIGN (__dtors_end__, 0x4)

.ctors          0x000000000002a548        0x0
                0x000000000002a548                __ctors_start__ = .
 *(SORT_BY_NAME(.ctors.*))
 *(.ctors)
 *(.init_array)
 *(SORT_BY_NAME(.init_array.*))
                0x000000000002a548                __ctors_end__ = (__ctors_start__ + SIZEOF (.ctors))
                0x0000000000000000                __ctors_size__ = SIZEOF (.ctors)
                0x000000000002a548                __ctors_load_end__ = __ctors_end__
                0x0000000000000001                . = ASSERT (((__ctors_start__ == __ctors_end__) || ((__ctors_end__ - __FLASH1_segment_start__) <= __FLASH1_segment_size__)), error: .ctors is too large to fit in FLASH1 memory segment)
                0x000000000002a548                __rodata_load_start__ = ALIGN (__ctors_end__, 0x4)

.rodata         0x000000000002a548      0xc20
                0x000000000002a548                __rodata_start__ = .
 *(.rodata .rodata.* .gnu.linkonce.r.*)
 .rodata        0x000000000002a548       0x20 Output/Release/Obj/ble_app_beacon_pca10040_s132/nrf_log_backend_uart.o
 .rodata.nrf_log_backend_uart_api
                0x000000000002a568        0xc Output/Release/Obj/ble_app_beacon_pca10040_s132/nrf_log_backend_uart.o
                0x000000000002a568                nrf_log_backend_uart_api
 .rodata.str1.1
                0x000000000002a574       0x11 Output/Release/Obj/ble_app_beacon_pca10040_s132/nrf_log_default_backends.o
 .rodata.nrf_log_frontend_dequeue.str1.1
                0x000000000002a585       0x11 Output/Release/Obj/ble_app_beacon_pca10040_s132/nrf_log_frontend.o
 .rodata.str1.1
                0x000000000002a596        0x4 Output/Release/Obj/ble_app_beacon_pca10040_s132/nrf_log_frontend.o
 *fill*         0x000000000002a59a        0x2 
 .rodata.m_log_push_ringbuf
                0x000000000002a59c        0xc Output/Release/Obj/ble_app_beacon_pca10040_s132/nrf_log_frontend.o
 .rodata.prefix_process.str1.1
                0x000000000002a5a8       0x32 Output/Release/Obj/ble_app_beacon_pca10040_s132/nrf_log_str_formatter.o
 .rodata.postfix_process.str1.1
                0x000000000002a5da       0x32 Output/Release/Obj/ble_app_beacon_pca10040_s132/nrf_log_str_formatter.o
                                          0x3 (size before relaxing)
 .rodata.nrf_log_hexdump_entry_process.str1.1
                0x000000000002a5da        0xf Output/Release/Obj/ble_app_beacon_pca10040_s132/nrf_log_str_formatter.o
                                         0x11 (size before relaxing)
 .rodata.str1.1
                0x000000000002a5e9       0x4b Output/Release/Obj/ble_app_beacon_pca10040_s132/nrf_log_str_formatter.o
                                         0x51 (size before relaxing)
 .rodata.m_colors
                0x000000000002a634       0x24 Output/Release/Obj/ble_app_beacon_pca10040_s132/nrf_log_str_formatter.o
 .rodata.severity_names
                0x000000000002a658       0x14 Output/Release/Obj/ble_app_beacon_pca10040_s132/nrf_log_str_formatter.o
 .rodata.str1.1
                0x000000000002a66c        0xb Output/Release/Obj/ble_app_beacon_pca10040_s132/app_button.o
 *fill*         0x000000000002a677        0x1 
 .rodata.m_detection_delay_timer_id
                0x000000000002a678        0x4 Output/Release/Obj/ble_app_beacon_pca10040_s132/app_button.o
 .rodata.app_error_fault_handler.str1.1
                0x000000000002a67c       0x19 Output/Release/Obj/ble_app_beacon_pca10040_s132/app_error_weak.o
 .rodata.str1.1
                0x000000000002a695        0xa Output/Release/Obj/ble_app_beacon_pca10040_s132/app_timer2.o
 *fill*         0x000000000002a69f        0x1 
 .rodata        0x000000000002a6a0        0x4 Output/Release/Obj/ble_app_beacon_pca10040_s132/app_timer2.o
 .rodata.m_app_timer_sortlist
                0x000000000002a6a4        0xc Output/Release/Obj/ble_app_beacon_pca10040_s132/app_timer2.o
 .rodata.drv_rtc_init.str1.1
                0x000000000002a6b0       0x34 Output/Release/Obj/ble_app_beacon_pca10040_s132/drv_rtc.o
 *fill*         0x000000000002a6e4        0xc 
 .rodata.delay_machine_code.0
                0x000000000002a6f0        0x6 Output/Release/Obj/ble_app_beacon_pca10040_s132/drv_rtc.o
 .rodata._aV2C.0
                0x000000000002a6f6       0x10 Output/Release/Obj/ble_app_beacon_pca10040_s132/nrf_fprintf_format.o
 .rodata.str1.1
                0x000000000002a706        0x9 Output/Release/Obj/ble_app_beacon_pca10040_s132/nrf_pwr_mgmt.o
 *fill*         0x000000000002a70f        0x1 
 .rodata.pwr_mgmt_data
                0x000000000002a710        0xc Output/Release/Obj/ble_app_beacon_pca10040_s132/nrf_pwr_mgmt.o
 .rodata.str1.1
                0x000000000002a71c        0x9 Output/Release/Obj/ble_app_beacon_pca10040_s132/nrf_sortlist.o
 .rodata.str1.1
                0x000000000002a725      0x3ba Output/Release/Obj/ble_app_beacon_pca10040_s132/nrf_strerror.o
 .rodata.m_unknown_str
                0x000000000002aadf       0x13 Output/Release/Obj/ble_app_beacon_pca10040_s132/nrf_strerror.o
 *fill*         0x000000000002aaf2        0x2 
 .rodata.nrf_strerror_array
                0x000000000002aaf4      0x128 Output/Release/Obj/ble_app_beacon_pca10040_s132/nrf_strerror.o
 .rodata.CSWTCH.15
                0x000000000002ac1c        0x5 Output/Release/Obj/ble_app_beacon_pca10040_s132/system_nrf52.o
 .rodata.CSWTCH.19
                0x000000000002ac21        0x5 Output/Release/Obj/ble_app_beacon_pca10040_s132/system_nrf52.o
 .rodata.CSWTCH.21
                0x000000000002ac26        0x5 Output/Release/Obj/ble_app_beacon_pca10040_s132/system_nrf52.o
 .rodata.CSWTCH.5
                0x000000000002ac2b        0x5 Output/Release/Obj/ble_app_beacon_pca10040_s132/system_nrf52.o
 .rodata.m_board_led_list
                0x000000000002ac30        0x4 Output/Release/Obj/ble_app_beacon_pca10040_s132/boards.o
 .rodata.str1.1
                0x000000000002ac34        0x6 Output/Release/Obj/ble_app_beacon_pca10040_s132/nrf_drv_clock.o
 .rodata.str1.1
                0x000000000002ac3a        0x6 Output/Release/Obj/ble_app_beacon_pca10040_s132/nrfx_clock.o
 .rodata.str1.1
                0x000000000002ac40        0x7 Output/Release/Obj/ble_app_beacon_pca10040_s132/nrfx_gpiote.o
 .rodata.str1.1
                0x000000000002ac47        0x4 Output/Release/Obj/ble_app_beacon_pca10040_s132/nrfx_prs.o
 .rodata.str1.1
                0x000000000002ac4b        0x5 Output/Release/Obj/ble_app_beacon_pca10040_s132/nrfx_uart.o
 .rodata.str1.1
                0x000000000002ac50        0x6 Output/Release/Obj/ble_app_beacon_pca10040_s132/nrfx_uarte.o
 *fill*         0x000000000002ac56        0x2 
 .rodata.app_buttons
                0x000000000002ac58       0x20 Output/Release/Obj/ble_app_beacon_pca10040_s132/bsp.o
 .rodata.m_bsp_alert_tmr
                0x000000000002ac78        0x4 Output/Release/Obj/ble_app_beacon_pca10040_s132/bsp.o
 .rodata.m_bsp_button_tmr
                0x000000000002ac7c        0x4 Output/Release/Obj/ble_app_beacon_pca10040_s132/bsp.o
 .rodata.m_bsp_leds_tmr
                0x000000000002ac80        0x4 Output/Release/Obj/ble_app_beacon_pca10040_s132/bsp.o
 .rodata.main.str1.1
                0x000000000002ac84       0x18 Output/Release/Obj/ble_app_beacon_pca10040_s132/main.o
 .rodata.str1.1
                0x000000000002ac9c        0x8 Output/Release/Obj/ble_app_beacon_pca10040_s132/nrf_sdh.o
 .rodata        0x000000000002aca4        0x4 Output/Release/Obj/ble_app_beacon_pca10040_s132/nrf_sdh.o
 .rodata.sdh_req_observers
                0x000000000002aca8        0xc Output/Release/Obj/ble_app_beacon_pca10040_s132/nrf_sdh.o
 .rodata.sdh_stack_observers
                0x000000000002acb4        0xc Output/Release/Obj/ble_app_beacon_pca10040_s132/nrf_sdh.o
 .rodata.sdh_state_observers
                0x000000000002acc0        0xc Output/Release/Obj/ble_app_beacon_pca10040_s132/nrf_sdh.o
 .rodata.nrf_sdh_ble_default_cfg_set.str1.1
                0x000000000002accc      0x182 Output/Release/Obj/ble_app_beacon_pca10040_s132/nrf_sdh_ble.o
 .rodata.nrf_sdh_ble_enable.str1.1
                0x000000000002ae4e       0xa7 Output/Release/Obj/ble_app_beacon_pca10040_s132/nrf_sdh_ble.o
 .rodata.str1.1
                0x000000000002aef5        0xc Output/Release/Obj/ble_app_beacon_pca10040_s132/nrf_sdh_ble.o
 *fill*         0x000000000002af01        0x3 
 .rodata.sdh_ble_observers
                0x000000000002af04        0xc Output/Release/Obj/ble_app_beacon_pca10040_s132/nrf_sdh_ble.o
 .rodata.str1.1
                0x000000000002af10        0xc Output/Release/Obj/ble_app_beacon_pca10040_s132/nrf_sdh_soc.o
 .rodata.sdh_soc_observers
                0x000000000002af1c        0xc Output/Release/Obj/ble_app_beacon_pca10040_s132/nrf_sdh_soc.o
 .rodata.libc.__RAL_find_locale.str1.4
                0x000000000002af28        0xa C:/Program Files/SEGGER/SEGGER Embedded Studio for ARM 5.40c/lib/libc_v7em_fpv4_sp_d16_hard_t_le_eabi.a(libc2.o)
 *fill*         0x000000000002af32        0x2 
 .rodata.libc.__RAL_ascii_ctype_map
                0x000000000002af34       0x80 C:/Program Files/SEGGER/SEGGER Embedded Studio for ARM 5.40c/lib/libc_v7em_fpv4_sp_d16_hard_t_le_eabi.a(libc2.o)
                0x000000000002af34                __RAL_ascii_ctype_map
 .rodata.libc.__RAL_ascii_ctype_mask
                0x000000000002afb4        0xd C:/Program Files/SEGGER/SEGGER Embedded Studio for ARM 5.40c/lib/libc_v7em_fpv4_sp_d16_hard_t_le_eabi.a(libc2.o)
 *fill*         0x000000000002afc1        0x3 
 .rodata.libc.__RAL_c_locale
                0x000000000002afc4        0xc C:/Program Files/SEGGER/SEGGER Embedded Studio for ARM 5.40c/lib/libc_v7em_fpv4_sp_d16_hard_t_le_eabi.a(libc2.o)
                0x000000000002afc4                __RAL_c_locale
 .rodata.libc.__RAL_c_locale_abbrev_day_names
                0x000000000002afd0       0x1d C:/Program Files/SEGGER/SEGGER Embedded Studio for ARM 5.40c/lib/libc_v7em_fpv4_sp_d16_hard_t_le_eabi.a(libc2.o)
                0x000000000002afd0                __RAL_c_locale_abbrev_day_names
 *fill*         0x000000000002afed        0x3 
 .rodata.libc.__RAL_c_locale_abbrev_month_names
                0x000000000002aff0       0x31 C:/Program Files/SEGGER/SEGGER Embedded Studio for ARM 5.40c/lib/libc_v7em_fpv4_sp_d16_hard_t_le_eabi.a(libc2.o)
                0x000000000002aff0                __RAL_c_locale_abbrev_month_names
 *fill*         0x000000000002b021        0x3 
 .rodata.libc.__RAL_c_locale_am_pm_indicator
                0x000000000002b024        0x7 C:/Program Files/SEGGER/SEGGER Embedded Studio for ARM 5.40c/lib/libc_v7em_fpv4_sp_d16_hard_t_le_eabi.a(libc2.o)
                0x000000000002b024                __RAL_c_locale_am_pm_indicator
 *fill*         0x000000000002b02b        0x1 
 .rodata.libc.__RAL_c_locale_data
                0x000000000002b02c       0x58 C:/Program Files/SEGGER/SEGGER Embedded Studio for ARM 5.40c/lib/libc_v7em_fpv4_sp_d16_hard_t_le_eabi.a(libc2.o)
                0x000000000002b02c                __RAL_c_locale_data
 .rodata.libc.__RAL_c_locale_date_format
                0x000000000002b084        0x9 C:/Program Files/SEGGER/SEGGER Embedded Studio for ARM 5.40c/lib/libc_v7em_fpv4_sp_d16_hard_t_le_eabi.a(libc2.o)
                0x000000000002b084                __RAL_c_locale_date_format
 *fill*         0x000000000002b08d        0x3 
 .rodata.libc.__RAL_c_locale_date_time_format
                0x000000000002b090        0xf C:/Program Files/SEGGER/SEGGER Embedded Studio for ARM 5.40c/lib/libc_v7em_fpv4_sp_d16_hard_t_le_eabi.a(libc2.o)
                0x000000000002b090                __RAL_c_locale_date_time_format
 *fill*         0x000000000002b09f        0x1 
 .rodata.libc.__RAL_c_locale_day_names
                0x000000000002b0a0       0x3a C:/Program Files/SEGGER/SEGGER Embedded Studio for ARM 5.40c/lib/libc_v7em_fpv4_sp_d16_hard_t_le_eabi.a(libc2.o)
                0x000000000002b0a0                __RAL_c_locale_day_names
 *fill*         0x000000000002b0da        0x2 
 .rodata.libc.__RAL_c_locale_month_names
                0x000000000002b0dc       0x57 C:/Program Files/SEGGER/SEGGER Embedded Studio for ARM 5.40c/lib/libc_v7em_fpv4_sp_d16_hard_t_le_eabi.a(libc2.o)
                0x000000000002b0dc                __RAL_c_locale_month_names
 *fill*         0x000000000002b133        0x1 
 .rodata.libc.__RAL_c_locale_time_format
                0x000000000002b134        0x9 C:/Program Files/SEGGER/SEGGER Embedded Studio for ARM 5.40c/lib/libc_v7em_fpv4_sp_d16_hard_t_le_eabi.a(libc2.o)
                0x000000000002b134                __RAL_c_locale_time_format
 *fill*         0x000000000002b13d        0x3 
 .rodata.libc.__RAL_codeset_ascii
                0x000000000002b140       0x20 C:/Program Files/SEGGER/SEGGER Embedded Studio for ARM 5.40c/lib/libc_v7em_fpv4_sp_d16_hard_t_le_eabi.a(libc2.o)
                0x000000000002b140                __RAL_codeset_ascii
 .rodata.libc.__RAL_data_empty_string
                0x000000000002b160        0x1 C:/Program Files/SEGGER/SEGGER Embedded Studio for ARM 5.40c/lib/libc_v7em_fpv4_sp_d16_hard_t_le_eabi.a(libc2.o)
                0x000000000002b160                __RAL_data_empty_string
 *fill*         0x000000000002b161        0x3 
 .rodata.libc.__RAL_data_utf8_period
                0x000000000002b164        0x2 C:/Program Files/SEGGER/SEGGER Embedded Studio for ARM 5.40c/lib/libc_v7em_fpv4_sp_d16_hard_t_le_eabi.a(libc2.o)
                0x000000000002b164                __RAL_data_utf8_period
                0x000000000002b168                . = ALIGN (MAX ((__rodata_start__ + 0x4), .), 0x4)
 *fill*         0x000000000002b166        0x2 
                0x000000000002b168                __rodata_end__ = (__rodata_start__ + SIZEOF (.rodata))
                0x0000000000000c20                __rodata_size__ = SIZEOF (.rodata)
                0x000000000002b168                __rodata_load_end__ = __rodata_end__

.rel.dyn        0x000000000002b168        0x0
 .rel.iplt      0x000000000002b168        0x0 Output/Release/Obj/ble_app_beacon_pca10040_s132/thumb_crt0.o
                0x0000000000000001                . = ASSERT (((__rodata_start__ == __rodata_end__) || ((__rodata_end__ - __FLASH1_segment_start__) <= __FLASH1_segment_size__)), error: .rodata is too large to fit in FLASH1 memory segment)
                0x000000000002b168                __ARM.exidx_load_start__ = ALIGN (__rodata_end__, 0x4)

.ARM.exidx      0x000000000002b168        0x0
                0x000000000002b168                __ARM.exidx_start__ = .
                0x000000000002b168                __exidx_start = __ARM.exidx_start__
 *(.ARM.exidx .ARM.exidx.*)
                0x000000000002b168                __ARM.exidx_end__ = (__ARM.exidx_start__ + SIZEOF (.ARM.exidx))
                0x0000000000000000                __ARM.exidx_size__ = SIZEOF (.ARM.exidx)
                0x000000000002b168                __exidx_end = __ARM.exidx_end__